69.162.139.200 - - [25/Apr/2013:09:03:26 +0200] "GET /podcasts-out/?podcastname=Best_Of_The_Bets_Show HTTP/1.0" 200 8814 "-" "Mozilla/5.0 (Windows; U; Windows NT 5.0; en-US; rv:1.8.2.7) Gecko/20071228 Firefox/2.0.1.4"
188.165.228.9 - - [25/Apr/2013:09:11:47 +0200] "-" 400 0 "-" "-"
188.165.228.9 - - [25/Apr/2013:09:11:47 +0200] "GET / HTTP/1.0" 403 168 "-" "-"
86.171.211.234 - - [25/Apr/2013:09:26:07 +0200] "GET /podcasts-out/?podcastname=Best_Of_The_Bets_Show HTTP/1.1" 200 8834 "-" "iTunes/11.0.2 (Windows; Microsoft Windows 7 x64 Home Premium Edition Service Pack 1 (Build 7601)) AppleWebKit/536.27.1"
17.154.84.41 - - [25/Apr/2013:10:02:56 +0200] "HEAD /podcasts-out/?podcastname=Best_Of_The_Bets_Show HTTP/1.1" 200 0 "-" "iTMS"
17.154.84.41 - - [25/Apr/2013:10:02:56 +0200] "HEAD /podcasts-out/?podcastname=Best_Of_The_Bets_Show HTTP/1.1" 200 0 "-" "iTMS"
17.154.84.40 - - [25/Apr/2013:10:02:56 +0200] "GET /podcasts-out/?podcastname=Best_Of_The_Bets_Show HTTP/1.1" 200 8834 "-" "iTMS"
17.154.84.35 - - [25/Apr/2013:10:02:56 +0200] "GET /podcasts-out/?podcastname=Best_Of_The_Bets_Show HTTP/1.1" 200 8834 "-" "Jakarta Commons-HttpClient/3.0"
176.27.234.146 - - [25/Apr/2013:10:30:23 +0200] "GET /podcasts-out/?podcastname=Best_Of_The_Bets_Show HTTP/1.1" 200 8834 "-" "iTunes/10.7 Downcast/2.8.2.2001"
188.165.228.9 - - [25/Apr/2013:10:52:10 +0200] "-" 400 0 "-" "-"
188.165.228.9 - - [25/Apr/2013:10:52:11 +0200] "GET / HTTP/1.0" 403 168 "-" "-"
31.53.4.24 - - [25/Apr/2013:11:00:22 +0200] "GET /podcasts-out/?podcastname=Best_Of_The_Bets_Show HTTP/1.1" 200 8834 "-" "iTunes/11.0.2 (Windows; Microsoft Windows 7 x64 Home Premium Edition Service Pack 1 (Build 7601)) AppleWebKit/536.27.1"
17.154.84.42 - - [25/Apr/2013:11:16:21 +0200] "HEAD /podcasts-out/?podcastname=Best_Of_The_Bets_Show HTTP/1.1" 200 0 "-" "iTMS"
17.154.84.42 - - [25/Apr/2013:11:16:21 +0200] "HEAD /podcasts-out/?podcastname=Best_Of_The_Bets_Show HTTP/1.1" 200 0 "-" "iTMS"
17.154.84.42 - - [25/Apr/2013:11:16:21 +0200] "GET /podcasts-out/?podcastname=Best_Of_The_Bets_Show HTTP/1.1" 200 8834 "-" "iTMS"
17.154.84.35 - - [25/Apr/2013:11:16:21 +0200] "GET /podcasts-out/?podcastname=Best_Of_The_Bets_Show HTTP/1.1" 200 8834 "-" "Jakarta Commons-HttpClient/3.0"
62.232.114.202 - - [25/Apr/2013:11:32:07 +0200] "GET /podcasts-out/?podcastname=Best_Of_The_Bets_Show HTTP/1.1" 200 8834 "-" "iTunes/11.0.2 (Windows; Microsoft Windows 8 x64 Home Premium Edition (Build 9200)) AppleWebKit/536.27.1"
17.154.84.42 - - [25/Apr/2013:12:24:04 +0200] "HEAD /podcasts-out/?podcastname=Best_Of_The_Bets_Show HTTP/1.1" 200 0 "-" "iTMS"
17.154.84.40 - - [25/Apr/2013:12:24:04 +0200] "HEAD /podcasts-out/?podcastname=Best_Of_The_Bets_Show HTTP/1.1" 200 0 "-" "iTMS"
17.154.84.42 - - [25/Apr/2013:12:24:04 +0200] "GET /podcasts-out/?podcastname=Best_Of_The_Bets_Show HTTP/1.1" 200 8834 "-" "iTMS"
17.154.84.38 - - [25/Apr/2013:12:24:05 +0200] "GET /podcasts-out/?podcastname=Best_Of_The_Bets_Show HTTP/1.1" 200 8834 "-" "Jakarta Commons-HttpClient/3.0"
92.8.29.148 - - [25/Apr/2013:12:29:16 +0200] "GET /podcasts-out/?podcastname=Best_Of_The_Bets_Show HTTP/1.1" 200 8834 "-" "Podcasts/1.2.1"
92.8.29.148 - - [25/Apr/2013:12:29:53 +0200] "GET /podcasts-out/?podcastname=Best_Of_The_Bets_Show HTTP/1.1" 200 8834 "-" "iTunes-iPhone/5.1.1 (4; 8GB; dt:27)"
31.53.4.24 - - [25/Apr/2013:13:25:20 +0200] "GET /podcasts-out/?podcastname=Best_Of_The_Bets_Show HTTP/1.1" 200 8834 "-" "iTunes/11.0.2 (Windows; Microsoft Windows 7 x64 Home Premium Edition Service Pack 1 (Build 7601)) AppleWebKit/536.27.1"
17.154.84.40 - - [25/Apr/2013:13:28:00 +0200] "HEAD /podcasts-out/?podcastname=Best_Of_The_Bets_Show HTTP/1.1" 200 0 "-" "iTMS"
17.154.84.41 - - [25/Apr/2013:13:28:00 +0200] "HEAD /podcasts-out/?podcastname=Best_Of_The_Bets_Show HTTP/1.1" 200 0 "-" "iTMS"
17.154.84.39 - - [25/Apr/2013:13:28:00 +0200] "GET /podcasts-out/?podcastname=Best_Of_The_Bets_Show HTTP/1.1" 200 8834 "-" "iTMS"
17.154.84.36 - - [25/Apr/2013:13:28:01 +0200] "GET /podcasts-out/?podcastname=Best_Of_The_Bets_Show HTTP/1.1" 200 8834 "-" "Jakarta Commons-HttpClient/3.0"
86.148.190.37 - - [25/Apr/2013:13:32:20 +0200] "GET /podcasts-out/?podcastname=Best_Of_The_Bets_Show HTTP/1.1" 200 8834 "-" "Podcasts/1.2.1"
81.151.108.238 - - [25/Apr/2013:14:20:15 +0200] "GET /podcasts-out/?podcastname=Best_Of_The_Bets_Show HTTP/1.1" 200 8834 "-" "iTunes/11.0 (Windows; Microsoft Windows 7 x64 Home Premium Edition Service Pack 1 (Build 7601)) AppleWebKit/536.27.1"
17.154.84.39 - - [25/Apr/2013:14:45:29 +0200] "HEAD /podcasts-out/?podcastname=Best_Of_The_Bets_Show HTTP/1.1" 200 0 "-" "iTMS"
17.154.84.42 - - [25/Apr/2013:14:45:29 +0200] "HEAD /podcasts-out/?podcastname=Best_Of_The_Bets_Show HTTP/1.1" 200 0 "-" "iTMS"
17.154.84.42 - - [25/Apr/2013:14:45:30 +0200] "GET /podcasts-out/?podcastname=Best_Of_The_Bets_Show HTTP/1.1" 200 8834 "-" "iTMS"
17.154.84.38 - - [25/Apr/2013:14:45:30 +0200] "GET /podcasts-out/?podcastname=Best_Of_The_Bets_Show HTTP/1.1" 200 8834 "-" "Jakarta Commons-HttpClient/3.0"
188.165.228.9 - - [25/Apr/2013:15:03:08 +0200] "-" 400 0 "-" "-"
188.165.228.9 - - [25/Apr/2013:15:03:08 +0200] "GET / HTTP/1.0" 403 168 "-" "-"
81.151.108.238 - - [25/Apr/2013:15:20:15 +0200] "GET /podcasts-out/?podcastname=Best_Of_The_Bets_Show HTTP/1.1" 200 8834 "-" "iTunes/11.0 (Windows; Microsoft Windows 7 x64 Home Premium Edition Service Pack 1 (Build 7601)) AppleWebKit/536.27.1"
151.226.228.177 - - [25/Apr/2013:15:31:07 +0200] "GET /podcasts-out/?podcastname=Best_Of_The_Bets_Show HTTP/1.1" 200 8834 "-" "iTunes/11.0.2 (Windows; Microsoft Windows 7 x64 Home Premium Edition Service Pack 1 (Build 7601)) AppleWebKit/536.27.1"
17.154.84.40 - - [25/Apr/2013:15:46:48 +0200] "HEAD /podcasts-out/?podcastname=Best_Of_The_Bets_Show HTTP/1.1" 200 0 "-" "iTMS"
17.154.84.41 - - [25/Apr/2013:15:46:48 +0200] "HEAD /podcasts-out/?podcastname=Best_Of_The_Bets_Show HTTP/1.1" 200 0 "-" "iTMS"
17.154.84.42 - - [25/Apr/2013:15:46:48 +0200] "GET /podcasts-out/?podcastname=Best_Of_The_Bets_Show HTTP/1.1" 200 8834 "-" "iTMS"
17.154.84.35 - - [25/Apr/2013:15:46:49 +0200] "GET /podcasts-out/?podcastname=Best_Of_The_Bets_Show HTTP/1.1" 200 8834 "-" "Jakarta Commons-HttpClient/3.0"
81.151.108.238 - - [25/Apr/2013:16:20:17 +0200] "GET /podcasts-out/?podcastname=Best_Of_The_Bets_Show HTTP/1.1" 200 8834 "-" "iTunes/11.0 (Windows; Microsoft Windows 7 x64 Home Premium Edition Service Pack 1 (Build 7601)) AppleWebKit/536.27.1"
206.45.184.219 - - [25/Apr/2013:16:44:18 +0200] "GET /podcast.php HTTP/1.1" 301 5 "-" "Podkicker/1.2.4"
206.45.184.219 - - [25/Apr/2013:16:44:18 +0200] "GET /podcasts-out/?podcastname=Best_Of_The_Bets_Show HTTP/1.1" 200 8834 "-" "Podkicker/1.2.4"
17.154.84.40 - - [25/Apr/2013:16:59:23 +0200] "HEAD /podcasts-out/?podcastname=Best_Of_The_Bets_Show HTTP/1.1" 200 0 "-" "iTMS"
17.154.84.41 - - [25/Apr/2013:16:59:24 +0200] "HEAD /podcasts-out/?podcastname=Best_Of_The_Bets_Show HTTP/1.1" 200 0 "-" "iTMS"
17.154.84.41 - - [25/Apr/2013:16:59:24 +0200] "GET /podcasts-out/?podcastname=Best_Of_The_Bets_Show HTTP/1.1" 200 8834 "-" "iTMS"
17.154.84.36 - - [25/Apr/2013:16:59:24 +0200] "GET /podcasts-out/?podcastname=Best_Of_The_Bets_Show HTTP/1.1" 200 8834 "-" "Jakarta Commons-HttpClient/3.0"
62.232.114.202 - - [25/Apr/2013:17:13:42 +0200] "GET /podcast-img-flags/imgrender.php?podcast_id=2&percent_width=10 HTTP/1.1" 302 5 "-" "Mozilla/5.0 (Windows NT 5.1) AppleWebKit/534.24 (KHTML, like Gecko) Chrome/11.0.696.57 Safari/534.24"
62.232.114.202 - - [25/Apr/2013:17:13:42 +0200] "GET /podcast-img-flags/imgrender.php?podcast_id=2&percent_width=20 HTTP/1.1" 302 5 "-" "Mozilla/5.0 (Windows NT 5.1) AppleWebKit/534.24 (KHTML, like Gecko) Chrome/11.0.696.57 Safari/534.24"
62.232.114.202 - - [25/Apr/2013:17:19:30 +0200] "GET /podcast-img-flags/imgrender.php?podcast_id=2&percent_width=10 HTTP/1.1" 302 5 "-" "Mozilla/5.0 (Windows NT 6.1; WOW64; rv:20.0) Gecko/20100101 Firefox/20.0"
62.232.114.202 - - [25/Apr/2013:17:19:30 +0200] "GET /podcast-img-flags/imgrender.php?podcast_id=2&percent_width=20 HTTP/1.1" 302 5 "-" "Mozilla/5.0 (Windows NT 6.1; WOW64; rv:20.0) Gecko/20100101 Firefox/20.0"
81.151.108.238 - - [25/Apr/2013:17:20:17 +0200] "GET /podcasts-out/?podcastname=Best_Of_The_Bets_Show HTTP/1.1" 200 8834 "-" "iTunes/11.0 (Windows; Microsoft Windows 7 x64 Home Premium Edition Service Pack 1 (Build 7601)) AppleWebKit/536.27.1"
62.232.114.202 - - [25/Apr/2013:17:21:33 +0200] "GET /podcast-img-flags/imgrender.php?podcast_id=2&percent_width=20 HTTP/1.1" 302 5 "-" "Mozilla/5.0 (Windows NT 6.1; WOW64) AppleWebKit/537.31 (KHTML, like Gecko) Chrome/26.0.1410.64 Safari/537.31"
62.232.114.202 - - [25/Apr/2013:17:21:33 +0200] "GET /podcast-img-flags/imgrender.php?podcast_id=2&percent_width=10 HTTP/1.1" 302 5 "-" "Mozilla/5.0 (Windows NT 6.1; WOW64) AppleWebKit/537.31 (KHTML, like Gecko) Chrome/26.0.1410.64 Safari/537.31"
62.232.114.202 - - [25/Apr/2013:17:21:45 +0200] "-" 400 0 "-" "-"
82.14.231.131 - - [25/Apr/2013:17:36:59 +0200] "GET /podcasts-out/?podcastname=Best_Of_The_Bets_Show HTTP/1.1" 200 10182 "-" "iTunes/11.0.2 (Windows; Microsoft Windows 7 x64 Home Premium Edition Service Pack 1 (Build 7601)) AppleWebKit/536.27.1"
2.103.2.61 - - [25/Apr/2013:18:04:02 +0200] "GET /podcasts-out/?podcastname=Best_Of_The_Bets_Show HTTP/1.1" 200 10182 "-" "iTunes/11.0.2 (Windows; Microsoft Windows Vista Home Premium Edition Service Pack 2 (Build 6002)) AppleWebKit/536.27.1"
17.154.84.42 - - [25/Apr/2013:18:05:02 +0200] "HEAD /podcasts-out/?podcastname=Best_Of_The_Bets_Show HTTP/1.1" 200 0 "-" "iTMS"
17.154.84.42 - - [25/Apr/2013:18:05:02 +0200] "HEAD /podcasts-out/?podcastname=Best_Of_The_Bets_Show HTTP/1.1" 200 0 "-" "iTMS"
17.154.84.41 - - [25/Apr/2013:18:05:02 +0200] "GET /podcasts-out/?podcastname=Best_Of_The_Bets_Show HTTP/1.1" 200 10182 "-" "iTMS"
17.154.84.35 - - [25/Apr/2013:18:05:03 +0200] "GET /podcasts-out/?podcastname=Best_Of_The_Bets_Show HTTP/1.1" 200 10182 "-" "Jakarta Commons-HttpClient/3.0"
2.248.152.242 - - [25/Apr/2013:18:12:25 +0200] "GET /podcasts-out/?podcastname=Best_Of_The_Bets_Show HTTP/1.1" 200 10182 "-" "iTunes/11.0.2 (Macintosh; OS X 10.7.5) AppleWebKit/534.57.7"
176.27.234.146 - - [25/Apr/2013:18:14:13 +0200] "GET /podcasts-out/?podcastname=Best_Of_The_Bets_Show HTTP/1.1" 200 10182 "-" "iTunes/10.7 Downcast/2.8.2.2001"
2.248.152.242 - - [25/Apr/2013:18:28:11 +0200] "GET /podcasts-out/?podcastname=Best_Of_The_Bets_Show HTTP/1.1" 200 10182 "-" "iTunes/11.0.2 (Macintosh; OS X 10.7.5) AppleWebKit/534.57.7"
17.154.84.40 - - [25/Apr/2013:19:06:02 +0200] "HEAD /podcasts-out/?podcastname=Best_Of_The_Bets_Show HTTP/1.1" 200 0 "-" "iTMS"
17.154.84.42 - - [25/Apr/2013:19:06:02 +0200] "HEAD /podcasts-out/?podcastname=Best_Of_The_Bets_Show HTTP/1.1" 200 0 "-" "iTMS"
17.154.84.42 - - [25/Apr/2013:19:06:02 +0200] "GET /podcasts-out/?podcastname=Best_Of_The_Bets_Show HTTP/1.1" 200 10182 "-" "iTMS"
17.154.84.37 - - [25/Apr/2013:19:06:03 +0200] "GET /podcasts-out/?podcastname=Best_Of_The_Bets_Show HTTP/1.1" 200 10182 "-" "Jakarta Commons-HttpClient/3.0"
2.248.152.242 - - [25/Apr/2013:19:15:54 +0200] "GET /podcasts-out/?podcastname=Best_Of_The_Bets_Show HTTP/1.1" 200 10182 "-" "iTunes/11.0.2 (Macintosh; OS X 10.7.5) AppleWebKit/534.57.7"
157.55.35.87 - - [25/Apr/2013:19:19:26 +0200] "GET /robots.txt HTTP/1.1" 404 168 "-" "Mozilla/5.0 (compatible; bingbot/2.0; +http://www.bing.com/bingbot.htm)"
213.219.161.154 - - [25/Apr/2013:19:55:18 +0200] "GET /podcast.php HTTP/1.1" 301 5 "-" "iTunes/11.0.2 (Windows; Microsoft Windows 7 x64 Home Premium Edition Service Pack 1 (Build 7601)) AppleWebKit/536.27.1"
213.219.161.154 - - [25/Apr/2013:19:55:19 +0200] "GET /podcasts-out/?podcastname=Best_Of_The_Bets_Show HTTP/1.1" 200 10182 "-" "iTunes/11.0.2 (Windows; Microsoft Windows 7 x64 Home Premium Edition Service Pack 1 (Build 7601)) AppleWebKit/536.27.1"
2.248.152.242 - - [25/Apr/2013:20:15:54 +0200] "GET /podcasts-out/?podcastname=Best_Of_The_Bets_Show HTTP/1.1" 200 10182 "-" "iTunes/11.0.2 (Macintosh; OS X 10.7.5) AppleWebKit/534.57.7"
206.45.184.219 - - [25/Apr/2013:20:23:37 +0200] "GET /podcast.php HTTP/1.1" 301 5 "-" "Podkicker/1.2.4"
206.45.184.219 - - [25/Apr/2013:20:23:37 +0200] "GET /podcasts-out/?podcastname=Best_Of_The_Bets_Show HTTP/1.1" 200 10182 "-" "Podkicker/1.2.4"
2.223.63.103 - - [25/Apr/2013:20:31:24 +0200] "GET /podcasts-out/?podcastname=Best_Of_The_Bets_Show HTTP/1.1" 200 10182 "-" "iTunes/11.0.2 (Windows; Microsoft Windows 7 x64 Home Premium Edition Service Pack 1 (Build 7601)) AppleWebKit/536.27.1"
17.154.84.39 - - [25/Apr/2013:20:31:43 +0200] "HEAD /podcasts-out/?podcastname=Best_Of_The_Bets_Show HTTP/1.1" 200 0 "-" "iTMS"
17.154.84.42 - - [25/Apr/2013:20:31:43 +0200] "HEAD /podcasts-out/?podcastname=Best_Of_The_Bets_Show HTTP/1.1" 200 0 "-" "iTMS"
17.154.84.40 - - [25/Apr/2013:20:31:43 +0200] "GET /podcasts-out/?podcastname=Best_Of_The_Bets_Show HTTP/1.1" 200 10182 "-" "iTMS"
17.154.84.38 - - [25/Apr/2013:20:31:44 +0200] "GET /podcasts-out/?podcastname=Best_Of_The_Bets_Show HTTP/1.1" 200 10182 "-" "Jakarta Commons-HttpClient/3.0"
31.53.4.24 - - [25/Apr/2013:20:36:23 +0200] "GET /podcasts-out/?podcastname=Best_Of_The_Bets_Show HTTP/1.1" 200 10182 "-" "iTunes/11.0.2 (Windows; Microsoft Windows 7 x64 Home Premium Edition Service Pack 1 (Build 7601)) AppleWebKit/536.27.1"
2.248.152.242 - - [25/Apr/2013:20:51:34 +0200] "GET /podcasts-out/?podcastname=Best_Of_The_Bets_Show HTTP/1.1" 200 10182 "-" "iTunes/11.0.2 (Macintosh; OS X 10.7.5) AppleWebKit/534.57.7"
2.248.152.242 - - [25/Apr/2013:20:51:35 +0200] "GET /podcasts-out/?podcastname=Best_Of_The_Bets_Show HTTP/1.1" 200 10182 "-" "iTunes/11.0.2 (Macintosh; OS X 10.7.5) AppleWebKit/534.57.7"
2.248.152.242 - - [25/Apr/2013:20:51:37 +0200] "GET /podcasts-out/?podcastname=Best_Of_The_Bets_Show HTTP/1.1" 200 10182 "-" "iTunes/11.0.2 (Macintosh; OS X 10.7.5) AppleWebKit/534.57.7"
2.248.152.242 - - [25/Apr/2013:20:51:37 +0200] "GET /podcasts-out/?podcastname=Best_Of_The_Bets_Show HTTP/1.1" 200 10182 "-" "iTunes/11.0.2 (Macintosh; OS X 10.7.5) AppleWebKit/534.57.7"
109.163.227.107 - - [25/Apr/2013:21:14:32 +0200] "GET /w00tw00t.at.ISC.SANS.DFind:) HTTP/1.1" 400 172 "-" "-"
178.154.212.246 - - [25/Apr/2013:21:14:50 +0200] "GET /robots.txt HTTP/1.1" 404 168 "-" "Mozilla/5.0 (compatible; YandexMedia/3.0; +http://yandex.com/bots)"
2.248.152.242 - - [25/Apr/2013:21:15:54 +0200] "GET /podcasts-out/?podcastname=Best_Of_The_Bets_Show HTTP/1.1" 200 10182 "-" "iTunes/11.0.2 (Macintosh; OS X 10.7.5) AppleWebKit/534.57.7"
17.154.84.40 - - [25/Apr/2013:21:33:32 +0200] "HEAD /podcasts-out/?podcastname=Best_Of_The_Bets_Show HTTP/1.1" 200 0 "-" "iTMS"
17.154.84.42 - - [25/Apr/2013:21:33:32 +0200] "HEAD /podcasts-out/?podcastname=Best_Of_The_Bets_Show HTTP/1.1" 200 0 "-" "iTMS"
17.154.84.40 - - [25/Apr/2013:21:33:32 +0200] "GET /podcasts-out/?podcastname=Best_Of_The_Bets_Show HTTP/1.1" 200 10182 "-" "iTMS"
17.154.84.37 - - [25/Apr/2013:21:33:32 +0200] "GET /podcasts-out/?podcastname=Best_Of_The_Bets_Show HTTP/1.1" 200 10182 "-" "Jakarta Commons-HttpClient/3.0"
92.238.111.89 - - [25/Apr/2013:21:48:53 +0200] "GET /podcasts-out/?podcastname=Best_Of_The_Bets_Show HTTP/1.1" 200 10182 "-" "iTunes/11.0 (Windows; Microsoft Windows 7 x64 Home Premium Edition Service Pack 1 (Build 7601)) AppleWebKit/536.27.1"
5.65.133.85 - - [25/Apr/2013:22:13:01 +0200] "GET /podcasts-out/?podcastname=Best_Of_The_Bets_Show HTTP/1.1" 200 10182 "-" "Podcasts/1.2.1"
178.218.211.118 - - [25/Apr/2013:22:14:11 +0200] "GET /index.php?-s HTTP/1.1" 404 27 "-" "Mozilla/5.0"
17.154.84.41 - - [25/Apr/2013:22:35:01 +0200] "HEAD /podcasts-out/?podcastname=Best_Of_The_Bets_Show HTTP/1.1" 200 0 "-" "iTMS"
17.154.84.41 - - [25/Apr/2013:22:35:01 +0200] "HEAD /podcasts-out/?podcastname=Best_Of_The_Bets_Show HTTP/1.1" 200 0 "-" "iTMS"
17.154.84.41 - - [25/Apr/2013:22:35:02 +0200] "GET /podcasts-out/?podcastname=Best_Of_The_Bets_Show HTTP/1.1" 200 10182 "-" "iTMS"
17.154.84.37 - - [25/Apr/2013:22:35:02 +0200] "GET /podcasts-out/?podcastname=Best_Of_The_Bets_Show HTTP/1.1" 200 10182 "-" "Jakarta Commons-HttpClient/3.0"
92.238.111.89 - - [25/Apr/2013:22:49:31 +0200] "GET /podcasts-out/?podcastname=Best_Of_The_Bets_Show HTTP/1.1" 200 10182 "-" "iTunes/11.0 (Windows; Microsoft Windows 7 x64 Home Premium Edition Service Pack 1 (Build 7601)) AppleWebKit/536.27.1"
86.148.190.37 - - [25/Apr/2013:22:51:27 +0200] "GET /podcasts-out/?podcastname=Best_Of_The_Bets_Show HTTP/1.1" 200 10182 "-" "Podcasts/1.2.1"
86.148.190.37 - - [25/Apr/2013:22:51:35 +0200] "GET /podcasts-out/?podcastname=Best_Of_The_Bets_Show HTTP/1.1" 200 10182 "-" "Podcasts/1.2.1"
109.163.227.107 - - [25/Apr/2013:23:17:52 +0200] "GET /phpmyadmin/main.php HTTP/1.0" 404 16 "-" "-"
109.163.227.107 - - [25/Apr/2013:23:17:52 +0200] "GET /mysql/main.php HTTP/1.0" 404 16 "-" "-"
109.163.227.107 - - [25/Apr/2013:23:17:53 +0200] "GET /myadmin/main.php HTTP/1.0" 404 16 "-" "-"
109.163.227.107 - - [25/Apr/2013:23:17:53 +0200] "GET /phpMyAdmin/main.php HTTP/1.0" 404 16 "-" "-"
109.163.227.107 - - [25/Apr/2013:23:17:53 +0200] "GET /PMA/main.php HTTP/1.0" 404 16 "-" "-"
109.163.227.107 - - [25/Apr/2013:23:17:53 +0200] "GET /sql/main.php HTTP/1.0" 404 16 "-" "-"
109.163.227.107 - - [25/Apr/2013:23:17:53 +0200] "GET /admin/main.php HTTP/1.0" 404 16 "-" "-"
109.163.227.107 - - [25/Apr/2013:23:17:53 +0200] "GET /phpmyadmin/main.php HTTP/1.0" 404 16 "-" "-"
109.163.227.107 - - [25/Apr/2013:23:17:53 +0200] "GET /mysql/main.php HTTP/1.0" 404 16 "-" "-"
109.163.227.107 - - [25/Apr/2013:23:17:54 +0200] "GET /myadmin/main.php HTTP/1.0" 404 16 "-" "-"
109.163.227.107 - - [25/Apr/2013:23:17:54 +0200] "GET /phpMyAdmin/main.php HTTP/1.0" 404 16 "-" "-"
109.163.227.107 - - [25/Apr/2013:23:17:54 +0200] "GET /PMA/main.php HTTP/1.0" 404 16 "-" "-"
109.163.227.107 - - [25/Apr/2013:23:17:54 +0200] "GET /sql/main.php HTTP/1.0" 404 16 "-" "-"
109.163.227.107 - - [25/Apr/2013:23:17:54 +0200] "GET /admin/main.php HTTP/1.0" 404 16 "-" "-"
206.45.171.160 - - [25/Apr/2013:23:20:51 +0200] "GET /podcast.php HTTP/1.1" 301 5 "-" "Podkicker/1.2.4"
206.45.171.160 - - [25/Apr/2013:23:20:51 +0200] "GET /podcasts-out/?podcastname=Best_Of_The_Bets_Show HTTP/1.1" 200 10182 "-" "Podkicker/1.2.4"
17.154.84.41 - - [26/Apr/2013:00:04:31 +0200] "HEAD /podcasts-out/?podcastname=Best_Of_The_Bets_Show HTTP/1.1" 200 0 "-" "iTMS"
17.154.84.41 - - [26/Apr/2013:00:04:31 +0200] "HEAD /podcasts-out/?podcastname=Best_Of_The_Bets_Show HTTP/1.1" 200 0 "-" "iTMS"
17.154.84.41 - - [26/Apr/2013:00:04:31 +0200] "GET /podcasts-out/?podcastname=Best_Of_The_Bets_Show HTTP/1.1" 200 10182 "-" "iTMS"
17.154.84.37 - - [26/Apr/2013:00:04:32 +0200] "GET /podcasts-out/?podcastname=Best_Of_The_Bets_Show HTTP/1.1" 200 10182 "-" "Jakarta Commons-HttpClient/3.0"
46.7.173.117 - - [26/Apr/2013:00:16:32 +0200] "GET /podcasts-out/?podcastname=Best_Of_The_Bets_Show HTTP/1.1" 200 10182 "-" "iTunes/11.0.2 (Windows; Microsoft Windows 7 x64 Home Premium Edition Service Pack 1 (Build 7601)) AppleWebKit/536.27.1"
46.7.173.117 - - [26/Apr/2013:00:23:04 +0200] "GET /podcasts-out/?podcastname=Best_Of_The_Bets_Show HTTP/1.1" 200 10182 "-" "iTunes/11.0.2 (Windows; Microsoft Windows 7 x64 Home Premium Edition Service Pack 1 (Build 7601)) AppleWebKit/536.27.1"
206.45.171.160 - - [26/Apr/2013:00:25:10 +0200] "GET /podcast.php HTTP/1.1" 301 5 "-" "Podkicker/1.2.4"
206.45.171.160 - - [26/Apr/2013:00:25:10 +0200] "GET /podcasts-out/?podcastname=Best_Of_The_Bets_Show HTTP/1.1" 200 10182 "-" "Podkicker/1.2.4"
46.7.173.117 - - [26/Apr/2013:00:41:01 +0200] "GET /podcasts-out/?podcastname=Best_Of_The_Bets_Show HTTP/1.1" 200 10182 "-" "iTunes/11.0.2 (Windows; Microsoft Windows 7 x64 Home Premium Edition Service Pack 1 (Build 7601)) AppleWebKit/536.27.1"
17.154.84.40 - - [26/Apr/2013:01:10:00 +0200] "HEAD /podcasts-out/?podcastname=Best_Of_The_Bets_Show HTTP/1.1" 200 0 "-" "iTMS"
17.154.84.40 - - [26/Apr/2013:01:10:00 +0200] "HEAD /podcasts-out/?podcastname=Best_Of_The_Bets_Show HTTP/1.1" 200 0 "-" "iTMS"
17.154.84.40 - - [26/Apr/2013:01:10:01 +0200] "GET /podcasts-out/?podcastname=Best_Of_The_Bets_Show HTTP/1.1" 200 10182 "-" "iTMS"
17.154.84.37 - - [26/Apr/2013:01:10:01 +0200] "GET /podcasts-out/?podcastname=Best_Of_The_Bets_Show HTTP/1.1" 200 10182 "-" "Jakarta Commons-HttpClient/3.0"
186.241.161.10 - - [26/Apr/2013:01:25:30 +0200] "GET /podcasts-out/?podcastname=Best_Of_The_Bets_Show HTTP/1.1" 200 10182 "-" "Podcasts/1.2.1"
186.241.161.10 - - [26/Apr/2013:01:26:22 +0200] "GET /podcasts-out/?podcastname=Best_Of_The_Bets_Show HTTP/1.1" 200 10182 "-" "Podcasts/1.2.1"
206.45.171.160 - - [26/Apr/2013:01:29:30 +0200] "GET /podcast.php HTTP/1.1" 301 5 "-" "Podkicker/1.2.4"
206.45.171.160 - - [26/Apr/2013:01:29:30 +0200] "GET /podcasts-out/?podcastname=Best_Of_The_Bets_Show HTTP/1.1" 200 10182 "-" "Podkicker/1.2.4"
5.200.39.77 - - [26/Apr/2013:02:03:56 +0200] "GET /w00tw00t.at.ISC.SANS.Win32:) HTTP/1.1" 400 172 "-" "-"
17.154.84.39 - - [26/Apr/2013:02:44:42 +0200] "HEAD /podcasts-out/?podcastname=Best_Of_The_Bets_Show HTTP/1.1" 200 0 "-" "iTMS"
17.154.84.39 - - [26/Apr/2013:02:44:43 +0200] "HEAD /podcasts-out/?podcastname=Best_Of_The_Bets_Show HTTP/1.1" 200 0 "-" "iTMS"
17.154.84.39 - - [26/Apr/2013:02:44:43 +0200] "GET /podcasts-out/?podcastname=Best_Of_The_Bets_Show HTTP/1.1" 200 10182 "-" "iTMS"
17.154.84.35 - - [26/Apr/2013:02:44:43 +0200] "GET /podcasts-out/?podcastname=Best_Of_The_Bets_Show HTTP/1.1" 200 10182 "-" "Jakarta Commons-HttpClient/3.0"
86.161.231.227 - - [26/Apr/2013:02:55:55 +0200] "GET /podcasts-out/?podcastname=Best_Of_The_Bets_Show HTTP/1.1" 200 10182 "-" "Podcasts/1.2.1"
80.202.194.189 - - [26/Apr/2013:03:49:36 +0200] "GET /podcasts-out/?podcastname=Best_Of_The_Bets_Show HTTP/1.1" 200 10182 "-" "iTunes/10.7 Downcast/2.8.2.2001"
17.154.84.42 - - [26/Apr/2013:03:57:36 +0200] "HEAD /podcasts-out/?podcastname=Best_Of_The_Bets_Show HTTP/1.1" 200 0 "-" "iTMS"
17.154.84.39 - - [26/Apr/2013:03:57:37 +0200] "HEAD /podcasts-out/?podcastname=Best_Of_The_Bets_Show HTTP/1.1" 200 0 "-" "iTMS"
17.154.84.42 - - [26/Apr/2013:03:57:37 +0200] "GET /podcasts-out/?podcastname=Best_Of_The_Bets_Show HTTP/1.1" 200 10182 "-" "iTMS"
17.154.84.36 - - [26/Apr/2013:03:57:37 +0200] "GET /podcasts-out/?podcastname=Best_Of_The_Bets_Show HTTP/1.1" 200 10182 "-" "Jakarta Commons-HttpClient/3.0"
80.202.194.189 - - [26/Apr/2013:04:14:49 +0200] "GET /podcasts-out/?podcastname=Best_Of_The_Bets_Show HTTP/1.1" 200 10182 "-" "iTunes/10.7 Downcast/2.8.2.2001"
24.114.26.241 - - [26/Apr/2013:04:20:29 +0200] "GET /podcast.php HTTP/1.1" 301 5 "-" "Podkicker/1.2.4"
24.114.26.241 - - [26/Apr/2013:04:20:29 +0200] "GET /podcasts-out/?podcastname=Best_Of_The_Bets_Show HTTP/1.1" 200 10182 "-" "Podkicker/1.2.4"
85.17.156.16 - - [26/Apr/2013:04:48:24 +0200] "GET /w00tw00t.at.ISC.SANS.DFind:) HTTP/1.1" 400 172 "-" "-"
17.154.84.42 - - [26/Apr/2013:05:04:38 +0200] "HEAD /podcasts-out/?podcastname=Best_Of_The_Bets_Show HTTP/1.1" 200 0 "-" "iTMS"
17.154.84.40 - - [26/Apr/2013:05:04:38 +0200] "HEAD /podcasts-out/?podcastname=Best_Of_The_Bets_Show HTTP/1.1" 200 0 "-" "iTMS"
17.154.84.41 - - [26/Apr/2013:05:04:38 +0200] "GET /podcasts-out/?podcastname=Best_Of_The_Bets_Show HTTP/1.1" 200 10182 "-" "iTMS"
17.154.84.37 - - [26/Apr/2013:05:04:39 +0200] "GET /podcasts-out/?podcastname=Best_Of_The_Bets_Show HTTP/1.1" 200 10182 "-" "Jakarta Commons-HttpClient/3.0"
17.154.84.41 - - [26/Apr/2013:06:19:18 +0200] "HEAD /podcasts-out/?podcastname=Best_Of_The_Bets_Show HTTP/1.1" 200 0 "-" "iTMS"
17.154.84.40 - - [26/Apr/2013:06:19:18 +0200] "HEAD /podcasts-out/?podcastname=Best_Of_The_Bets_Show HTTP/1.1" 200 0 "-" "iTMS"
17.154.84.42 - - [26/Apr/2013:06:19:19 +0200] "GET /podcasts-out/?podcastname=Best_Of_The_Bets_Show HTTP/1.1" 200 10182 "-" "iTMS"
17.154.84.35 - - [26/Apr/2013:06:19:19 +0200] "GET /podcasts-out/?podcastname=Best_Of_The_Bets_Show HTTP/1.1" 200 10182 "-" "Jakarta Commons-HttpClient/3.0"
24.114.26.241 - - [26/Apr/2013:06:23:43 +0200] "GET /podcast.php HTTP/1.1" 301 5 "-" "Podkicker/1.2.4"
24.114.26.241 - - [26/Apr/2013:06:23:43 +0200] "GET /podcasts-out/?podcastname=Best_Of_The_Bets_Show HTTP/1.1" 200 10182 "-" "Podkicker/1.2.4"
5.65.133.85 - - [26/Apr/2013:06:30:54 +0200] "GET /podcasts-out/?podcastname=Best_Of_The_Bets_Show HTTP/1.1" 200 10182 "-" "Podcasts/1.2.1"
95.211.226.81 - - [26/Apr/2013:06:48:33 +0200] "GET /podcast.php HTTP/1.0" 301 0 "-" "-"
95.211.226.81 - - [26/Apr/2013:06:48:33 +0200] "GET /podcasts-out/?podcastname=Best_Of_The_Bets_Show HTTP/1.0" 200 10162 "-" "-"
17.154.84.39 - - [26/Apr/2013:07:23:29 +0200] "HEAD /podcasts-out/?podcastname=Best_Of_The_Bets_Show HTTP/1.1" 200 0 "-" "iTMS"
17.154.84.42 - - [26/Apr/2013:07:23:29 +0200] "HEAD /podcasts-out/?podcastname=Best_Of_The_Bets_Show HTTP/1.1" 200 0 "-" "iTMS"
17.154.84.42 - - [26/Apr/2013:07:23:30 +0200] "GET /podcasts-out/?podcastname=Best_Of_The_Bets_Show HTTP/1.1" 200 10182 "-" "iTMS"
17.154.84.36 - - [26/Apr/2013:07:23:30 +0200] "GET /podcasts-out/?podcastname=Best_Of_The_Bets_Show HTTP/1.1" 200 10182 "-" "Jakarta Commons-HttpClient/3.0"
17.154.84.42 - - [26/Apr/2013:08:32:18 +0200] "HEAD /podcasts-out/?podcastname=Best_Of_The_Bets_Show HTTP/1.1" 200 0 "-" "iTMS"
17.154.84.39 - - [26/Apr/2013:08:32:18 +0200] "HEAD /podcasts-out/?podcastname=Best_Of_The_Bets_Show HTTP/1.1" 200 0 "-" "iTMS"
17.154.84.42 - - [26/Apr/2013:08:32:18 +0200] "GET /podcasts-out/?podcastname=Best_Of_The_Bets_Show HTTP/1.1" 200 10182 "-" "iTMS"
17.154.84.35 - - [26/Apr/2013:08:32:19 +0200] "GET /podcasts-out/?podcastname=Best_Of_The_Bets_Show HTTP/1.1" 200 10182 "-" "Jakarta Commons-HttpClient/3.0"
176.61.139.107 - - [26/Apr/2013:08:42:00 +0200] "-" 400 0 "-" "-"
176.61.139.107 - - [26/Apr/2013:08:50:53 +0200] "GET http://37.28.156.211/sprawdza.php HTTP/1.1" 404 27 "-" "Mozilla/5.0 (compatible; MSIE 9.0; Windows NT 6.1; Trident/5.0)"
62.232.114.202 - - [26/Apr/2013:08:57:54 +0200] "GET / HTTP/1.1" 403 570 "-" "Mozilla/5.0 (Windows NT 6.2; WOW64) AppleWebKit/537.31 (KHTML, like Gecko) Chrome/26.0.1410.64 Safari/537.31"
62.232.114.202 - - [26/Apr/2013:08:58:12 +0200] "GET /podcast-img-flags/imgrender.php?podcast_id=1&percent_width=10 HTTP/1.1" 302 5 "-" "Mozilla/5.0 (Windows NT 6.2; WOW64) AppleWebKit/537.31 (KHTML, like Gecko) Chrome/26.0.1410.64 Safari/537.31"
62.232.114.202 - - [26/Apr/2013:08:58:13 +0200] "-" 400 0 "-" "-"
62.232.114.202 - - [26/Apr/2013:08:58:13 +0200] "-" 400 0 "-" "-"
69.162.139.200 - - [26/Apr/2013:09:03:25 +0200] "GET /podcast.php HTTP/1.0" 301 0 "-" "Mozilla/5.0 (Windows; U; Windows NT 5.0; en-US; rv:1.5.1.5) Gecko/20071127 Firefox/2.0.1.1"
69.162.139.200 - - [26/Apr/2013:09:03:25 +0200] "GET /podcasts-out/?podcastname=Best_Of_The_Bets_Show HTTP/1.0" 200 10162 "-" "Mozilla/5.0 (Windows; U; Windows NT 5.0; en-US; rv:1.5.1.5) Gecko/20071127 Firefox/2.0.1.1"
31.53.4.24 - - [26/Apr/2013:09:16:34 +0200] "GET /podcasts-out/?podcastname=Best_Of_The_Bets_Show HTTP/1.1" 200 10182 "-" "iTunes/11.0.2 (Windows; Microsoft Windows 7 x64 Home Premium Edition Service Pack 1 (Build 7601)) AppleWebKit/536.27.1"
176.28.40.120 - - [26/Apr/2013:09:31:50 +0200] "GET /w00tw00t.at.ISC.SANS.DFind:) HTTP/1.1" 400 172 "-" "-"
17.154.84.39 - - [26/Apr/2013:09:47:31 +0200] "HEAD /podcasts-out/?podcastname=Best_Of_The_Bets_Show HTTP/1.1" 200 0 "-" "iTMS"
17.154.84.41 - - [26/Apr/2013:09:47:32 +0200] "HEAD /podcasts-out/?podcastname=Best_Of_The_Bets_Show HTTP/1.1" 200 0 "-" "iTMS"
17.154.84.42 - - [26/Apr/2013:09:47:32 +0200] "GET /podcasts-out/?podcastname=Best_Of_The_Bets_Show HTTP/1.1" 200 10182 "-" "iTMS"
17.154.84.36 - - [26/Apr/2013:09:47:33 +0200] "GET /podcasts-out/?podcastname=Best_Of_The_Bets_Show HTTP/1.1" 200 10182 "-" "Jakarta Commons-HttpClient/3.0"
62.232.114.202 - - [26/Apr/2013:09:57:18 +0200] "GET /podcast-img-flags/imgrender.php?podcast_id=1&percent_width=20 HTTP/1.1" 302 5 "-" "Mozilla/5.0 (Windows NT 6.2; WOW64) AppleWebKit/537.31 (KHTML, like Gecko) Chrome/26.0.1410.64 Safari/537.31"
2.223.63.103 - - [26/Apr/2013:10:16:07 +0200] "GET /podcasts-out/?podcastname=Best_Of_The_Bets_Show HTTP/1.1" 200 10182 "-" "iTunes/11.0.2 (Windows; Microsoft Windows 7 x64 Home Premium Edition Service Pack 1 (Build 7601)) AppleWebKit/536.27.1"
80.202.194.189 - - [26/Apr/2013:10:22:51 +0200] "GET /podcasts-out/?podcastname=Best_Of_The_Bets_Show HTTP/1.1" 200 10182 "-" "iTunes/10.7 Downcast/2.8.2.2001"
86.148.190.37 - - [26/Apr/2013:10:35:53 +0200] "GET /podcasts-out/?podcastname=Best_Of_The_Bets_Show HTTP/1.1" 200 10182 "-" "Podcasts/1.2.1"
17.154.84.39 - - [26/Apr/2013:10:51:55 +0200] "HEAD /podcasts-out/?podcastname=Best_Of_The_Bets_Show HTTP/1.1" 200 0 "-" "iTMS"
17.154.84.39 - - [26/Apr/2013:10:51:56 +0200] "HEAD /podcasts-out/?podcastname=Best_Of_The_Bets_Show HTTP/1.1" 200 0 "-" "iTMS"
17.154.84.42 - - [26/Apr/2013:10:51:56 +0200] "GET /podcasts-out/?podcastname=Best_Of_The_Bets_Show HTTP/1.1" 200 10182 "-" "iTMS"
17.154.84.35 - - [26/Apr/2013:10:51:56 +0200] "GET /podcasts-out/?podcastname=Best_Of_The_Bets_Show HTTP/1.1" 200 10182 "-" "Jakarta Commons-HttpClient/3.0"
31.53.4.24 - - [26/Apr/2013:10:53:27 +0200] "GET /podcasts-out/?podcastname=Best_Of_The_Bets_Show HTTP/1.1" 200 10182 "-" "iTunes/11.0.2 (Windows; Microsoft Windows 7 x64 Home Premium Edition Service Pack 1 (Build 7601)) AppleWebKit/536.27.1"
17.154.84.40 - - [26/Apr/2013:11:53:10 +0200] "HEAD /podcasts-out/?podcastname=Best_Of_The_Bets_Show HTTP/1.1" 200 0 "-" "iTMS"
17.154.84.40 - - [26/Apr/2013:11:53:10 +0200] "HEAD /podcasts-out/?podcastname=Best_Of_The_Bets_Show HTTP/1.1" 200 0 "-" "iTMS"
17.154.84.41 - - [26/Apr/2013:11:53:11 +0200] "GET /podcasts-out/?podcastname=Best_Of_The_Bets_Show HTTP/1.1" 200 10182 "-" "iTMS"
17.154.84.37 - - [26/Apr/2013:11:53:11 +0200] "GET /podcasts-out/?podcastname=Best_Of_The_Bets_Show HTTP/1.1" 200 10182 "-" "Jakarta Commons-HttpClient/3.0"
31.53.4.24 - - [26/Apr/2013:12:01:18 +0200] "GET /podcasts-out/?podcastname=Best_Of_The_Bets_Show HTTP/1.1" 200 10182 "-" "iTunes/11.0.2 (Windows; Microsoft Windows 7 x64 Home Premium Edition Service Pack 1 (Build 7601)) AppleWebKit/536.27.1"
92.238.111.89 - - [26/Apr/2013:12:36:23 +0200] "GET /podcasts-out/?podcastname=Best_Of_The_Bets_Show HTTP/1.1" 200 10182 "-" "iTunes/11.0 (Windows; Microsoft Windows 7 x64 Home Premium Edition Service Pack 1 (Build 7601)) AppleWebKit/536.27.1"
17.154.84.42 - - [26/Apr/2013:12:58:47 +0200] "HEAD /podcasts-out/?podcastname=Best_Of_The_Bets_Show HTTP/1.1" 200 0 "-" "iTMS"
17.154.84.42 - - [26/Apr/2013:12:58:47 +0200] "HEAD /podcasts-out/?podcastname=Best_Of_The_Bets_Show HTTP/1.1" 200 0 "-" "iTMS"
17.154.84.40 - - [26/Apr/2013:12:58:47 +0200] "GET /podcasts-out/?podcastname=Best_Of_The_Bets_Show HTTP/1.1" 200 10182 "-" "iTMS"
17.154.84.38 - - [26/Apr/2013:12:58:47 +0200] "GET /podcasts-out/?podcastname=Best_Of_The_Bets_Show HTTP/1.1" 200 10182 "-" "Jakarta Commons-HttpClient/3.0"
92.238.111.89 - - [26/Apr/2013:13:36:20 +0200] "GET /podcasts-out/?podcastname=Best_Of_The_Bets_Show HTTP/1.1" 200 10182 "-" "iTunes/11.0 (Windows; Microsoft Windows 7 x64 Home Premium Edition Service Pack 1 (Build 7601)) AppleWebKit/536.27.1"
62.232.114.202 - - [26/Apr/2013:13:51:52 +0200] "GET /podcast-img-flags/imgrender.php?podcast_id=1&percent_width=10 HTTP/1.1" 302 5 "-" "Mozilla/5.0 (Windows NT 6.2; WOW64) AppleWebKit/537.31 (KHTML, like Gecko) Chrome/26.0.1410.64 Safari/537.31"
62.232.114.202 - - [26/Apr/2013:13:51:54 +0200] "GET /podcast-img-flags/imgrender.php?podcast_id=1&percent_width=10 HTTP/1.1" 302 5 "-" "Mozilla/5.0 (Windows NT 6.2; WOW64) AppleWebKit/537.31 (KHTML, like Gecko) Chrome/26.0.1410.64 Safari/537.31"
62.232.114.202 - - [26/Apr/2013:13:51:56 +0200] "GET /podcast-img-flags/imgrender.php?podcast_id=1&percent_width=10 HTTP/1.1" 302 5 "-" "Mozilla/5.0 (Windows NT 6.2; WOW64) AppleWebKit/537.31 (KHTML, like Gecko) Chrome/26.0.1410.64 Safari/537.31"
62.232.114.202 - - [26/Apr/2013:13:51:57 +0200] "GET /podcast-img-flags/imgrender.php?podcast_id=1&percent_width=10 HTTP/1.1" 302 5 "-" "Mozilla/5.0 (Windows NT 6.2; WOW64) AppleWebKit/537.31 (KHTML, like Gecko) Chrome/26.0.1410.64 Safari/537.31"
62.232.114.202 - - [26/Apr/2013:13:51:58 +0200] "GET /podcast-img-flags/imgrender.php?podcast_id=1&percent_width=10 HTTP/1.1" 302 5 "-" "Mozilla/5.0 (Windows NT 6.2; WOW64) AppleWebKit/537.31 (KHTML, like Gecko) Chrome/26.0.1410.64 Safari/537.31"
62.232.114.202 - - [26/Apr/2013:13:51:59 +0200] "GET /podcast-img-flags/imgrender.php?podcast_id=1&percent_width=10 HTTP/1.1" 302 5 "-" "Mozilla/5.0 (Windows NT 6.2; WOW64) AppleWebKit/537.31 (KHTML, like Gecko) Chrome/26.0.1410.64 Safari/537.31"
72.167.140.186 - - [26/Apr/2013:13:54:17 +0200] "GET /w00tw00t.at.ISC.SANS.DFind:) HTTP/1.1" 400 172 "-" "-"
24.114.26.241 - - [26/Apr/2013:14:00:40 +0200] "GET /podcast.php HTTP/1.1" 301 5 "-" "Podkicker/1.2.4"
24.114.26.241 - - [26/Apr/2013:14:00:41 +0200] "GET /podcasts-out/?podcastname=Best_Of_The_Bets_Show HTTP/1.1" 200 10182 "-" "Podkicker/1.2.4"
17.154.84.41 - - [26/Apr/2013:14:02:15 +0200] "HEAD /podcasts-out/?podcastname=Best_Of_The_Bets_Show HTTP/1.1" 200 0 "-" "iTMS"
17.154.84.39 - - [26/Apr/2013:14:02:16 +0200] "HEAD /podcasts-out/?podcastname=Best_Of_The_Bets_Show HTTP/1.1" 200 0 "-" "iTMS"
17.154.84.39 - - [26/Apr/2013:14:02:16 +0200] "GET /podcasts-out/?podcastname=Best_Of_The_Bets_Show HTTP/1.1" 200 10182 "-" "iTMS"
17.154.84.35 - - [26/Apr/2013:14:02:16 +0200] "GET /podcasts-out/?podcastname=Best_Of_The_Bets_Show HTTP/1.1" 200 10182 "-" "Jakarta Commons-HttpClient/3.0"
176.27.234.146 - - [26/Apr/2013:14:24:23 +0200] "GET /podcasts-out/?podcastname=Best_Of_The_Bets_Show HTTP/1.1" 200 10182 "-" "iTunes/10.7 Downcast/2.8.2.2001"
17.154.84.40 - - [26/Apr/2013:15:06:01 +0200] "HEAD /podcasts-out/?podcastname=Best_Of_The_Bets_Show HTTP/1.1" 200 0 "-" "iTMS"
17.154.84.40 - - [26/Apr/2013:15:06:01 +0200] "HEAD /podcasts-out/?podcastname=Best_Of_The_Bets_Show HTTP/1.1" 200 0 "-" "iTMS"
17.154.84.40 - - [26/Apr/2013:15:06:01 +0200] "GET /podcasts-out/?podcastname=Best_Of_The_Bets_Show HTTP/1.1" 200 10182 "-" "iTMS"
17.154.84.38 - - [26/Apr/2013:15:06:02 +0200] "GET /podcasts-out/?podcastname=Best_Of_The_Bets_Show HTTP/1.1" 200 10182 "-" "Jakarta Commons-HttpClient/3.0"
92.238.111.89 - - [26/Apr/2013:15:59:27 +0200] "GET /podcasts-out/?podcastname=Best_Of_The_Bets_Show HTTP/1.1" 200 10182 "-" "iTunes/11.0 (Windows; Microsoft Windows 7 x64 Home Premium Edition Service Pack 1 (Build 7601)) AppleWebKit/536.27.1"
17.154.84.39 - - [26/Apr/2013:16:15:25 +0200] "HEAD /podcasts-out/?podcastname=Best_Of_The_Bets_Show HTTP/1.1" 200 0 "-" "iTMS"
17.154.84.41 - - [26/Apr/2013:16:15:25 +0200] "HEAD /podcasts-out/?podcastname=Best_Of_The_Bets_Show HTTP/1.1" 200 0 "-" "iTMS"
17.154.84.40 - - [26/Apr/2013:16:15:25 +0200] "GET /podcasts-out/?podcastname=Best_Of_The_Bets_Show HTTP/1.1" 200 10182 "-" "iTMS"
17.154.84.37 - - [26/Apr/2013:16:15:26 +0200] "GET /podcasts-out/?podcastname=Best_Of_The_Bets_Show HTTP/1.1" 200 10182 "-" "Jakarta Commons-HttpClient/3.0"
95.211.226.81 - - [26/Apr/2013:16:19:54 +0200] "GET /podcast.php HTTP/1.0" 301 0 "-" "-"
95.211.226.81 - - [26/Apr/2013:16:19:54 +0200] "GET /podcasts-out/?podcastname=Best_Of_The_Bets_Show HTTP/1.0" 200 10162 "-" "-"
95.211.226.81 - - [26/Apr/2013:16:20:08 +0200] "GET /podcast.php HTTP/1.0" 301 0 "-" "-"
95.211.226.81 - - [26/Apr/2013:16:20:08 +0200] "GET /podcasts-out/?podcastname=Best_Of_The_Bets_Show HTTP/1.0" 200 10162 "-" "-"
95.211.226.81 - - [26/Apr/2013:16:20:33 +0200] "GET /podcast.php HTTP/1.0" 301 0 "-" "-"
95.211.226.81 - - [26/Apr/2013:16:20:33 +0200] "GET /podcasts-out/?podcastname=Best_Of_The_Bets_Show HTTP/1.0" 200 10162 "-" "-"
92.235.48.164 - - [26/Apr/2013:16:21:22 +0200] "GET /podcasts-out/?podcastname=Best_Of_The_Bets_Show HTTP/1.1" 200 10182 "-" "iTunes/11.0.2 (Windows; Microsoft Windows 7 x64 Home Premium Edition Service Pack 1 (Build 7601)) AppleWebKit/536.27.1"
92.238.111.89 - - [26/Apr/2013:16:59:29 +0200] "GET /podcasts-out/?podcastname=Best_Of_The_Bets_Show HTTP/1.1" 200 10182 "-" "iTunes/11.0 (Windows; Microsoft Windows 7 x64 Home Premium Edition Service Pack 1 (Build 7601)) AppleWebKit/536.27.1"
31.53.4.24 - - [26/Apr/2013:17:02:41 +0200] "GET /podcasts-out/?podcastname=Best_Of_The_Bets_Show HTTP/1.1" 200 10182 "-" "iTunes/11.0.2 (Windows; Microsoft Windows 7 x64 Home Premium Edition Service Pack 1 (Build 7601)) AppleWebKit/536.27.1"
206.45.184.219 - - [26/Apr/2013:17:24:09 +0200] "GET /podcast.php HTTP/1.1" 301 5 "-" "Podkicker/1.2.4"
206.45.184.219 - - [26/Apr/2013:17:24:10 +0200] "GET /podcasts-out/?podcastname=Best_Of_The_Bets_Show HTTP/1.1" 200 10182 "-" "Podkicker/1.2.4"
151.226.228.177 - - [26/Apr/2013:17:27:37 +0200] "GET /podcasts-out/?podcastname=Best_Of_The_Bets_Show HTTP/1.1" 200 10182 "-" "iTunes/11.0.2 (Windows; Microsoft Windows 7 x64 Home Premium Edition Service Pack 1 (Build 7601)) AppleWebKit/536.27.1"
198.20.69.74 - - [26/Apr/2013:17:35:48 +0200] "GET / HTTP/1.1" 403 168 "-" "-"
198.20.69.74 - - [26/Apr/2013:17:35:49 +0200] "GET /robots.txt HTTP/1.1" 404 168 "-" "-"
17.154.84.42 - - [26/Apr/2013:17:41:21 +0200] "HEAD /podcasts-out/?podcastname=Best_Of_The_Bets_Show HTTP/1.1" 200 0 "-" "iTMS"
17.154.84.39 - - [26/Apr/2013:17:41:21 +0200] "HEAD /podcasts-out/?podcastname=Best_Of_The_Bets_Show HTTP/1.1" 200 0 "-" "iTMS"
17.154.84.41 - - [26/Apr/2013:17:41:22 +0200] "GET /podcasts-out/?podcastname=Best_Of_The_Bets_Show HTTP/1.1" 200 10182 "-" "iTMS"
17.154.84.35 - - [26/Apr/2013:17:41:22 +0200] "GET /podcasts-out/?podcastname=Best_Of_The_Bets_Show HTTP/1.1" 200 10182 "-" "Jakarta Commons-HttpClient/3.0"
5.39.11.179 - - [26/Apr/2013:17:49:23 +0200] "GET /w00tw00t.at.ISC.SANS.DFind:) HTTP/1.1" 400 172 "-" "-"
92.235.48.164 - - [26/Apr/2013:17:51:55 +0200] "GET /podcasts-out/?podcastname=Best_Of_The_Bets_Show HTTP/1.1" 200 10182 "-" "iTunes/11.0.2 (Windows; Microsoft Windows 7 x64 Home Premium Edition Service Pack 1 (Build 7601)) AppleWebKit/536.27.1"
92.238.111.89 - - [26/Apr/2013:17:59:21 +0200] "GET /podcasts-out/?podcastname=Best_Of_The_Bets_Show HTTP/1.1" 200 10182 "-" "iTunes/11.0 (Windows; Microsoft Windows 7 x64 Home Premium Edition Service Pack 1 (Build 7601)) AppleWebKit/536.27.1"
176.31.242.6 - - [26/Apr/2013:18:14:46 +0200] "GET /w00tw00t.at.ISC.SANS.test0:) HTTP/1.1" 400 172 "-" "-"
24.114.27.186 - - [26/Apr/2013:18:35:20 +0200] "GET /podcast.php HTTP/1.1" 301 5 "-" "Podkicker/1.2.4"
24.114.27.186 - - [26/Apr/2013:18:35:21 +0200] "GET /podcasts-out/?podcastname=Best_Of_The_Bets_Show HTTP/1.1" 200 10182 "-" "Podkicker/1.2.4"
91.113.147.99 - - [26/Apr/2013:18:44:50 +0200] "GET /w00tw00t.at.ISC.SANS.DFind:) HTTP/1.1" 400 172 "-" "-"
17.154.84.41 - - [26/Apr/2013:18:54:35 +0200] "HEAD /podcasts-out/?podcastname=Best_Of_The_Bets_Show HTTP/1.1" 200 0 "-" "iTMS"
17.154.84.39 - - [26/Apr/2013:18:54:35 +0200] "HEAD /podcasts-out/?podcastname=Best_Of_The_Bets_Show HTTP/1.1" 200 0 "-" "iTMS"
17.154.84.41 - - [26/Apr/2013:18:54:36 +0200] "GET /podcasts-out/?podcastname=Best_Of_The_Bets_Show HTTP/1.1" 200 10182 "-" "iTMS"
17.154.84.35 - - [26/Apr/2013:18:54:36 +0200] "GET /podcasts-out/?podcastname=Best_Of_The_Bets_Show HTTP/1.1" 200 10182 "-" "Jakarta Commons-HttpClient/3.0"
92.238.111.89 - - [26/Apr/2013:18:59:22 +0200] "GET /podcasts-out/?podcastname=Best_Of_The_Bets_Show HTTP/1.1" 200 10182 "-" "iTunes/11.0 (Windows; Microsoft Windows 7 x64 Home Premium Edition Service Pack 1 (Build 7601)) AppleWebKit/536.27.1"
213.219.161.154 - - [26/Apr/2013:19:05:41 +0200] "GET /podcast.php HTTP/1.1" 301 5 "-" "iTunes/11.0.2 (Windows; Microsoft Windows 7 x64 Home Premium Edition Service Pack 1 (Build 7601)) AppleWebKit/536.27.1"
213.219.161.154 - - [26/Apr/2013:19:05:42 +0200] "GET /podcasts-out/?podcastname=Best_Of_The_Bets_Show HTTP/1.1" 200 10182 "-" "iTunes/11.0.2 (Windows; Microsoft Windows 7 x64 Home Premium Edition Service Pack 1 (Build 7601)) AppleWebKit/536.27.1"
2.223.63.103 - - [26/Apr/2013:19:52:33 +0200] "GET /podcasts-out/?podcastname=Best_Of_The_Bets_Show HTTP/1.1" 200 10182 "-" "iTunes/11.0.2 (Windows; Microsoft Windows 7 x64 Home Premium Edition Service Pack 1 (Build 7601)) AppleWebKit/536.27.1"
17.154.84.41 - - [26/Apr/2013:19:55:56 +0200] "HEAD /podcasts-out/?podcastname=Best_Of_The_Bets_Show HTTP/1.1" 200 0 "-" "iTMS"
17.154.84.41 - - [26/Apr/2013:19:55:56 +0200] "HEAD /podcasts-out/?podcastname=Best_Of_The_Bets_Show HTTP/1.1" 200 0 "-" "iTMS"
17.154.84.39 - - [26/Apr/2013:19:55:56 +0200] "GET /podcasts-out/?podcastname=Best_Of_The_Bets_Show HTTP/1.1" 200 10182 "-" "iTMS"
17.154.84.36 - - [26/Apr/2013:19:55:57 +0200] "GET /podcasts-out/?podcastname=Best_Of_The_Bets_Show HTTP/1.1" 200 10182 "-" "Jakarta Commons-HttpClient/3.0"
92.238.111.89 - - [26/Apr/2013:19:59:22 +0200] "GET /podcasts-out/?podcastname=Best_Of_The_Bets_Show HTTP/1.1" 200 10182 "-" "iTunes/11.0 (Windows; Microsoft Windows 7 x64 Home Premium Edition Service Pack 1 (Build 7601)) AppleWebKit/536.27.1"
95.211.226.81 - - [26/Apr/2013:20:41:52 +0200] "GET /podcast.php HTTP/1.0" 301 0 "-" "-"
95.211.226.81 - - [26/Apr/2013:20:41:52 +0200] "GET /podcasts-out/?podcastname=Best_Of_The_Bets_Show HTTP/1.0" 200 10162 "-" "-"
2.248.152.242 - - [26/Apr/2013:20:49:11 +0200] "GET /podcasts-out/?podcastname=Best_Of_The_Bets_Show HTTP/1.1" 200 10182 "-" "iTunes/11.0.2 (Macintosh; OS X 10.7.5) AppleWebKit/534.57.7"
2.248.152.242 - - [26/Apr/2013:20:49:11 +0200] "GET /podcasts-out/?podcastname=Best_Of_The_Bets_Show HTTP/1.1" 200 10182 "-" "iTunes/11.0.2 (Macintosh; OS X 10.7.5) AppleWebKit/534.57.7"
2.248.152.242 - - [26/Apr/2013:20:49:12 +0200] "GET /podcasts-out/?podcastname=Best_Of_The_Bets_Show HTTP/1.1" 200 10182 "-" "iTunes/11.0.2 (Macintosh; OS X 10.7.5) AppleWebKit/534.57.7"
2.248.152.242 - - [26/Apr/2013:20:49:13 +0200] "GET /podcasts-out/?podcastname=Best_Of_The_Bets_Show HTTP/1.1" 200 10182 "-" "iTunes/11.0.2 (Macintosh; OS X 10.7.5) AppleWebKit/534.57.7"
2.248.152.242 - - [26/Apr/2013:20:49:13 +0200] "GET /podcasts-out/?podcastname=Best_Of_The_Bets_Show HTTP/1.1" 200 10182 "-" "iTunes/11.0.2 (Macintosh; OS X 10.7.5) AppleWebKit/534.57.7"
2.248.152.242 - - [26/Apr/2013:20:50:05 +0200] "GET /podcasts-out/?podcastname=Best_Of_The_Bets_Show HTTP/1.1" 200 10182 "-" "iTunes/11.0.2 (Macintosh; OS X 10.7.5) AppleWebKit/534.57.7"
17.154.84.40 - - [26/Apr/2013:20:57:07 +0200] "HEAD /podcasts-out/?podcastname=Best_Of_The_Bets_Show HTTP/1.1" 200 0 "-" "iTMS"
17.154.84.41 - - [26/Apr/2013:20:57:07 +0200] "HEAD /podcasts-out/?podcastname=Best_Of_The_Bets_Show HTTP/1.1" 200 0 "-" "iTMS"
17.154.84.39 - - [26/Apr/2013:20:57:07 +0200] "GET /podcasts-out/?podcastname=Best_Of_The_Bets_Show HTTP/1.1" 200 10182 "-" "iTMS"
17.154.84.38 - - [26/Apr/2013:20:57:08 +0200] "GET /podcasts-out/?podcastname=Best_Of_The_Bets_Show HTTP/1.1" 200 10182 "-" "Jakarta Commons-HttpClient/3.0"
92.238.111.89 - - [26/Apr/2013:20:59:22 +0200] "GET /podcasts-out/?podcastname=Best_Of_The_Bets_Show HTTP/1.1" 200 10182 "-" "iTunes/11.0 (Windows; Microsoft Windows 7 x64 Home Premium Edition Service Pack 1 (Build 7601)) AppleWebKit/536.27.1"
80.202.194.189 - - [26/Apr/2013:21:06:57 +0200] "GET /podcasts-out/?podcastname=Best_Of_The_Bets_Show HTTP/1.1" 200 10182 "-" "iTunes/10.7 Downcast/2.8.2.2001"
86.166.251.215 - - [26/Apr/2013:21:11:02 +0200] "GET /podcasts-out/?podcastname=Best_Of_The_Bets_Show HTTP/1.1" 200 10182 "-" "iTunes/11.0.1 (Windows; Microsoft Windows XP Home Edition Service Pack 3 (Build 2600)) AppleWebKit/536.27.1"
81.50.16.230 - - [26/Apr/2013:21:16:20 +0200] "GET /podcasts-out/?podcastname=Best_Of_The_Bets_Show HTTP/1.1" 200 10182 "-" "Podcasts/1.2.1"
81.50.16.230 - - [26/Apr/2013:21:16:34 +0200] "GET /podcasts-out/?podcastname=Best_Of_The_Bets_Show HTTP/1.1" 200 10182 "-" "Podcasts/1.2.1"
186.241.155.40 - - [26/Apr/2013:21:22:55 +0200] "GET /podcasts-out/?podcastname=Best_Of_The_Bets_Show HTTP/1.1" 200 10182 "-" "Podcasts/1.2.1"
17.154.84.39 - - [26/Apr/2013:21:57:56 +0200] "HEAD /podcasts-out/?podcastname=Best_Of_The_Bets_Show HTTP/1.1" 200 0 "-" "iTMS"
17.154.84.39 - - [26/Apr/2013:21:57:56 +0200] "HEAD /podcasts-out/?podcastname=Best_Of_The_Bets_Show HTTP/1.1" 200 0 "-" "iTMS"
17.154.84.39 - - [26/Apr/2013:21:57:57 +0200] "GET /podcasts-out/?podcastname=Best_Of_The_Bets_Show HTTP/1.1" 200 10182 "-" "iTMS"
17.154.84.36 - - [26/Apr/2013:21:57:57 +0200] "GET /podcasts-out/?podcastname=Best_Of_The_Bets_Show HTTP/1.1" 200 10182 "-" "Jakarta Commons-HttpClient/3.0"
92.238.111.89 - - [26/Apr/2013:22:07:37 +0200] "GET /podcasts-out/?podcastname=Best_Of_The_Bets_Show HTTP/1.1" 200 10182 "-" "iTunes/11.0 (Windows; Microsoft Windows 7 x64 Home Premium Edition Service Pack 1 (Build 7601)) AppleWebKit/536.27.1"
86.148.190.37 - - [26/Apr/2013:22:44:30 +0200] "GET /podcasts-out/?podcastname=Best_Of_The_Bets_Show HTTP/1.1" 200 10182 "-" "Podcasts/1.2.1"
17.154.84.41 - - [26/Apr/2013:23:00:18 +0200] "HEAD /podcasts-out/?podcastname=Best_Of_The_Bets_Show HTTP/1.1" 200 0 "-" "iTMS"
17.154.84.39 - - [26/Apr/2013:23:00:19 +0200] "HEAD /podcasts-out/?podcastname=Best_Of_The_Bets_Show HTTP/1.1" 200 0 "-" "iTMS"
17.154.84.41 - - [26/Apr/2013:23:00:19 +0200] "GET /podcasts-out/?podcastname=Best_Of_The_Bets_Show HTTP/1.1" 200 10182 "-" "iTMS"
17.154.84.35 - - [26/Apr/2013:23:00:19 +0200] "GET /podcasts-out/?podcastname=Best_Of_The_Bets_Show HTTP/1.1" 200 10182 "-" "Jakarta Commons-HttpClient/3.0"
92.238.111.89 - - [26/Apr/2013:23:07:35 +0200] "GET /podcasts-out/?podcastname=Best_Of_The_Bets_Show HTTP/1.1" 200 10182 "-" "iTunes/11.0 (Windows; Microsoft Windows 7 x64 Home Premium Edition Service Pack 1 (Build 7601)) AppleWebKit/536.27.1"
24.114.27.166 - - [26/Apr/2013:23:47:33 +0200] "GET /podcast.php HTTP/1.1" 301 5 "-" "Podkicker/1.2.4"
24.114.27.166 - - [26/Apr/2013:23:47:33 +0200] "GET /podcasts-out/?podcastname=Best_Of_The_Bets_Show HTTP/1.1" 200 10182 "-" "Podkicker/1.2.4"
17.154.84.39 - - [27/Apr/2013:00:01:49 +0200] "HEAD /podcasts-out/?podcastname=Best_Of_The_Bets_Show HTTP/1.1" 200 0 "-" "iTMS"
17.154.84.39 - - [27/Apr/2013:00:01:49 +0200] "HEAD /podcasts-out/?podcastname=Best_Of_The_Bets_Show HTTP/1.1" 200 0 "-" "iTMS"
17.154.84.39 - - [27/Apr/2013:00:01:49 +0200] "GET /podcasts-out/?podcastname=Best_Of_The_Bets_Show HTTP/1.1" 200 10182 "-" "iTMS"
17.154.84.35 - - [27/Apr/2013:00:01:50 +0200] "GET /podcasts-out/?podcastname=Best_Of_The_Bets_Show HTTP/1.1" 200 10182 "-" "Jakarta Commons-HttpClient/3.0"
92.238.111.89 - - [27/Apr/2013:00:07:35 +0200] "GET /podcasts-out/?podcastname=Best_Of_The_Bets_Show HTTP/1.1" 200 10182 "-" "iTunes/11.0 (Windows; Microsoft Windows 7 x64 Home Premium Edition Service Pack 1 (Build 7601)) AppleWebKit/536.27.1"
86.161.231.227 - - [27/Apr/2013:00:25:34 +0200] "GET /podcasts-out/?podcastname=Best_Of_The_Bets_Show HTTP/1.1" 200 10182 "-" "Podcasts/1.2.1"
95.211.226.81 - - [27/Apr/2013:00:28:24 +0200] "GET /podcast.php HTTP/1.0" 301 0 "-" "-"
95.211.226.81 - - [27/Apr/2013:00:28:24 +0200] "GET /podcasts-out/?podcastname=Best_Of_The_Bets_Show HTTP/1.0" 200 10162 "-" "-"
140.203.219.203 - - [27/Apr/2013:00:38:04 +0200] "GET /podcasts-out/?podcastname=Best_Of_The_Bets_Show HTTP/1.1" 200 10182 "-" "iTunes/11.0.2 (Windows; Microsoft Windows 7 x64 Home Premium Edition Service Pack 1 (Build 7601)) AppleWebKit/536.27.1"
140.203.219.203 - - [27/Apr/2013:00:40:22 +0200] "GET /podcasts-out/?podcastname=Best_Of_The_Bets_Show HTTP/1.1" 200 10182 "-" "iTunes/11.0.2 (Windows; Microsoft Windows 7 x64 Home Premium Edition Service Pack 1 (Build 7601)) AppleWebKit/536.27.1"
176.27.234.146 - - [27/Apr/2013:00:46:51 +0200] "GET /podcasts-out/?podcastname=Best_Of_The_Bets_Show HTTP/1.1" 200 10182 "-" "iTunes/10.7 Downcast/2.8.2.2001"
17.154.84.40 - - [27/Apr/2013:01:02:46 +0200] "HEAD /podcasts-out/?podcastname=Best_Of_The_Bets_Show HTTP/1.1" 200 0 "-" "iTMS"
17.154.84.42 - - [27/Apr/2013:01:02:46 +0200] "HEAD /podcasts-out/?podcastname=Best_Of_The_Bets_Show HTTP/1.1" 200 0 "-" "iTMS"
17.154.84.42 - - [27/Apr/2013:01:02:46 +0200] "GET /podcasts-out/?podcastname=Best_Of_The_Bets_Show HTTP/1.1" 200 10182 "-" "iTMS"
17.154.84.36 - - [27/Apr/2013:01:02:47 +0200] "GET /podcasts-out/?podcastname=Best_Of_The_Bets_Show HTTP/1.1" 200 10182 "-" "Jakarta Commons-HttpClient/3.0"
24.114.27.166 - - [27/Apr/2013:01:50:15 +0200] "GET /podcast.php HTTP/1.1" 301 5 "-" "Podkicker/1.2.4"
24.114.27.166 - - [27/Apr/2013:01:50:16 +0200] "GET /podcasts-out/?podcastname=Best_Of_The_Bets_Show HTTP/1.1" 200 10182 "-" "Podkicker/1.2.4"
220.255.2.37 - - [27/Apr/2013:02:02:01 +0200] "GET /podcasts-out/?podcastname=Best_Of_The_Bets_Show HTTP/1.1" 200 10182 "-" "iTunes/11.0.2 (Windows; Microsoft Windows 7 x64 Business Edition Service Pack 1 (Build 7601)) AppleWebKit/536.27.1"
17.154.84.40 - - [27/Apr/2013:02:05:49 +0200] "HEAD /podcasts-out/?podcastname=Best_Of_The_Bets_Show HTTP/1.1" 200 0 "-" "iTMS"
17.154.84.42 - - [27/Apr/2013:02:05:49 +0200] "HEAD /podcasts-out/?podcastname=Best_Of_The_Bets_Show HTTP/1.1" 200 0 "-" "iTMS"
17.154.84.42 - - [27/Apr/2013:02:05:49 +0200] "GET /podcasts-out/?podcastname=Best_Of_The_Bets_Show HTTP/1.1" 200 10182 "-" "iTMS"
17.154.84.36 - - [27/Apr/2013:02:05:50 +0200] "GET /podcasts-out/?podcastname=Best_Of_The_Bets_Show HTTP/1.1" 200 10182 "-" "Jakarta Commons-HttpClient/3.0"
17.154.84.42 - - [27/Apr/2013:03:20:24 +0200] "HEAD /podcasts-out/?podcastname=Best_Of_The_Bets_Show HTTP/1.1" 200 0 "-" "iTMS"
17.154.84.39 - - [27/Apr/2013:03:20:24 +0200] "HEAD /podcasts-out/?podcastname=Best_Of_The_Bets_Show HTTP/1.1" 200 0 "-" "iTMS"
17.154.84.39 - - [27/Apr/2013:03:20:24 +0200] "GET /podcasts-out/?podcastname=Best_Of_The_Bets_Show HTTP/1.1" 200 10182 "-" "iTMS"
17.154.84.38 - - [27/Apr/2013:03:20:25 +0200] "GET /podcasts-out/?podcastname=Best_Of_The_Bets_Show HTTP/1.1" 200 10182 "-" "Jakarta Commons-HttpClient/3.0"
24.114.27.166 - - [27/Apr/2013:03:32:17 +0200] "GET /podcast.php HTTP/1.1" 301 5 "-" "Podkicker/1.2.4"
24.114.27.166 - - [27/Apr/2013:03:32:17 +0200] "GET /podcasts-out/?podcastname=Best_Of_The_Bets_Show HTTP/1.1" 200 10182 "-" "Podkicker/1.2.4"
