62.232.114.202 - - [19/Apr/2013:16:31:59 +0200] "GET / HTTP/1.1" 403 570 "-" "Mozilla/5.0 (Windows NT 5.1) AppleWebKit/534.24 (KHTML, like Gecko) Chrome/11.0.696.57 Safari/534.24"
62.232.114.202 - - [19/Apr/2013:16:32:05 +0200] "GET /admin HTTP/1.1" 404 570 "-" "Mozilla/5.0 (Windows NT 5.1) AppleWebKit/534.24 (KHTML, like Gecko) Chrome/11.0.696.57 Safari/534.24"
62.232.114.202 - - [19/Apr/2013:16:32:11 +0200] "GET /admin/login.php HTTP/1.1" 404 27 "-" "Mozilla/5.0 (Windows NT 5.1) AppleWebKit/534.24 (KHTML, like Gecko) Chrome/11.0.696.57 Safari/534.24"
62.232.114.202 - - [19/Apr/2013:16:37:34 +0200] "GET /podcast-img-flags/imgrender.php?podcast_id=2&percent_width=10 HTTP/1.1" 302 5 "-" "Mozilla/5.0 (Windows NT 6.1; WOW64; rv:20.0) Gecko/20100101 Firefox/20.0"
62.232.114.202 - - [19/Apr/2013:16:37:34 +0200] "GET /podcast-img-flags/imgrender.php?podcast_id=2&percent_width=20 HTTP/1.1" 302 5 "-" "Mozilla/5.0 (Windows NT 6.1; WOW64; rv:20.0) Gecko/20100101 Firefox/20.0"
62.232.114.202 - - [19/Apr/2013:16:37:39 +0200] "-" 400 0 "-" "-"
62.232.114.202 - - [19/Apr/2013:16:37:39 +0200] "-" 400 0 "-" "-"
62.232.114.202 - - [19/Apr/2013:16:39:08 +0200] "GET /podcast-img-flags/imgrender.php?podcast_id=2&percent_width=10 HTTP/1.1" 302 5 "-" "Mozilla/5.0 (Windows NT 6.1; WOW64; rv:20.0) Gecko/20100101 Firefox/20.0"
62.232.114.202 - - [19/Apr/2013:16:39:08 +0200] "GET /podcast-img-flags/imgrender.php?podcast_id=2&percent_width=20 HTTP/1.1" 302 5 "-" "Mozilla/5.0 (Windows NT 6.1; WOW64; rv:20.0) Gecko/20100101 Firefox/20.0"
62.232.114.202 - - [19/Apr/2013:16:39:14 +0200] "-" 400 0 "-" "-"
62.232.114.202 - - [19/Apr/2013:16:40:13 +0200] "GET /podcast-img-flags/imgrender.php?podcast_id=2&percent_width=10 HTTP/1.1" 302 5 "-" "Mozilla/5.0 (Windows NT 6.1; WOW64) AppleWebKit/537.31 (KHTML, like Gecko) Chrome/26.0.1410.64 Safari/537.31"
62.232.114.202 - - [19/Apr/2013:16:40:13 +0200] "GET /podcast-img-flags/imgrender.php?podcast_id=2&percent_width=20 HTTP/1.1" 302 5 "-" "Mozilla/5.0 (Windows NT 6.1; WOW64) AppleWebKit/537.31 (KHTML, like Gecko) Chrome/26.0.1410.64 Safari/537.31"
62.232.114.202 - - [19/Apr/2013:16:43:36 +0200] "GET / HTTP/1.1" 403 168 "-" "Mozilla/5.0 (Windows NT 6.2; WOW64; rv:20.0) Gecko/20100101 Firefox/20.0"
62.232.114.202 - - [19/Apr/2013:16:44:06 +0200] "GET /podcast-img-flags/imgrender.php?podcast_id=1&percent_width=10 HTTP/1.1" 302 5 "-" "Mozilla/5.0 (Windows NT 6.2; WOW64; rv:20.0) Gecko/20100101 Firefox/20.0"
62.232.114.202 - - [19/Apr/2013:16:44:07 +0200] "GET /podcast-img-flags/imgrender.php?podcast_id=1&percent_width=20 HTTP/1.1" 302 5 "-" "Mozilla/5.0 (Windows NT 6.2; WOW64; rv:20.0) Gecko/20100101 Firefox/20.0"
31.51.38.233 - - [19/Apr/2013:16:46:41 +0200] "GET /podcasts-out/?podcastname=Best_Of_The_Bets_Show HTTP/1.1" 200 8834 "-" "iTunes/11.0.2 (Windows; Microsoft Windows 7 x64 Home Premium Edition Service Pack 1 (Build 7601)) AppleWebKit/536.27.1"
62.232.114.202 - - [19/Apr/2013:16:46:56 +0200] "GET /podcast-img-flags/imgrender.php?podcast_id=1&percent_width=10 HTTP/1.1" 302 5 "-" "Mozilla/5.0 (Windows NT 6.2; WOW64; rv:20.0) Gecko/20100101 Firefox/20.0"
62.232.114.202 - - [19/Apr/2013:16:46:56 +0200] "GET /podcast-img-flags/imgrender.php?podcast_id=1&percent_width=20 HTTP/1.1" 302 5 "-" "Mozilla/5.0 (Windows NT 6.2; WOW64; rv:20.0) Gecko/20100101 Firefox/20.0"
62.232.114.202 - - [19/Apr/2013:16:47:01 +0200] "-" 400 0 "-" "-"
62.232.114.202 - - [19/Apr/2013:16:47:01 +0200] "-" 400 0 "-" "-"
17.154.84.39 - - [19/Apr/2013:17:28:54 +0200] "HEAD /podcasts-out/?podcastname=Best_Of_The_Bets_Show HTTP/1.1" 200 0 "-" "iTMS"
17.154.84.42 - - [19/Apr/2013:17:28:54 +0200] "HEAD /podcasts-out/?podcastname=Best_Of_The_Bets_Show HTTP/1.1" 200 0 "-" "iTMS"
17.154.84.41 - - [19/Apr/2013:17:28:55 +0200] "GET /podcasts-out/?podcastname=Best_Of_The_Bets_Show HTTP/1.1" 200 8834 "-" "iTMS"
17.154.84.36 - - [19/Apr/2013:17:28:55 +0200] "GET /podcasts-out/?podcastname=Best_Of_The_Bets_Show HTTP/1.1" 200 8834 "-" "Jakarta Commons-HttpClient/3.0"
5.69.189.127 - - [19/Apr/2013:17:50:48 +0200] "GET /podcast.php HTTP/1.1" 301 5 "-" "Podcasts/1.2.1"
5.69.189.127 - - [19/Apr/2013:17:50:48 +0200] "GET /podcasts-out/?podcastname=Best_Of_The_Bets_Show HTTP/1.1" 200 8834 "-" "Podcasts/1.2.1"
17.154.84.40 - - [19/Apr/2013:18:34:23 +0200] "HEAD /podcasts-out/?podcastname=Best_Of_The_Bets_Show HTTP/1.1" 200 0 "-" "iTMS"
17.154.84.40 - - [19/Apr/2013:18:34:23 +0200] "HEAD /podcasts-out/?podcastname=Best_Of_The_Bets_Show HTTP/1.1" 200 0 "-" "iTMS"
17.154.84.40 - - [19/Apr/2013:18:34:24 +0200] "GET /podcasts-out/?podcastname=Best_Of_The_Bets_Show HTTP/1.1" 200 8834 "-" "iTMS"
17.154.84.35 - - [19/Apr/2013:18:34:24 +0200] "GET /podcasts-out/?podcastname=Best_Of_The_Bets_Show HTTP/1.1" 200 8834 "-" "Jakarta Commons-HttpClient/3.0"
86.174.181.63 - - [19/Apr/2013:18:37:01 +0200] "GET /podcasts-out/?podcastname=Best_Of_The_Bets_Show HTTP/1.1" 200 8834 "-" "iTunes/11.0 (Windows; Microsoft Windows 7 x64 Home Premium Edition Service Pack 1 (Build 7601)) AppleWebKit/536.27.1"
81.2.235.250 - - [19/Apr/2013:19:19:44 +0200] "GET /phpmyadmin/main.php HTTP/1.0" 404 16 "-" "-"
81.2.235.250 - - [19/Apr/2013:19:19:44 +0200] "GET /phpMyAdmin/main.php HTTP/1.0" 404 16 "-" "-"
81.2.235.250 - - [19/Apr/2013:19:19:44 +0200] "GET /pma/main.php HTTP/1.0" 404 16 "-" "-"
81.2.235.250 - - [19/Apr/2013:19:19:44 +0200] "GET /mysql/main.php HTTP/1.0" 404 16 "-" "-"
81.2.235.250 - - [19/Apr/2013:19:19:44 +0200] "GET /sql/main.php HTTP/1.0" 404 16 "-" "-"
81.2.235.250 - - [19/Apr/2013:19:19:44 +0200] "GET /PMA/main.php HTTP/1.0" 404 16 "-" "-"
81.2.235.250 - - [19/Apr/2013:19:19:45 +0200] "GET /admin/main.php HTTP/1.0" 404 16 "-" "-"
81.2.235.250 - - [19/Apr/2013:19:19:45 +0200] "GET /dbadmin/main.php HTTP/1.0" 404 16 "-" "-"
81.2.235.250 - - [19/Apr/2013:19:19:45 +0200] "GET /myadmin/main.php HTTP/1.0" 404 16 "-" "-"
81.2.235.250 - - [19/Apr/2013:19:19:45 +0200] "GET /db/main.php HTTP/1.0" 404 16 "-" "-"
81.2.235.250 - - [19/Apr/2013:19:19:45 +0200] "GET /sqlmanager/main.php HTTP/1.0" 404 16 "-" "-"
81.2.235.250 - - [19/Apr/2013:19:19:45 +0200] "GET /phpmyadmin2/main.php HTTP/1.0" 404 16 "-" "-"
81.2.235.250 - - [19/Apr/2013:19:19:45 +0200] "GET /phpMyAdmin2/main.php HTTP/1.0" 404 16 "-" "-"
81.2.235.250 - - [19/Apr/2013:19:19:45 +0200] "GET /phpMyAdmin-2/main.php HTTP/1.0" 404 16 "-" "-"
81.2.235.250 - - [19/Apr/2013:19:19:45 +0200] "GET /php-my-admin/main.php HTTP/1.0" 404 16 "-" "-"
81.2.235.250 - - [19/Apr/2013:19:19:45 +0200] "GET /phpMyAdmin-3.5.8-rc1/main.php HTTP/1.0" 404 16 "-" "-"
81.2.235.250 - - [19/Apr/2013:19:19:45 +0200] "GET /phpMyAdmin-4.0.0-rc1/main.php HTTP/1.0" 404 16 "-" "-"
81.2.235.250 - - [19/Apr/2013:19:19:45 +0200] "GET /phpMyAdmin-3.5.7-1/main.php HTTP/1.0" 404 16 "-" "-"
81.2.235.250 - - [19/Apr/2013:19:19:46 +0200] "GET /phpMyAdmin-3.5.7/main.php HTTP/1.0" 404 16 "-" "-"
81.2.235.250 - - [19/Apr/2013:19:19:46 +0200] "GET /phpMyAdmin-3.5.6/main.php HTTP/1.0" 404 16 "-" "-"
81.2.235.250 - - [19/Apr/2013:19:19:46 +0200] "GET /phpMyAdmin-3.5.5/main.php HTTP/1.0" 404 16 "-" "-"
81.2.235.250 - - [19/Apr/2013:19:19:46 +0200] "GET /phpMyAdmin-3.5.4/main.php HTTP/1.0" 404 16 "-" "-"
81.2.235.250 - - [19/Apr/2013:19:19:46 +0200] "GET /phpMyAdmin-3.5.3/main.php HTTP/1.0" 404 16 "-" "-"
81.2.235.250 - - [19/Apr/2013:19:19:46 +0200] "GET /phpMyAdmin-3.5.2.2/main.php HTTP/1.0" 404 16 "-" "-"
81.2.235.250 - - [19/Apr/2013:19:19:46 +0200] "GET /phpMyAdmin-3.4.11.1/main.php HTTP/1.0" 404 16 "-" "-"
81.2.235.250 - - [19/Apr/2013:19:19:46 +0200] "GET /phpMyAdmin-3.4.11.1-1/main.php HTTP/1.0" 404 16 "-" "-"
81.2.235.250 - - [19/Apr/2013:19:19:46 +0200] "GET /phpMyAdmin-3.5.2.1/main.php HTTP/1.0" 404 16 "-" "-"
81.2.235.250 - - [19/Apr/2013:19:19:46 +0200] "GET /phpMyAdmin-3.5.2/main.php HTTP/1.0" 404 16 "-" "-"
81.2.235.250 - - [19/Apr/2013:19:19:46 +0200] "GET /phpMyAdmin-3.5.1/main.php HTTP/1.0" 404 16 "-" "-"
81.2.235.250 - - [19/Apr/2013:19:19:46 +0200] "GET /phpMyAdmin-3.4.11/main.php HTTP/1.0" 404 16 "-" "-"
81.2.235.250 - - [19/Apr/2013:19:19:46 +0200] "GET /phpMyAdmin-3.5.0/main.php HTTP/1.0" 404 16 "-" "-"
81.2.235.250 - - [19/Apr/2013:19:19:47 +0200] "GET /phpMyAdmin-3.4.10.2/main.php HTTP/1.0" 404 16 "-" "-"
81.2.235.250 - - [19/Apr/2013:19:19:47 +0200] "GET /phpMyAdmin-3.4.10.1/main.php HTTP/1.0" 404 16 "-" "-"
81.2.235.250 - - [19/Apr/2013:19:19:47 +0200] "GET /phpMyAdmin-3.4.10/main.php HTTP/1.0" 404 16 "-" "-"
81.2.235.250 - - [19/Apr/2013:19:19:47 +0200] "GET /phpMyAdmin-3.4.9/main.php HTTP/1.0" 404 16 "-" "-"
81.2.235.250 - - [19/Apr/2013:19:19:47 +0200] "GET /phpMyAdmin-3.4.8/main.php HTTP/1.0" 404 16 "-" "-"
81.2.235.250 - - [19/Apr/2013:19:19:47 +0200] "GET /phpMyAdmin-3.4.7.1/main.php HTTP/1.0" 404 16 "-" "-"
81.2.235.250 - - [19/Apr/2013:19:19:47 +0200] "GET /phpMyAdmin-3.3.10.5/main.php HTTP/1.0" 404 16 "-" "-"
81.2.235.250 - - [19/Apr/2013:19:19:47 +0200] "GET /phpMyAdmin-3.4.7/main.php HTTP/1.0" 404 16 "-" "-"
81.2.235.250 - - [19/Apr/2013:19:19:47 +0200] "GET /phpMyAdmin-3.4.6/main.php HTTP/1.0" 404 16 "-" "-"
81.2.235.250 - - [19/Apr/2013:19:19:47 +0200] "GET /phpMyAdmin-3.4.5/main.php HTTP/1.0" 404 16 "-" "-"
81.2.235.250 - - [19/Apr/2013:19:19:47 +0200] "GET /phpMyAdmin-3.4.4/main.php HTTP/1.0" 404 16 "-" "-"
81.2.235.250 - - [19/Apr/2013:19:19:47 +0200] "GET /phpMyAdmin-3.3.10.4/main.php HTTP/1.0" 404 16 "-" "-"
81.2.235.250 - - [19/Apr/2013:19:19:48 +0200] "GET /phpMyAdmin-3.4.3.2/main.php HTTP/1.0" 404 16 "-" "-"
81.2.235.250 - - [19/Apr/2013:19:19:48 +0200] "GET /phpMyAdmin-3.3.10.3/main.php HTTP/1.0" 404 16 "-" "-"
81.2.235.250 - - [19/Apr/2013:19:19:48 +0200] "GET /phpMyAdmin-3.4.3.1/main.php HTTP/1.0" 404 16 "-" "-"
81.2.235.250 - - [19/Apr/2013:19:19:48 +0200] "GET /phpMyAdmin-3.3.10.2/main.php HTTP/1.0" 404 16 "-" "-"
81.2.235.250 - - [19/Apr/2013:19:19:48 +0200] "GET /phpMyAdmin-3.4.3/main.php HTTP/1.0" 404 16 "-" "-"
81.2.235.250 - - [19/Apr/2013:19:19:48 +0200] "GET /phpMyAdmin-3.4.2/main.php HTTP/1.0" 404 16 "-" "-"
81.2.235.250 - - [19/Apr/2013:19:19:48 +0200] "GET /phpMyAdmin-3.4.1/main.php HTTP/1.0" 404 16 "-" "-"
81.2.235.250 - - [19/Apr/2013:19:19:48 +0200] "GET /phpMyAdmin-3.3.10.1/main.php HTTP/1.0" 404 16 "-" "-"
81.2.235.250 - - [19/Apr/2013:19:19:48 +0200] "GET /phpMyAdmin-3.4.0/main.php HTTP/1.0" 404 16 "-" "-"
81.2.235.250 - - [19/Apr/2013:19:19:48 +0200] "GET /phpMyAdmin-3.3.10/main.php HTTP/1.0" 404 16 "-" "-"
81.2.235.250 - - [19/Apr/2013:19:19:48 +0200] "GET /phpMyAdmin-2.1.0/main.php HTTP/1.0" 404 16 "-" "-"
81.2.235.250 - - [19/Apr/2013:19:19:48 +0200] "GET /phpMyAdmin-2.0.5/main.php HTTP/1.0" 404 16 "-" "-"
81.2.235.250 - - [19/Apr/2013:19:19:49 +0200] "GET /phpMyAdmin-1.3.0/main.php HTTP/1.0" 404 16 "-" "-"
81.2.235.250 - - [19/Apr/2013:19:19:49 +0200] "GET /phpMyAdmin-1.1.0/\x09 main.php HTTP/1.0" 404 16 "-" "-"
81.2.235.250 - - [19/Apr/2013:19:19:49 +0200] "GET /phpMyAdmin-3.3.9.2/ main.php HTTP/1.0" 404 16 "-" "-"
81.2.235.250 - - [19/Apr/2013:19:19:49 +0200] "GET /phpMyAdmin-2.11.11.3/ main.php HTTP/1.0" 404 16 "-" "-"
81.2.235.250 - - [19/Apr/2013:19:19:49 +0200] "GET /phpMyAdmin-3.3.9.1/ main.php HTTP/1.0" 404 16 "-" "-"
81.2.235.250 - - [19/Apr/2013:19:19:49 +0200] "GET /phpMyAdmin-2.11.11.2/ main.php HTTP/1.0" 404 16 "-" "-"
81.2.235.250 - - [19/Apr/2013:19:19:49 +0200] "GET /phpMyAdmin-3.3.9/main.php HTTP/1.0" 404 16 "-" "-"
81.2.235.250 - - [19/Apr/2013:19:19:49 +0200] "GET /phpMyAdmin-3.3.8.1/main.php HTTP/1.0" 404 16 "-" "-"
81.2.235.250 - - [19/Apr/2013:19:19:49 +0200] "GET /phpMyAdmin-2.11.11.1/main.php HTTP/1.0" 404 16 "-" "-"
81.2.235.250 - - [19/Apr/2013:19:19:49 +0200] "GET /phpMyAdmin-3.3.8/main.php HTTP/1.0" 404 16 "-" "-"
81.2.235.250 - - [19/Apr/2013:19:19:49 +0200] "GET /phpMyAdmin-3.3.7/main.php HTTP/1.0" 404 16 "-" "-"
81.2.235.250 - - [19/Apr/2013:19:19:49 +0200] "GET /phpMyAdmin-2.11.11/main.php HTTP/1.0" 404 16 "-" "-"
81.2.235.250 - - [19/Apr/2013:19:19:49 +0200] "GET /phpMyAdmin-3.3.6/main.php HTTP/1.0" 404 16 "-" "-"
81.2.235.250 - - [19/Apr/2013:19:19:50 +0200] "GET /phpMyAdmin-3.3.5.1/main.php HTTP/1.0" 404 16 "-" "-"
81.2.235.250 - - [19/Apr/2013:19:19:50 +0200] "GET /phpMyAdmin-2.11.10.1/main.php HTTP/1.0" 404 16 "-" "-"
81.2.235.250 - - [19/Apr/2013:19:19:50 +0200] "GET /phpMyAdmin-2.2.3/main.php HTTP/1.0" 404 16 "-" "-"
81.2.235.250 - - [19/Apr/2013:19:19:50 +0200] "GET /phpMyAdmin-2.2.6/main.php HTTP/1.0" 404 16 "-" "-"
81.2.235.250 - - [19/Apr/2013:19:19:50 +0200] "GET /phpMyAdmin-2.5.1/main.php HTTP/1.0" 404 16 "-" "-"
81.2.235.250 - - [19/Apr/2013:19:19:50 +0200] "GET /phpMyAdmin-2.5.4/main.php HTTP/1.0" 404 16 "-" "-"
81.2.235.250 - - [19/Apr/2013:19:19:50 +0200] "GET /phpMyAdmin-2.5.5-rc1/main.php HTTP/1.0" 404 16 "-" "-"
81.2.235.250 - - [19/Apr/2013:19:19:50 +0200] "GET /phpMyAdmin-2.5.5-rc2/main.php HTTP/1.0" 404 16 "-" "-"
81.2.235.250 - - [19/Apr/2013:19:19:50 +0200] "GET /phpMyAdmin-2.5.5/main.php HTTP/1.0" 404 16 "-" "-"
81.2.235.250 - - [19/Apr/2013:19:19:50 +0200] "GET /phpMyAdmin-2.5.5-pl1/main.php HTTP/1.0" 404 16 "-" "-"
81.2.235.250 - - [19/Apr/2013:19:19:50 +0200] "GET /phpMyAdmin-2.5.6-rc1/main.php HTTP/1.0" 404 16 "-" "-"
81.2.235.250 - - [19/Apr/2013:19:19:50 +0200] "GET /phpMyAdmin-2.5.6-rc2/main.php HTTP/1.0" 404 16 "-" "-"
81.2.235.250 - - [19/Apr/2013:19:19:51 +0200] "GET /phpMyAdmin-2.5.6/main.php HTTP/1.0" 404 16 "-" "-"
81.2.235.250 - - [19/Apr/2013:19:19:51 +0200] "GET /phpMyAdmin-2.5.7/main.php HTTP/1.0" 404 16 "-" "-"
81.2.235.250 - - [19/Apr/2013:19:19:51 +0200] "GET /phpMyAdmin-2.5.7-pl1/main.php HTTP/1.0" 404 16 "-" "-"
81.2.235.250 - - [19/Apr/2013:19:19:51 +0200] "GET /phpMyAdmin-2.6.0-alpha/main.php HTTP/1.0" 404 16 "-" "-"
81.2.235.250 - - [19/Apr/2013:19:19:51 +0200] "GET /phpMyAdmin-2.6.0-alpha2/main.php HTTP/1.0" 404 16 "-" "-"
81.2.235.250 - - [19/Apr/2013:19:19:51 +0200] "GET /phpMyAdmin-2.6.0-beta1/main.php HTTP/1.0" 404 16 "-" "-"
81.2.235.250 - - [19/Apr/2013:19:19:51 +0200] "GET /phpMyAdmin-2.6.0-beta2/main.php HTTP/1.0" 404 16 "-" "-"
81.2.235.250 - - [19/Apr/2013:19:19:51 +0200] "GET /phpMyAdmin-2.6.0-rc1/main.php HTTP/1.0" 404 16 "-" "-"
81.2.235.250 - - [19/Apr/2013:19:19:51 +0200] "GET /phpMyAdmin-2.6.0-rc2/ main.php HTTP/1.0" 404 16 "-" "-"
81.2.235.250 - - [19/Apr/2013:19:19:51 +0200] "GET /phpMyAdmin-2.6.0-rc3/main.php HTTP/1.0" 404 16 "-" "-"
81.2.235.250 - - [19/Apr/2013:19:19:51 +0200] "GET /phpMyAdmin-2.6.0/main.php HTTP/1.0" 404 16 "-" "-"
81.2.235.250 - - [19/Apr/2013:19:19:51 +0200] "GET /phpMyAdmin-2.6.0-pl1/main.php HTTP/1.0" 404 16 "-" "-"
81.2.235.250 - - [19/Apr/2013:19:19:52 +0200] "GET /phpMyAdmin-2.6.0-pl2/main.php HTTP/1.0" 404 16 "-" "-"
81.2.235.250 - - [19/Apr/2013:19:19:52 +0200] "GET /phpMyAdmin-2.6.0-pl3/main.php HTTP/1.0" 404 16 "-" "-"
81.2.235.250 - - [19/Apr/2013:19:19:52 +0200] "GET /phpMyAdmin-2.6.1-rc1/main.php HTTP/1.0" 404 16 "-" "-"
81.2.235.250 - - [19/Apr/2013:19:19:52 +0200] "GET /phpMyAdmin-2.6.1-rc2/main.php HTTP/1.0" 404 16 "-" "-"
81.2.235.250 - - [19/Apr/2013:19:19:52 +0200] "GET /phpMyAdmin-2.6.1/main.php HTTP/1.0" 404 16 "-" "-"
81.2.235.250 - - [19/Apr/2013:19:19:52 +0200] "GET /phpMyAdmin-2.6.1-pl1/main.php HTTP/1.0" 404 16 "-" "-"
81.2.235.250 - - [19/Apr/2013:19:19:52 +0200] "GET /phpMyAdmin-2.6.1-pl2/main.php HTTP/1.0" 404 16 "-" "-"
81.2.235.250 - - [19/Apr/2013:19:19:52 +0200] "GET /phpMyAdmin-2.6.1-pl3/main.php HTTP/1.0" 404 16 "-" "-"
81.2.235.250 - - [19/Apr/2013:19:19:52 +0200] "GET /phpMyAdmin-2.6.2-rc1/main.php HTTP/1.0" 404 16 "-" "-"
81.2.235.250 - - [19/Apr/2013:19:19:52 +0200] "GET /phpMyAdmin-2.6.2-beta1/main.php HTTP/1.0" 404 16 "-" "-"
81.2.235.250 - - [19/Apr/2013:19:19:52 +0200] "GET /phpMyAdmin-2.6.2-rc1/main.php HTTP/1.0" 404 16 "-" "-"
81.2.235.250 - - [19/Apr/2013:19:19:52 +0200] "GET /phpMyAdmin-2.6.2/main.php HTTP/1.0" 404 16 "-" "-"
81.2.235.250 - - [19/Apr/2013:19:19:53 +0200] "GET /phpMyAdmin-2.6.2-pl1/main.php HTTP/1.0" 404 16 "-" "-"
81.2.235.250 - - [19/Apr/2013:19:19:53 +0200] "GET /phpMyAdmin-2.6.3/main.php HTTP/1.0" 404 16 "-" "-"
81.2.235.250 - - [19/Apr/2013:19:19:53 +0200] "GET /phpMyAdmin-2.6.3-rc1/main.php HTTP/1.0" 404 16 "-" "-"
81.2.235.250 - - [19/Apr/2013:19:19:53 +0200] "GET /phpMyAdmin-2.6.3/main.php HTTP/1.0" 404 16 "-" "-"
81.2.235.250 - - [19/Apr/2013:19:19:53 +0200] "GET /phpMyAdmin-2.6.3-pl1/  main.php HTTP/1.0" 404 16 "-" "-"
81.2.235.250 - - [19/Apr/2013:19:19:53 +0200] "GET /phpMyAdmin-2.6.4-rc1/main.php HTTP/1.0" 404 16 "-" "-"
81.2.235.250 - - [19/Apr/2013:19:19:53 +0200] "GET /phpMyAdmin-2.6.4-pl1/main.php HTTP/1.0" 404 16 "-" "-"
81.2.235.250 - - [19/Apr/2013:19:19:53 +0200] "GET /phpMyAdmin-2.6.4-pl2/main.php HTTP/1.0" 404 16 "-" "-"
81.2.235.250 - - [19/Apr/2013:19:19:53 +0200] "GET /phpMyAdmin-2.6.4-pl3/main.php HTTP/1.0" 404 16 "-" "-"
81.2.235.250 - - [19/Apr/2013:19:19:53 +0200] "GET /phpMyAdmin-2.6.4-pl4/main.php HTTP/1.0" 404 16 "-" "-"
81.2.235.250 - - [19/Apr/2013:19:19:53 +0200] "GET /phpMyAdmin-2.6.4/main.php HTTP/1.0" 404 16 "-" "-"
81.2.235.250 - - [19/Apr/2013:19:19:53 +0200] "GET /phpMyAdmin-2.7.0-beta1/main.php HTTP/1.0" 404 16 "-" "-"
81.2.235.250 - - [19/Apr/2013:19:19:53 +0200] "GET /phpMyAdmin-2.7.0-rc1/main.php HTTP/1.0" 404 16 "-" "-"
81.2.235.250 - - [19/Apr/2013:19:19:54 +0200] "GET /phpMyAdmin-2.7.0-pl1/main.php HTTP/1.0" 404 16 "-" "-"
81.2.235.250 - - [19/Apr/2013:19:19:54 +0200] "GET /phpMyAdmin-2.7.0-pl2/main.php HTTP/1.0" 404 16 "-" "-"
81.2.235.250 - - [19/Apr/2013:19:19:54 +0200] "GET /phpMyAdmin-2.7.0/main.php HTTP/1.0" 404 16 "-" "-"
81.2.235.250 - - [19/Apr/2013:19:19:54 +0200] "GET /phpMyAdmin-2.8.0-beta1/main.php HTTP/1.0" 404 16 "-" "-"
81.2.235.250 - - [19/Apr/2013:19:19:54 +0200] "GET /phpMyAdmin-2.8.0-rc1/main.php HTTP/1.0" 404 16 "-" "-"
81.2.235.250 - - [19/Apr/2013:19:19:54 +0200] "GET /phpMyAdmin-2.8.0-rc2/main.php HTTP/1.0" 404 16 "-" "-"
81.2.235.250 - - [19/Apr/2013:19:19:54 +0200] "GET /phpMyAdmin-2.8.0/main.php HTTP/1.0" 404 16 "-" "-"
81.2.235.250 - - [19/Apr/2013:19:19:54 +0200] "GET /phpMyAdmin-2.8.0/main.php HTTP/1.0" 404 16 "-" "-"
213.211.136.241 - - [19/Apr/2013:19:33:45 +0200] "GET /podcast.php HTTP/1.1" 301 5 "-" "iTunes/11.0.2 (Windows; Microsoft Windows 7 x64 Home Premium Edition Service Pack 1 (Build 7601)) AppleWebKit/536.27.1"
213.211.136.241 - - [19/Apr/2013:19:33:46 +0200] "GET /podcasts-out/?podcastname=Best_Of_The_Bets_Show HTTP/1.1" 200 8834 "-" "iTunes/11.0.2 (Windows; Microsoft Windows 7 x64 Home Premium Edition Service Pack 1 (Build 7601)) AppleWebKit/536.27.1"
86.174.181.63 - - [19/Apr/2013:19:36:59 +0200] "GET /podcasts-out/?podcastname=Best_Of_The_Bets_Show HTTP/1.1" 200 8834 "-" "iTunes/11.0 (Windows; Microsoft Windows 7 x64 Home Premium Edition Service Pack 1 (Build 7601)) AppleWebKit/536.27.1"
17.154.84.39 - - [19/Apr/2013:19:46:39 +0200] "HEAD /podcasts-out/?podcastname=Best_Of_The_Bets_Show HTTP/1.1" 200 0 "-" "iTMS"
17.154.84.39 - - [19/Apr/2013:19:46:39 +0200] "HEAD /podcasts-out/?podcastname=Best_Of_The_Bets_Show HTTP/1.1" 200 0 "-" "iTMS"
17.154.84.41 - - [19/Apr/2013:19:46:40 +0200] "GET /podcasts-out/?podcastname=Best_Of_The_Bets_Show HTTP/1.1" 200 8834 "-" "iTMS"
17.154.84.38 - - [19/Apr/2013:19:46:40 +0200] "GET /podcasts-out/?podcastname=Best_Of_The_Bets_Show HTTP/1.1" 200 8834 "-" "Jakarta Commons-HttpClient/3.0"
17.154.84.39 - - [19/Apr/2013:20:58:55 +0200] "HEAD /podcasts-out/?podcastname=Best_Of_The_Bets_Show HTTP/1.1" 200 0 "-" "iTMS"
17.154.84.39 - - [19/Apr/2013:20:58:55 +0200] "HEAD /podcasts-out/?podcastname=Best_Of_The_Bets_Show HTTP/1.1" 200 0 "-" "iTMS"
17.154.84.42 - - [19/Apr/2013:20:58:55 +0200] "GET /podcasts-out/?podcastname=Best_Of_The_Bets_Show HTTP/1.1" 200 8834 "-" "iTMS"
17.154.84.37 - - [19/Apr/2013:20:58:55 +0200] "GET /podcasts-out/?podcastname=Best_Of_The_Bets_Show HTTP/1.1" 200 8834 "-" "Jakarta Commons-HttpClient/3.0"
81.157.106.220 - - [19/Apr/2013:21:08:57 +0200] "GET /podcasts-out/?podcastname=Best_Of_The_Bets_Show HTTP/1.1" 200 8834 "-" "iTunes/11.0.2 (Windows; Microsoft Windows 7 x64 Home Premium Edition Service Pack 1 (Build 7601)) AppleWebKit/536.27.1"
86.139.202.214 - - [19/Apr/2013:21:36:52 +0200] "GET /podcasts-out/?podcastname=Best_Of_The_Bets_Show HTTP/1.1" 200 8834 "-" "Podcasts/1.2.1"
86.139.202.214 - - [19/Apr/2013:21:36:52 +0200] "GET /podcasts-out/?podcastname=Best_Of_The_Bets_Show HTTP/1.1" 200 8834 "-" "Podcasts/1.2.1"
86.139.202.214 - - [19/Apr/2013:21:36:58 +0200] "GET /podcasts-out/?podcastname=Best_Of_The_Bets_Show HTTP/1.1" 200 8834 "-" "Podcasts/1.2.1"
5.65.133.85 - - [19/Apr/2013:21:53:49 +0200] "GET /podcasts-out/?podcastname=Best_Of_The_Bets_Show HTTP/1.1" 200 8834 "-" "Podcasts/1.2.1"
5.65.133.85 - - [19/Apr/2013:21:53:53 +0200] "GET /podcasts-out/?podcastname=Best_Of_The_Bets_Show HTTP/1.1" 200 8834 "-" "Podcasts/1.2.1"
17.154.84.39 - - [19/Apr/2013:22:03:01 +0200] "HEAD /podcasts-out/?podcastname=Best_Of_The_Bets_Show HTTP/1.1" 200 0 "-" "iTMS"
17.154.84.42 - - [19/Apr/2013:22:03:02 +0200] "HEAD /podcasts-out/?podcastname=Best_Of_The_Bets_Show HTTP/1.1" 200 0 "-" "iTMS"
17.154.84.42 - - [19/Apr/2013:22:03:02 +0200] "GET /podcasts-out/?podcastname=Best_Of_The_Bets_Show HTTP/1.1" 200 8834 "-" "iTMS"
17.154.84.37 - - [19/Apr/2013:22:03:03 +0200] "GET /podcasts-out/?podcastname=Best_Of_The_Bets_Show HTTP/1.1" 200 8834 "-" "Jakarta Commons-HttpClient/3.0"
176.27.234.146 - - [19/Apr/2013:22:09:19 +0200] "GET /podcasts-out/?podcastname=Best_Of_The_Bets_Show HTTP/1.1" 200 8834 "-" "iTunes/10.7 Downcast/2.8.2.2001"
17.154.84.39 - - [19/Apr/2013:23:04:55 +0200] "HEAD /podcasts-out/?podcastname=Best_Of_The_Bets_Show HTTP/1.1" 200 0 "-" "iTMS"
17.154.84.39 - - [19/Apr/2013:23:04:55 +0200] "HEAD /podcasts-out/?podcastname=Best_Of_The_Bets_Show HTTP/1.1" 200 0 "-" "iTMS"
17.154.84.40 - - [19/Apr/2013:23:04:55 +0200] "GET /podcasts-out/?podcastname=Best_Of_The_Bets_Show HTTP/1.1" 200 8834 "-" "iTMS"
17.154.84.38 - - [19/Apr/2013:23:04:56 +0200] "GET /podcasts-out/?podcastname=Best_Of_The_Bets_Show HTTP/1.1" 200 8834 "-" "Jakarta Commons-HttpClient/3.0"
86.174.181.63 - - [19/Apr/2013:23:56:30 +0200] "GET /podcasts-out/?podcastname=Best_Of_The_Bets_Show HTTP/1.1" 200 8834 "-" "iTunes/11.0 (Windows; Microsoft Windows 7 x64 Home Premium Edition Service Pack 1 (Build 7601)) AppleWebKit/536.27.1"
176.28.40.120 - - [20/Apr/2013:00:03:57 +0200] "GET /w00tw00t.at.ISC.SANS.DFind:) HTTP/1.1" 400 172 "-" "-"
17.154.84.41 - - [20/Apr/2013:00:08:10 +0200] "HEAD /podcasts-out/?podcastname=Best_Of_The_Bets_Show HTTP/1.1" 200 0 "-" "iTMS"
17.154.84.39 - - [20/Apr/2013:00:08:11 +0200] "HEAD /podcasts-out/?podcastname=Best_Of_The_Bets_Show HTTP/1.1" 200 0 "-" "iTMS"
17.154.84.41 - - [20/Apr/2013:00:08:11 +0200] "GET /podcasts-out/?podcastname=Best_Of_The_Bets_Show HTTP/1.1" 200 8834 "-" "iTMS"
17.154.84.35 - - [20/Apr/2013:00:08:11 +0200] "GET /podcasts-out/?podcastname=Best_Of_The_Bets_Show HTTP/1.1" 200 8834 "-" "Jakarta Commons-HttpClient/3.0"
94.10.241.20 - - [20/Apr/2013:00:39:18 +0200] "GET /podcast.php HTTP/1.1" 301 5 "-" "iTunes/11.0.2 (Macintosh; OS X 10.7.5) AppleWebKit/534.57.7"
94.10.241.20 - - [20/Apr/2013:00:39:18 +0200] "GET /podcasts-out/?podcastname=Best_Of_The_Bets_Show HTTP/1.1" 200 8834 "-" "iTunes/11.0.2 (Macintosh; OS X 10.7.5) AppleWebKit/534.57.7"
94.10.241.20 - - [20/Apr/2013:00:39:18 +0200] "GET /podcasts-out/?podcastname=Best_Of_The_Bets_Show HTTP/1.1" 200 8834 "-" "iTunes/11.0.2 (Macintosh; OS X 10.7.5) AppleWebKit/534.57.7"
86.174.181.63 - - [20/Apr/2013:00:56:25 +0200] "GET /podcasts-out/?podcastname=Best_Of_The_Bets_Show HTTP/1.1" 200 8834 "-" "iTunes/11.0 (Windows; Microsoft Windows 7 x64 Home Premium Edition Service Pack 1 (Build 7601)) AppleWebKit/536.27.1"
17.154.84.41 - - [20/Apr/2013:01:34:13 +0200] "HEAD /podcasts-out/?podcastname=Best_Of_The_Bets_Show HTTP/1.1" 200 0 "-" "iTMS"
17.154.84.39 - - [20/Apr/2013:01:34:14 +0200] "HEAD /podcasts-out/?podcastname=Best_Of_The_Bets_Show HTTP/1.1" 200 0 "-" "iTMS"
17.154.84.39 - - [20/Apr/2013:01:34:14 +0200] "GET /podcasts-out/?podcastname=Best_Of_The_Bets_Show HTTP/1.1" 200 8834 "-" "iTMS"
17.154.84.37 - - [20/Apr/2013:01:34:14 +0200] "GET /podcasts-out/?podcastname=Best_Of_The_Bets_Show HTTP/1.1" 200 8834 "-" "Jakarta Commons-HttpClient/3.0"
17.154.84.39 - - [20/Apr/2013:02:40:31 +0200] "HEAD /podcasts-out/?podcastname=Best_Of_The_Bets_Show HTTP/1.1" 200 0 "-" "iTMS"
17.154.84.39 - - [20/Apr/2013:02:40:31 +0200] "HEAD /podcasts-out/?podcastname=Best_Of_The_Bets_Show HTTP/1.1" 200 0 "-" "iTMS"
17.154.84.39 - - [20/Apr/2013:02:40:31 +0200] "GET /podcasts-out/?podcastname=Best_Of_The_Bets_Show HTTP/1.1" 200 8834 "-" "iTMS"
17.154.84.38 - - [20/Apr/2013:02:40:31 +0200] "GET /podcasts-out/?podcastname=Best_Of_The_Bets_Show HTTP/1.1" 200 8834 "-" "Jakarta Commons-HttpClient/3.0"
17.154.84.42 - - [20/Apr/2013:03:51:47 +0200] "HEAD /podcasts-out/?podcastname=Best_Of_The_Bets_Show HTTP/1.1" 200 0 "-" "iTMS"
17.154.84.39 - - [20/Apr/2013:03:51:47 +0200] "HEAD /podcasts-out/?podcastname=Best_Of_The_Bets_Show HTTP/1.1" 200 0 "-" "iTMS"
17.154.84.39 - - [20/Apr/2013:03:51:47 +0200] "GET /podcasts-out/?podcastname=Best_Of_The_Bets_Show HTTP/1.1" 200 8834 "-" "iTMS"
17.154.84.38 - - [20/Apr/2013:03:51:48 +0200] "GET /podcasts-out/?podcastname=Best_Of_The_Bets_Show HTTP/1.1" 200 8834 "-" "Jakarta Commons-HttpClient/3.0"
5.65.133.85 - - [20/Apr/2013:03:59:58 +0200] "GET /podcasts-out/?podcastname=Best_Of_The_Bets_Show HTTP/1.1" 200 8834 "-" "Podcasts/1.2.1"
95.211.226.81 - - [20/Apr/2013:04:25:10 +0200] "GET /podcast.php HTTP/1.0" 301 0 "-" "-"
95.211.226.81 - - [20/Apr/2013:04:25:10 +0200] "GET /podcasts-out/?podcastname=Best_Of_The_Bets_Show HTTP/1.0" 200 8814 "-" "-"
66.249.73.13 - - [20/Apr/2013:04:32:36 +0200] "GET /robots.txt HTTP/1.1" 404 168 "-" "Mozilla/5.0 (compatible; Googlebot/2.1; +http://www.google.com/bot.html)"
67.215.186.198 - - [20/Apr/2013:04:49:57 +0200] "GET /w00tw00t.at.ISC.SANS.Win32:) HTTP/1.1" 400 172 "-" "-"
17.154.84.42 - - [20/Apr/2013:04:55:38 +0200] "HEAD /podcasts-out/?podcastname=Best_Of_The_Bets_Show HTTP/1.1" 200 0 "-" "iTMS"
17.154.84.39 - - [20/Apr/2013:04:55:38 +0200] "HEAD /podcasts-out/?podcastname=Best_Of_The_Bets_Show HTTP/1.1" 200 0 "-" "iTMS"
17.154.84.41 - - [20/Apr/2013:04:55:39 +0200] "GET /podcasts-out/?podcastname=Best_Of_The_Bets_Show HTTP/1.1" 200 8834 "-" "iTMS"
17.154.84.38 - - [20/Apr/2013:04:55:39 +0200] "GET /podcasts-out/?podcastname=Best_Of_The_Bets_Show HTTP/1.1" 200 8834 "-" "Jakarta Commons-HttpClient/3.0"
17.154.84.41 - - [20/Apr/2013:06:08:08 +0200] "HEAD /podcasts-out/?podcastname=Best_Of_The_Bets_Show HTTP/1.1" 200 0 "-" "iTMS"
17.154.84.39 - - [20/Apr/2013:06:08:08 +0200] "HEAD /podcasts-out/?podcastname=Best_Of_The_Bets_Show HTTP/1.1" 200 0 "-" "iTMS"
17.154.84.39 - - [20/Apr/2013:06:08:09 +0200] "GET /podcasts-out/?podcastname=Best_Of_The_Bets_Show HTTP/1.1" 200 8834 "-" "iTMS"
17.154.84.35 - - [20/Apr/2013:06:08:10 +0200] "GET /podcasts-out/?podcastname=Best_Of_The_Bets_Show HTTP/1.1" 200 8834 "-" "Jakarta Commons-HttpClient/3.0"
95.211.226.81 - - [20/Apr/2013:06:44:19 +0200] "GET /podcast.php HTTP/1.0" 301 0 "-" "-"
95.211.226.81 - - [20/Apr/2013:06:44:19 +0200] "GET /podcasts-out/?podcastname=Best_Of_The_Bets_Show HTTP/1.0" 200 8814 "-" "-"
93.63.195.11 - - [20/Apr/2013:06:44:54 +0200] "GET /robots.txt HTTP/1.0" 404 168 "-" "Mozilla/5.0 (compatible; MJ12bot/v1.4.3; http://www.majestic12.co.uk/bot.php?+)"
17.154.84.42 - - [20/Apr/2013:07:10:32 +0200] "HEAD /podcasts-out/?podcastname=Best_Of_The_Bets_Show HTTP/1.1" 200 0 "-" "iTMS"
17.154.84.39 - - [20/Apr/2013:07:10:32 +0200] "HEAD /podcasts-out/?podcastname=Best_Of_The_Bets_Show HTTP/1.1" 200 0 "-" "iTMS"
17.154.84.41 - - [20/Apr/2013:07:10:32 +0200] "GET /podcasts-out/?podcastname=Best_Of_The_Bets_Show HTTP/1.1" 200 8834 "-" "iTMS"
17.154.84.35 - - [20/Apr/2013:07:10:33 +0200] "GET /podcasts-out/?podcastname=Best_Of_The_Bets_Show HTTP/1.1" 200 8834 "-" "Jakarta Commons-HttpClient/3.0"
79.68.109.210 - - [20/Apr/2013:07:25:58 +0200] "GET /podcast.php HTTP/1.1" 301 5 "-" "Podcasts/1.2.1"
79.68.109.210 - - [20/Apr/2013:07:25:58 +0200] "GET /podcasts-out/?podcastname=Best_Of_The_Bets_Show HTTP/1.1" 200 8834 "-" "Podcasts/1.2.1"
95.211.226.81 - - [20/Apr/2013:07:59:46 +0200] "GET /podcast.php HTTP/1.0" 301 0 "-" "-"
95.211.226.81 - - [20/Apr/2013:07:59:46 +0200] "GET /podcasts-out/?podcastname=Best_Of_The_Bets_Show HTTP/1.0" 200 8814 "-" "-"
82.192.90.142 - - [20/Apr/2013:08:01:07 +0200] "GET /w00tw00t.at.ISC.SANS.DFind:) HTTP/1.1" 400 172 "-" "-"
17.154.84.42 - - [20/Apr/2013:08:26:08 +0200] "HEAD /podcasts-out/?podcastname=Best_Of_The_Bets_Show HTTP/1.1" 200 0 "-" "iTMS"
17.154.84.42 - - [20/Apr/2013:08:26:08 +0200] "HEAD /podcasts-out/?podcastname=Best_Of_The_Bets_Show HTTP/1.1" 200 0 "-" "iTMS"
17.154.84.39 - - [20/Apr/2013:08:26:08 +0200] "GET /podcasts-out/?podcastname=Best_Of_The_Bets_Show HTTP/1.1" 200 8834 "-" "iTMS"
17.154.84.37 - - [20/Apr/2013:08:26:09 +0200] "GET /podcasts-out/?podcastname=Best_Of_The_Bets_Show HTTP/1.1" 200 8834 "-" "Jakarta Commons-HttpClient/3.0"
95.211.226.81 - - [20/Apr/2013:08:31:42 +0200] "GET /podcast.php HTTP/1.0" 301 0 "-" "-"
95.211.226.81 - - [20/Apr/2013:08:31:43 +0200] "GET /podcasts-out/?podcastname=Best_Of_The_Bets_Show HTTP/1.0" 200 8814 "-" "-"
86.139.202.214 - - [20/Apr/2013:09:01:05 +0200] "GET /podcasts-out/?podcastname=Best_Of_The_Bets_Show HTTP/1.1" 200 8834 "-" "Podcasts/1.2.1"
86.139.202.214 - - [20/Apr/2013:09:01:06 +0200] "GET /podcasts-out/?podcastname=Best_Of_The_Bets_Show HTTP/1.1" 200 8834 "-" "Podcasts/1.2.1"
86.139.202.214 - - [20/Apr/2013:09:01:07 +0200] "GET /podcasts-out/?podcastname=Best_Of_The_Bets_Show HTTP/1.1" 200 8834 "-" "Podcasts/1.2.1"
69.162.139.197 - - [20/Apr/2013:09:04:43 +0200] "GET /podcast.php HTTP/1.0" 301 0 "-" "Mozilla/5.0 (Windows; U; Windows NT 5.0; en-US; rv:1.2.3.7) Gecko/20071223 Firefox/2.0.0.9"
69.162.139.197 - - [20/Apr/2013:09:04:43 +0200] "GET /podcasts-out/?podcastname=Best_Of_The_Bets_Show HTTP/1.0" 200 8814 "-" "Mozilla/5.0 (Windows; U; Windows NT 5.0; en-US; rv:1.2.3.7) Gecko/20071223 Firefox/2.0.0.9"
17.154.84.41 - - [20/Apr/2013:09:29:16 +0200] "HEAD /podcasts-out/?podcastname=Best_Of_The_Bets_Show HTTP/1.1" 200 0 "-" "iTMS"
17.154.84.41 - - [20/Apr/2013:09:29:16 +0200] "HEAD /podcasts-out/?podcastname=Best_Of_The_Bets_Show HTTP/1.1" 200 0 "-" "iTMS"
17.154.84.41 - - [20/Apr/2013:09:29:16 +0200] "GET /podcasts-out/?podcastname=Best_Of_The_Bets_Show HTTP/1.1" 200 8834 "-" "iTMS"
17.154.84.36 - - [20/Apr/2013:09:29:17 +0200] "GET /podcasts-out/?podcastname=Best_Of_The_Bets_Show HTTP/1.1" 200 8834 "-" "Jakarta Commons-HttpClient/3.0"
82.12.149.73 - - [20/Apr/2013:10:21:04 +0200] "GET /podcasts-out/?podcastname=Best_Of_The_Bets_Show HTTP/1.1" 200 8834 "-" "iTunes/11.0.2 (Windows; Microsoft Windows XP Professional Service Pack 2 (Build 2600)) AppleWebKit/536.27.1"
86.174.181.63 - - [20/Apr/2013:10:22:01 +0200] "GET /podcasts-out/?podcastname=Best_Of_The_Bets_Show HTTP/1.1" 200 8834 "-" "iTunes/11.0 (Windows; Microsoft Windows 7 x64 Home Premium Edition Service Pack 1 (Build 7601)) AppleWebKit/536.27.1"
17.154.84.39 - - [20/Apr/2013:10:32:13 +0200] "HEAD /podcasts-out/?podcastname=Best_Of_The_Bets_Show HTTP/1.1" 200 0 "-" "iTMS"
17.154.84.42 - - [20/Apr/2013:10:32:13 +0200] "HEAD /podcasts-out/?podcastname=Best_Of_The_Bets_Show HTTP/1.1" 200 0 "-" "iTMS"
17.154.84.40 - - [20/Apr/2013:10:32:14 +0200] "GET /podcasts-out/?podcastname=Best_Of_The_Bets_Show HTTP/1.1" 200 8834 "-" "iTMS"
17.154.84.37 - - [20/Apr/2013:10:32:14 +0200] "GET /podcasts-out/?podcastname=Best_Of_The_Bets_Show HTTP/1.1" 200 8834 "-" "Jakarta Commons-HttpClient/3.0"
2.248.152.242 - - [20/Apr/2013:11:18:11 +0200] "GET /podcasts-out/?podcastname=Best_Of_The_Bets_Show HTTP/1.1" 200 8834 "-" "iTunes/11.0.2 (Macintosh; OS X 10.7.5) AppleWebKit/534.57.7"
86.174.181.63 - - [20/Apr/2013:11:21:57 +0200] "GET /podcasts-out/?podcastname=Best_Of_The_Bets_Show HTTP/1.1" 200 8834 "-" "iTunes/11.0 (Windows; Microsoft Windows 7 x64 Home Premium Edition Service Pack 1 (Build 7601)) AppleWebKit/536.27.1"
17.154.84.40 - - [20/Apr/2013:11:41:44 +0200] "HEAD /podcasts-out/?podcastname=Best_Of_The_Bets_Show HTTP/1.1" 200 0 "-" "iTMS"
17.154.84.41 - - [20/Apr/2013:11:41:45 +0200] "HEAD /podcasts-out/?podcastname=Best_Of_The_Bets_Show HTTP/1.1" 200 0 "-" "iTMS"
17.154.84.40 - - [20/Apr/2013:11:41:45 +0200] "GET /podcasts-out/?podcastname=Best_Of_The_Bets_Show HTTP/1.1" 200 8834 "-" "iTMS"
17.154.84.36 - - [20/Apr/2013:11:41:45 +0200] "GET /podcasts-out/?podcastname=Best_Of_The_Bets_Show HTTP/1.1" 200 8834 "-" "Jakarta Commons-HttpClient/3.0"
86.174.181.63 - - [20/Apr/2013:12:21:56 +0200] "GET /podcasts-out/?podcastname=Best_Of_The_Bets_Show HTTP/1.1" 200 8834 "-" "iTunes/11.0 (Windows; Microsoft Windows 7 x64 Home Premium Edition Service Pack 1 (Build 7601)) AppleWebKit/536.27.1"
2.248.152.242 - - [20/Apr/2013:12:26:50 +0200] "GET /podcasts-out/?podcastname=Best_Of_The_Bets_Show HTTP/1.1" 200 8834 "-" "iTunes/11.0.2 (Macintosh; OS X 10.7.5) AppleWebKit/534.57.7"
17.154.84.39 - - [20/Apr/2013:12:42:20 +0200] "HEAD /podcasts-out/?podcastname=Best_Of_The_Bets_Show HTTP/1.1" 200 0 "-" "iTMS"
17.154.84.41 - - [20/Apr/2013:12:42:20 +0200] "GET /podcasts-out/?podcastname=Best_Of_The_Bets_Show HTTP/1.1" 200 8834 "-" "iTMS"
17.154.84.36 - - [20/Apr/2013:12:42:21 +0200] "GET /podcasts-out/?podcastname=Best_Of_The_Bets_Show HTTP/1.1" 200 8834 "-" "Jakarta Commons-HttpClient/3.0"
86.174.181.63 - - [20/Apr/2013:13:50:40 +0200] "GET /podcasts-out/?podcastname=Best_Of_The_Bets_Show HTTP/1.1" 200 8834 "-" "iTunes/11.0 (Windows; Microsoft Windows 7 x64 Home Premium Edition Service Pack 1 (Build 7601)) AppleWebKit/536.27.1"
17.154.84.39 - - [20/Apr/2013:13:53:22 +0200] "HEAD /podcasts-out/?podcastname=Best_Of_The_Bets_Show HTTP/1.1" 200 0 "-" "iTMS"
17.154.84.42 - - [20/Apr/2013:13:53:22 +0200] "HEAD /podcasts-out/?podcastname=Best_Of_The_Bets_Show HTTP/1.1" 200 0 "-" "iTMS"
17.154.84.40 - - [20/Apr/2013:13:53:23 +0200] "GET /podcasts-out/?podcastname=Best_Of_The_Bets_Show HTTP/1.1" 200 8834 "-" "iTMS"
17.154.84.37 - - [20/Apr/2013:13:53:23 +0200] "GET /podcasts-out/?podcastname=Best_Of_The_Bets_Show HTTP/1.1" 200 8834 "-" "Jakarta Commons-HttpClient/3.0"
2.248.152.242 - - [20/Apr/2013:14:07:51 +0200] "GET /podcasts-out/?podcastname=Best_Of_The_Bets_Show HTTP/1.1" 200 8834 "-" "iTunes/11.0.2 (Macintosh; OS X 10.7.5) AppleWebKit/534.57.7"
86.174.181.63 - - [20/Apr/2013:14:50:33 +0200] "GET /podcasts-out/?podcastname=Best_Of_The_Bets_Show HTTP/1.1" 200 8834 "-" "iTunes/11.0 (Windows; Microsoft Windows 7 x64 Home Premium Edition Service Pack 1 (Build 7601)) AppleWebKit/536.27.1"
17.154.84.40 - - [20/Apr/2013:14:57:08 +0200] "HEAD /podcasts-out/?podcastname=Best_Of_The_Bets_Show HTTP/1.1" 200 0 "-" "iTMS"
17.154.84.41 - - [20/Apr/2013:14:57:08 +0200] "HEAD /podcasts-out/?podcastname=Best_Of_The_Bets_Show HTTP/1.1" 200 0 "-" "iTMS"
17.154.84.40 - - [20/Apr/2013:14:57:09 +0200] "GET /podcasts-out/?podcastname=Best_Of_The_Bets_Show HTTP/1.1" 200 8834 "-" "iTMS"
17.154.84.38 - - [20/Apr/2013:14:57:09 +0200] "GET /podcasts-out/?podcastname=Best_Of_The_Bets_Show HTTP/1.1" 200 8834 "-" "Jakarta Commons-HttpClient/3.0"
2.248.152.242 - - [20/Apr/2013:15:07:52 +0200] "GET /podcasts-out/?podcastname=Best_Of_The_Bets_Show HTTP/1.1" 200 8834 "-" "iTunes/11.0.2 (Macintosh; OS X 10.7.5) AppleWebKit/534.57.7"
176.61.139.107 - - [20/Apr/2013:15:43:29 +0200] "-" 400 0 "-" "-"
176.27.234.146 - - [20/Apr/2013:15:45:41 +0200] "GET /podcasts-out/?podcastname=Best_Of_The_Bets_Show HTTP/1.1" 200 8834 "-" "iTunes/10.7 Downcast/2.8.2.2001"
86.174.181.63 - - [20/Apr/2013:15:50:41 +0200] "GET /podcasts-out/?podcastname=Best_Of_The_Bets_Show HTTP/1.1" 200 8834 "-" "iTunes/11.0 (Windows; Microsoft Windows 7 x64 Home Premium Edition Service Pack 1 (Build 7601)) AppleWebKit/536.27.1"
176.61.139.107 - - [20/Apr/2013:16:02:46 +0200] "GET http://37.28.156.211/sprawdza.php HTTP/1.1" 404 27 "-" "Mozilla/5.0 (compatible; MSIE 9.0; Windows NT 6.1; Trident/5.0)"
17.154.84.40 - - [20/Apr/2013:16:04:59 +0200] "HEAD /podcasts-out/?podcastname=Best_Of_The_Bets_Show HTTP/1.1" 200 0 "-" "iTMS"
17.154.84.41 - - [20/Apr/2013:16:04:59 +0200] "HEAD /podcasts-out/?podcastname=Best_Of_The_Bets_Show HTTP/1.1" 200 0 "-" "iTMS"
17.154.84.39 - - [20/Apr/2013:16:04:59 +0200] "GET /podcasts-out/?podcastname=Best_Of_The_Bets_Show HTTP/1.1" 200 8834 "-" "iTMS"
17.154.84.35 - - [20/Apr/2013:16:05:00 +0200] "GET /podcasts-out/?podcastname=Best_Of_The_Bets_Show HTTP/1.1" 200 8834 "-" "Jakarta Commons-HttpClient/3.0"
2.248.152.242 - - [20/Apr/2013:16:07:51 +0200] "GET /podcasts-out/?podcastname=Best_Of_The_Bets_Show HTTP/1.1" 200 8834 "-" "iTunes/11.0.2 (Macintosh; OS X 10.7.5) AppleWebKit/534.57.7"
151.226.228.177 - - [20/Apr/2013:16:25:39 +0200] "GET /podcasts-out/?podcastname=Best_Of_The_Bets_Show HTTP/1.1" 200 8834 "-" "iTunes/11.0.2 (Windows; Microsoft Windows 7 x64 Home Premium Edition Service Pack 1 (Build 7601)) AppleWebKit/536.27.1"
86.139.202.214 - - [20/Apr/2013:16:28:00 +0200] "GET /podcasts-out/?podcastname=Best_Of_The_Bets_Show HTTP/1.1" 200 8834 "-" "Podcasts/1.2.1"
86.139.202.214 - - [20/Apr/2013:16:28:00 +0200] "GET /podcasts-out/?podcastname=Best_Of_The_Bets_Show HTTP/1.1" 200 8834 "-" "Podcasts/1.2.1"
86.139.202.214 - - [20/Apr/2013:16:28:00 +0200] "GET /podcasts-out/?podcastname=Best_Of_The_Bets_Show HTTP/1.1" 200 8834 "-" "Podcasts/1.2.1"
86.139.202.214 - - [20/Apr/2013:16:28:00 +0200] "GET /podcasts-out/?podcastname=Best_Of_The_Bets_Show HTTP/1.1" 200 8834 "-" "Podcasts/1.2.1"
86.139.202.214 - - [20/Apr/2013:16:28:06 +0200] "GET /podcasts-out/?podcastname=Best_Of_The_Bets_Show HTTP/1.1" 200 8834 "-" "Podcasts/1.2.1"
86.174.181.63 - - [20/Apr/2013:16:50:39 +0200] "GET /podcasts-out/?podcastname=Best_Of_The_Bets_Show HTTP/1.1" 200 8834 "-" "iTunes/11.0 (Windows; Microsoft Windows 7 x64 Home Premium Edition Service Pack 1 (Build 7601)) AppleWebKit/536.27.1"
2.248.152.242 - - [20/Apr/2013:17:05:23 +0200] "GET /podcasts-out/?podcastname=Best_Of_The_Bets_Show HTTP/1.1" 200 8834 "-" "iTunes/11.0.2 (Macintosh; OS X 10.7.5) AppleWebKit/534.57.7"
2.248.152.242 - - [20/Apr/2013:17:05:23 +0200] "GET /podcasts-out/?podcastname=Best_Of_The_Bets_Show HTTP/1.1" 200 8834 "-" "iTunes/11.0.2 (Macintosh; OS X 10.7.5) AppleWebKit/534.57.7"
17.154.84.41 - - [20/Apr/2013:17:06:23 +0200] "HEAD /podcasts-out/?podcastname=Best_Of_The_Bets_Show HTTP/1.1" 200 0 "-" "iTMS"
17.154.84.41 - - [20/Apr/2013:17:06:23 +0200] "HEAD /podcasts-out/?podcastname=Best_Of_The_Bets_Show HTTP/1.1" 200 0 "-" "iTMS"
17.154.84.41 - - [20/Apr/2013:17:06:23 +0200] "GET /podcasts-out/?podcastname=Best_Of_The_Bets_Show HTTP/1.1" 200 8834 "-" "iTMS"
17.154.84.35 - - [20/Apr/2013:17:06:24 +0200] "GET /podcasts-out/?podcastname=Best_Of_The_Bets_Show HTTP/1.1" 200 8834 "-" "Jakarta Commons-HttpClient/3.0"
2.248.152.242 - - [20/Apr/2013:17:09:01 +0200] "GET /podcasts-out/?podcastname=Best_Of_The_Bets_Show HTTP/1.1" 200 8834 "-" "iTunes/11.0.2 (Macintosh; OS X 10.7.5) AppleWebKit/534.57.7"
216.245.217.206 - - [20/Apr/2013:17:38:19 +0200] "GET /w00tw00t.at.ISC.SANS.DFind:) HTTP/1.1" 400 172 "-" "-"
184.168.65.159 - - [20/Apr/2013:17:40:27 +0200] "GET /w00tw00t.at.ISC.SANS.DFind:) HTTP/1.1" 400 172 "-" "-"
86.174.181.63 - - [20/Apr/2013:17:50:33 +0200] "GET /podcasts-out/?podcastname=Best_Of_The_Bets_Show HTTP/1.1" 200 8834 "-" "iTunes/11.0 (Windows; Microsoft Windows 7 x64 Home Premium Edition Service Pack 1 (Build 7601)) AppleWebKit/536.27.1"
17.154.84.42 - - [20/Apr/2013:18:39:55 +0200] "HEAD /podcasts-out/?podcastname=Best_Of_The_Bets_Show HTTP/1.1" 200 0 "-" "iTMS"
17.154.84.40 - - [20/Apr/2013:18:39:55 +0200] "HEAD /podcasts-out/?podcastname=Best_Of_The_Bets_Show HTTP/1.1" 200 0 "-" "iTMS"
17.154.84.40 - - [20/Apr/2013:18:39:56 +0200] "GET /podcasts-out/?podcastname=Best_Of_The_Bets_Show HTTP/1.1" 200 8834 "-" "iTMS"
17.154.84.36 - - [20/Apr/2013:18:39:56 +0200] "GET /podcasts-out/?podcastname=Best_Of_The_Bets_Show HTTP/1.1" 200 8834 "-" "Jakarta Commons-HttpClient/3.0"
86.174.181.63 - - [20/Apr/2013:18:50:33 +0200] "GET /podcasts-out/?podcastname=Best_Of_The_Bets_Show HTTP/1.1" 200 8834 "-" "iTunes/11.0 (Windows; Microsoft Windows 7 x64 Home Premium Edition Service Pack 1 (Build 7601)) AppleWebKit/536.27.1"
95.211.226.81 - - [20/Apr/2013:19:26:37 +0200] "GET /podcast.php HTTP/1.0" 301 0 "-" "-"
95.211.226.81 - - [20/Apr/2013:19:26:37 +0200] "GET /podcasts-out/?podcastname=Best_Of_The_Bets_Show HTTP/1.0" 200 8814 "-" "-"
86.174.181.63 - - [20/Apr/2013:19:50:34 +0200] "GET /podcasts-out/?podcastname=Best_Of_The_Bets_Show HTTP/1.1" 200 8834 "-" "iTunes/11.0 (Windows; Microsoft Windows 7 x64 Home Premium Edition Service Pack 1 (Build 7601)) AppleWebKit/536.27.1"
17.154.84.40 - - [20/Apr/2013:19:54:11 +0200] "HEAD /podcasts-out/?podcastname=Best_Of_The_Bets_Show HTTP/1.1" 200 0 "-" "iTMS"
17.154.84.41 - - [20/Apr/2013:19:54:12 +0200] "HEAD /podcasts-out/?podcastname=Best_Of_The_Bets_Show HTTP/1.1" 200 0 "-" "iTMS"
17.154.84.42 - - [20/Apr/2013:19:54:12 +0200] "GET /podcasts-out/?podcastname=Best_Of_The_Bets_Show HTTP/1.1" 200 8834 "-" "iTMS"
17.154.84.35 - - [20/Apr/2013:19:54:12 +0200] "GET /podcasts-out/?podcastname=Best_Of_The_Bets_Show HTTP/1.1" 200 8834 "-" "Jakarta Commons-HttpClient/3.0"
79.68.109.210 - - [20/Apr/2013:19:55:43 +0200] "GET /podcasts-out/?podcastname=Best_Of_The_Bets_Show HTTP/1.1" 200 8834 "-" "Podcasts/1.2.1"
66.193.171.233 - - [20/Apr/2013:20:08:27 +0200] "GET /user/soapCaller.bs HTTP/1.1" 404 168 "-" "Morfeus Fucking Scanner"
86.174.181.63 - - [20/Apr/2013:20:50:38 +0200] "GET /podcasts-out/?podcastname=Best_Of_The_Bets_Show HTTP/1.1" 200 8834 "-" "iTunes/11.0 (Windows; Microsoft Windows 7 x64 Home Premium Edition Service Pack 1 (Build 7601)) AppleWebKit/536.27.1"
17.154.84.41 - - [20/Apr/2013:20:58:58 +0200] "HEAD /podcasts-out/?podcastname=Best_Of_The_Bets_Show HTTP/1.1" 200 0 "-" "iTMS"
17.154.84.41 - - [20/Apr/2013:20:58:58 +0200] "HEAD /podcasts-out/?podcastname=Best_Of_The_Bets_Show HTTP/1.1" 200 0 "-" "iTMS"
17.154.84.41 - - [20/Apr/2013:20:58:58 +0200] "GET /podcasts-out/?podcastname=Best_Of_The_Bets_Show HTTP/1.1" 200 8834 "-" "iTMS"
17.154.84.38 - - [20/Apr/2013:20:58:58 +0200] "GET /podcasts-out/?podcastname=Best_Of_The_Bets_Show HTTP/1.1" 200 8834 "-" "Jakarta Commons-HttpClient/3.0"
31.51.160.58 - - [20/Apr/2013:21:06:59 +0200] "GET /podcasts-out/?podcastname=Best_Of_The_Bets_Show HTTP/1.1" 200 8834 "-" "iTunes/11.0.2 (Windows; Microsoft Windows 7 x64 Home Premium Edition Service Pack 1 (Build 7601)) AppleWebKit/536.27.1"
31.51.160.58 - - [20/Apr/2013:21:09:00 +0200] "GET /podcasts-out/?podcastname=Best_Of_The_Bets_Show HTTP/1.1" 200 8834 "-" "iTunes/11.0.2 (Windows; Microsoft Windows 7 x64 Home Premium Edition Service Pack 1 (Build 7601)) AppleWebKit/536.27.1"
213.211.136.241 - - [20/Apr/2013:21:24:57 +0200] "GET /podcast.php HTTP/1.1" 301 5 "-" "iTunes/11.0.2 (Windows; Microsoft Windows 7 x64 Home Premium Edition Service Pack 1 (Build 7601)) AppleWebKit/536.27.1"
213.211.136.241 - - [20/Apr/2013:21:24:59 +0200] "GET /podcasts-out/?podcastname=Best_Of_The_Bets_Show HTTP/1.1" 200 8834 "-" "iTunes/11.0.2 (Windows; Microsoft Windows 7 x64 Home Premium Edition Service Pack 1 (Build 7601)) AppleWebKit/536.27.1"
86.174.181.63 - - [20/Apr/2013:21:50:36 +0200] "GET /podcasts-out/?podcastname=Best_Of_The_Bets_Show HTTP/1.1" 200 8834 "-" "iTunes/11.0 (Windows; Microsoft Windows 7 x64 Home Premium Edition Service Pack 1 (Build 7601)) AppleWebKit/536.27.1"
5.200.39.77 - - [20/Apr/2013:21:50:45 +0200] "GET /w00tw00t.at.ISC.SANS.Win32:) HTTP/1.1" 400 172 "-" "-"
5.65.133.85 - - [20/Apr/2013:21:51:24 +0200] "GET /podcasts-out/?podcastname=Best_Of_The_Bets_Show HTTP/1.1" 200 8834 "-" "Podcasts/1.2.1"
17.154.84.41 - - [20/Apr/2013:22:01:58 +0200] "HEAD /podcasts-out/?podcastname=Best_Of_The_Bets_Show HTTP/1.1" 200 0 "-" "iTMS"
17.154.84.40 - - [20/Apr/2013:22:01:59 +0200] "HEAD /podcasts-out/?podcastname=Best_Of_The_Bets_Show HTTP/1.1" 200 0 "-" "iTMS"
17.154.84.39 - - [20/Apr/2013:22:01:59 +0200] "GET /podcasts-out/?podcastname=Best_Of_The_Bets_Show HTTP/1.1" 200 8834 "-" "iTMS"
17.154.84.38 - - [20/Apr/2013:22:02:00 +0200] "GET /podcasts-out/?podcastname=Best_Of_The_Bets_Show HTTP/1.1" 200 8834 "-" "Jakarta Commons-HttpClient/3.0"
94.195.111.178 - - [20/Apr/2013:22:30:52 +0200] "GET /podcasts-out/?podcastname=Best_Of_The_Bets_Show HTTP/1.1" 200 8834 "-" "Podcasts/1.2.1"
94.195.111.178 - - [20/Apr/2013:22:31:41 +0200] "GET /podcasts-out/?podcastname=Best_Of_The_Bets_Show HTTP/1.1" 200 8834 "-" "iTunes-iPhone/6.1.3 (6; 16GB; dt:73)"
17.154.84.42 - - [20/Apr/2013:23:18:22 +0200] "HEAD /podcasts-out/?podcastname=Best_Of_The_Bets_Show HTTP/1.1" 200 0 "-" "iTMS"
17.154.84.39 - - [20/Apr/2013:23:18:22 +0200] "HEAD /podcasts-out/?podcastname=Best_Of_The_Bets_Show HTTP/1.1" 200 0 "-" "iTMS"
17.154.84.39 - - [20/Apr/2013:23:18:22 +0200] "GET /podcasts-out/?podcastname=Best_Of_The_Bets_Show HTTP/1.1" 200 8834 "-" "iTMS"
17.154.84.37 - - [20/Apr/2013:23:18:23 +0200] "GET /podcasts-out/?podcastname=Best_Of_The_Bets_Show HTTP/1.1" 200 8834 "-" "Jakarta Commons-HttpClient/3.0"
86.139.202.214 - - [20/Apr/2013:23:50:37 +0200] "GET /podcasts-out/?podcastname=Best_Of_The_Bets_Show HTTP/1.1" 200 8834 "-" "Podcasts/1.2.1"
86.139.202.214 - - [20/Apr/2013:23:50:38 +0200] "GET /podcasts-out/?podcastname=Best_Of_The_Bets_Show HTTP/1.1" 200 8834 "-" "Podcasts/1.2.1"
86.139.202.214 - - [20/Apr/2013:23:50:39 +0200] "GET /podcasts-out/?podcastname=Best_Of_The_Bets_Show HTTP/1.1" 200 8834 "-" "Podcasts/1.2.1"
86.139.202.214 - - [20/Apr/2013:23:50:41 +0200] "GET /podcasts-out/?podcastname=Best_Of_The_Bets_Show HTTP/1.1" 200 8834 "-" "Podcasts/1.2.1"
176.27.234.146 - - [20/Apr/2013:23:55:39 +0200] "GET /podcasts-out/?podcastname=Best_Of_The_Bets_Show HTTP/1.1" 200 8834 "-" "iTunes/10.7 Downcast/2.8.2.2001"
17.154.84.39 - - [21/Apr/2013:00:20:45 +0200] "HEAD /podcasts-out/?podcastname=Best_Of_The_Bets_Show HTTP/1.1" 200 0 "-" "iTMS"
17.154.84.39 - - [21/Apr/2013:00:20:45 +0200] "HEAD /podcasts-out/?podcastname=Best_Of_The_Bets_Show HTTP/1.1" 200 0 "-" "iTMS"
17.154.84.40 - - [21/Apr/2013:00:20:46 +0200] "GET /podcasts-out/?podcastname=Best_Of_The_Bets_Show HTTP/1.1" 200 8834 "-" "iTMS"
17.154.84.36 - - [21/Apr/2013:00:20:46 +0200] "GET /podcasts-out/?podcastname=Best_Of_The_Bets_Show HTTP/1.1" 200 8834 "-" "Jakarta Commons-HttpClient/3.0"
17.154.84.41 - - [21/Apr/2013:01:21:26 +0200] "HEAD /podcasts-out/?podcastname=Best_Of_The_Bets_Show HTTP/1.1" 200 0 "-" "iTMS"
17.154.84.41 - - [21/Apr/2013:01:21:26 +0200] "HEAD /podcasts-out/?podcastname=Best_Of_The_Bets_Show HTTP/1.1" 200 0 "-" "iTMS"
17.154.84.40 - - [21/Apr/2013:01:21:26 +0200] "GET /podcasts-out/?podcastname=Best_Of_The_Bets_Show HTTP/1.1" 200 8834 "-" "iTMS"
17.154.84.37 - - [21/Apr/2013:01:21:27 +0200] "GET /podcasts-out/?podcastname=Best_Of_The_Bets_Show HTTP/1.1" 200 8834 "-" "Jakarta Commons-HttpClient/3.0"
17.154.84.41 - - [21/Apr/2013:02:42:07 +0200] "HEAD /podcasts-out/?podcastname=Best_Of_The_Bets_Show HTTP/1.1" 200 0 "-" "iTMS"
17.154.84.41 - - [21/Apr/2013:02:42:07 +0200] "HEAD /podcasts-out/?podcastname=Best_Of_The_Bets_Show HTTP/1.1" 200 0 "-" "iTMS"
17.154.84.40 - - [21/Apr/2013:02:42:08 +0200] "GET /podcasts-out/?podcastname=Best_Of_The_Bets_Show HTTP/1.1" 200 8834 "-" "iTMS"
17.154.84.35 - - [21/Apr/2013:02:42:08 +0200] "GET /podcasts-out/?podcastname=Best_Of_The_Bets_Show HTTP/1.1" 200 8834 "-" "Jakarta Commons-HttpClient/3.0"
188.165.228.9 - - [21/Apr/2013:03:47:12 +0200] "-" 400 0 "-" "-"
188.165.228.9 - - [21/Apr/2013:03:47:12 +0200] "GET / HTTP/1.0" 403 168 "-" "-"
17.154.84.40 - - [21/Apr/2013:03:49:47 +0200] "HEAD /podcasts-out/?podcastname=Best_Of_The_Bets_Show HTTP/1.1" 200 0 "-" "iTMS"
17.154.84.42 - - [21/Apr/2013:03:49:47 +0200] "HEAD /podcasts-out/?podcastname=Best_Of_The_Bets_Show HTTP/1.1" 200 0 "-" "iTMS"
17.154.84.39 - - [21/Apr/2013:03:49:48 +0200] "GET /podcasts-out/?podcastname=Best_Of_The_Bets_Show HTTP/1.1" 200 8834 "-" "iTMS"
17.154.84.36 - - [21/Apr/2013:03:49:48 +0200] "GET /podcasts-out/?podcastname=Best_Of_The_Bets_Show HTTP/1.1" 200 8834 "-" "Jakarta Commons-HttpClient/3.0"
80.202.194.189 - - [21/Apr/2013:04:14:11 +0200] "GET /podcasts-out/?podcastname=Best_Of_The_Bets_Show HTTP/1.1" 200 8834 "-" "iTunes/10.7 Downcast/2.8.2.2001"
17.154.84.40 - - [21/Apr/2013:04:57:24 +0200] "HEAD /podcasts-out/?podcastname=Best_Of_The_Bets_Show HTTP/1.1" 200 0 "-" "iTMS"
17.154.84.40 - - [21/Apr/2013:04:57:25 +0200] "HEAD /podcasts-out/?podcastname=Best_Of_The_Bets_Show HTTP/1.1" 200 0 "-" "iTMS"
17.154.84.42 - - [21/Apr/2013:04:57:25 +0200] "GET /podcasts-out/?podcastname=Best_Of_The_Bets_Show HTTP/1.1" 200 8834 "-" "iTMS"
17.154.84.37 - - [21/Apr/2013:04:57:25 +0200] "GET /podcasts-out/?podcastname=Best_Of_The_Bets_Show HTTP/1.1" 200 8834 "-" "Jakarta Commons-HttpClient/3.0"
17.154.84.40 - - [21/Apr/2013:06:15:03 +0200] "HEAD /podcasts-out/?podcastname=Best_Of_The_Bets_Show HTTP/1.1" 200 0 "-" "iTMS"
17.154.84.41 - - [21/Apr/2013:06:15:03 +0200] "HEAD /podcasts-out/?podcastname=Best_Of_The_Bets_Show HTTP/1.1" 200 0 "-" "iTMS"
17.154.84.40 - - [21/Apr/2013:06:15:03 +0200] "GET /podcasts-out/?podcastname=Best_Of_The_Bets_Show HTTP/1.1" 200 8834 "-" "iTMS"
17.154.84.35 - - [21/Apr/2013:06:15:04 +0200] "GET /podcasts-out/?podcastname=Best_Of_The_Bets_Show HTTP/1.1" 200 8834 "-" "Jakarta Commons-HttpClient/3.0"
206.45.172.134 - - [21/Apr/2013:07:13:07 +0200] "GET /podcast.php HTTP/1.1" 301 5 "-" "Podkicker/1.2.4"
206.45.172.134 - - [21/Apr/2013:07:13:08 +0200] "GET /podcasts-out/?podcastname=Best_Of_The_Bets_Show HTTP/1.1" 200 8834 "-" "Podkicker/1.2.4"
17.154.84.39 - - [21/Apr/2013:07:19:36 +0200] "HEAD /podcasts-out/?podcastname=Best_Of_The_Bets_Show HTTP/1.1" 200 0 "-" "iTMS"
17.154.84.39 - - [21/Apr/2013:07:19:37 +0200] "HEAD /podcasts-out/?podcastname=Best_Of_The_Bets_Show HTTP/1.1" 200 0 "-" "iTMS"
