50.56.182.206 - - [28/Apr/2013:06:59:11 +0200] "GET /db/db-admin/main.php HTTP/1.0" 404 16 "-" "-"
50.56.182.206 - - [28/Apr/2013:06:59:12 +0200] "GET /db/phpmyadmin2/main.php HTTP/1.0" 404 16 "-" "-"
50.56.182.206 - - [28/Apr/2013:06:59:12 +0200] "GET /db/phpMyAdmin2/main.php HTTP/1.0" 404 16 "-" "-"
50.56.182.206 - - [28/Apr/2013:06:59:12 +0200] "GET /db/phpMyAdmin-2/main.php HTTP/1.0" 404 16 "-" "-"
50.56.182.206 - - [28/Apr/2013:06:59:12 +0200] "GET /db/php-my-admin/main.php HTTP/1.0" 404 16 "-" "-"
50.56.182.206 - - [28/Apr/2013:06:59:13 +0200] "GET /db/phpMyAdmin-2.2.3/main.php HTTP/1.0" 404 16 "-" "-"
50.56.182.206 - - [28/Apr/2013:06:59:13 +0200] "GET /db/phpMyAdmin-2.2.6/main.php HTTP/1.0" 404 16 "-" "-"
50.56.182.206 - - [28/Apr/2013:06:59:13 +0200] "GET /db/phpMyAdmin-2.5.1/main.php HTTP/1.0" 404 16 "-" "-"
50.56.182.206 - - [28/Apr/2013:06:59:13 +0200] "GET /db/phpMyAdmin-2.5.4/main.php HTTP/1.0" 404 16 "-" "-"
50.56.182.206 - - [28/Apr/2013:06:59:14 +0200] "GET /db/phpMyAdmin-2.5.5-rc1/main.php HTTP/1.0" 404 16 "-" "-"
50.56.182.206 - - [28/Apr/2013:06:59:14 +0200] "GET /db/phpMyAdmin-2.5.5-rc2/main.php HTTP/1.0" 404 16 "-" "-"
50.56.182.206 - - [28/Apr/2013:06:59:14 +0200] "GET /db/phpMyAdmin-2.5.5/main.php HTTP/1.0" 404 16 "-" "-"
50.56.182.206 - - [28/Apr/2013:06:59:14 +0200] "GET /db/phpMyAdmin-2.5.5-pl1/main.php HTTP/1.0" 404 16 "-" "-"
50.56.182.206 - - [28/Apr/2013:06:59:15 +0200] "GET /db/phpMyAdmin-2.5.6-rc1/main.php HTTP/1.0" 404 16 "-" "-"
50.56.182.206 - - [28/Apr/2013:06:59:15 +0200] "GET /db/phpMyAdmin-2.5.6-rc2/main.php HTTP/1.0" 404 16 "-" "-"
50.56.182.206 - - [28/Apr/2013:06:59:15 +0200] "GET /db/phpMyAdmin-2.5.6/main.php HTTP/1.0" 404 16 "-" "-"
50.56.182.206 - - [28/Apr/2013:06:59:15 +0200] "GET /db/phpMyAdmin-2.5.7/main.php HTTP/1.0" 404 16 "-" "-"
50.56.182.206 - - [28/Apr/2013:06:59:16 +0200] "GET /db/phpMyAdmin-2.5.7-pl1/main.php HTTP/1.0" 404 16 "-" "-"
50.56.182.206 - - [28/Apr/2013:06:59:16 +0200] "GET /db/phpMyAdmin-2.6.0-alpha/main.php HTTP/1.0" 404 16 "-" "-"
50.56.182.206 - - [28/Apr/2013:06:59:16 +0200] "GET /db/phpMyAdmin-2.6.0-alpha2/main.php HTTP/1.0" 404 16 "-" "-"
50.56.182.206 - - [28/Apr/2013:06:59:16 +0200] "GET /db/phpMyAdmin-2.6.0-beta1/main.php HTTP/1.0" 404 16 "-" "-"
50.56.182.206 - - [28/Apr/2013:06:59:17 +0200] "GET /db/phpMyAdmin-2.6.0-beta2/main.php HTTP/1.0" 404 16 "-" "-"
50.56.182.206 - - [28/Apr/2013:06:59:17 +0200] "GET /db/phpMyAdmin-2.6.0-rc1/main.php HTTP/1.0" 404 16 "-" "-"
50.56.182.206 - - [28/Apr/2013:06:59:17 +0200] "GET /db/phpMyAdmin-2.6.0-rc2/main.php HTTP/1.0" 404 16 "-" "-"
50.56.182.206 - - [28/Apr/2013:06:59:17 +0200] "GET /db/phpMyAdmin-2.6.0-rc3/main.php HTTP/1.0" 404 16 "-" "-"
50.56.182.206 - - [28/Apr/2013:06:59:18 +0200] "GET /db/phpMyAdmin-2.6.0/main.php HTTP/1.0" 404 16 "-" "-"
50.56.182.206 - - [28/Apr/2013:06:59:18 +0200] "GET /db/phpMyAdmin-2.6.0-pl1/main.php HTTP/1.0" 404 16 "-" "-"
50.56.182.206 - - [28/Apr/2013:06:59:18 +0200] "GET /db/phpMyAdmin-2.6.0-pl2/main.php HTTP/1.0" 404 16 "-" "-"
50.56.182.206 - - [28/Apr/2013:06:59:18 +0200] "GET /db/phpMyAdmin-2.6.0-pl3/main.php HTTP/1.0" 404 16 "-" "-"
50.56.182.206 - - [28/Apr/2013:06:59:19 +0200] "GET /db/phpMyAdmin-2.6.1-rc1/main.php HTTP/1.0" 404 16 "-" "-"
50.56.182.206 - - [28/Apr/2013:06:59:19 +0200] "GET /db/phpMyAdmin-2.6.1-rc2/main.php HTTP/1.0" 404 16 "-" "-"
50.56.182.206 - - [28/Apr/2013:06:59:19 +0200] "GET /db/phpMyAdmin-2.6.1/main.php HTTP/1.0" 404 16 "-" "-"
50.56.182.206 - - [28/Apr/2013:06:59:19 +0200] "GET /db/phpMyAdmin-2.6.1-pl1/main.php HTTP/1.0" 404 16 "-" "-"
50.56.182.206 - - [28/Apr/2013:06:59:19 +0200] "GET /db/phpMyAdmin-2.6.1-pl2/main.php HTTP/1.0" 404 16 "-" "-"
50.56.182.206 - - [28/Apr/2013:06:59:20 +0200] "GET /db/phpMyAdmin-2.6.1-pl3/main.php HTTP/1.0" 404 16 "-" "-"
50.56.182.206 - - [28/Apr/2013:06:59:20 +0200] "GET /db/phpMyAdmin-2.6.2-rc1/main.php HTTP/1.0" 404 16 "-" "-"
50.56.182.206 - - [28/Apr/2013:06:59:20 +0200] "GET /db/phpMyAdmin-2.6.2-beta1/main.php HTTP/1.0" 404 16 "-" "-"
50.56.182.206 - - [28/Apr/2013:06:59:20 +0200] "GET /db/phpMyAdmin-2.6.2-rc1/main.php HTTP/1.0" 404 16 "-" "-"
50.56.182.206 - - [28/Apr/2013:06:59:21 +0200] "GET /db/phpMyAdmin-2.6.2/main.php HTTP/1.0" 404 16 "-" "-"
50.56.182.206 - - [28/Apr/2013:06:59:21 +0200] "GET /db/phpMyAdmin-2.6.2-pl1/main.php HTTP/1.0" 404 16 "-" "-"
50.56.182.206 - - [28/Apr/2013:06:59:21 +0200] "GET /db/phpMyAdmin-2.6.3/main.php HTTP/1.0" 404 16 "-" "-"
50.56.182.206 - - [28/Apr/2013:06:59:21 +0200] "GET /db/phpMyAdmin-2.6.3-rc1/main.php HTTP/1.0" 404 16 "-" "-"
50.56.182.206 - - [28/Apr/2013:06:59:22 +0200] "GET /db/phpMyAdmin-2.6.3/main.php HTTP/1.0" 404 16 "-" "-"
50.56.182.206 - - [28/Apr/2013:06:59:22 +0200] "GET /db/phpMyAdmin-2.6.3-pl1/main.php HTTP/1.0" 404 16 "-" "-"
50.56.182.206 - - [28/Apr/2013:06:59:22 +0200] "GET /db/phpMyAdmin-2.6.4-rc1/main.php HTTP/1.0" 404 16 "-" "-"
50.56.182.206 - - [28/Apr/2013:06:59:22 +0200] "GET /db/phpMyAdmin-2.6.4-pl1/main.php HTTP/1.0" 404 16 "-" "-"
50.56.182.206 - - [28/Apr/2013:06:59:23 +0200] "GET /db/phpMyAdmin-2.6.4-pl2/main.php HTTP/1.0" 404 16 "-" "-"
50.56.182.206 - - [28/Apr/2013:06:59:23 +0200] "GET /db/phpMyAdmin-2.6.4-pl3/main.php HTTP/1.0" 404 16 "-" "-"
50.56.182.206 - - [28/Apr/2013:06:59:23 +0200] "GET /db/phpMyAdmin-2.6.4-pl4/main.php HTTP/1.0" 404 16 "-" "-"
50.56.182.206 - - [28/Apr/2013:06:59:23 +0200] "GET /db/phpMyAdmin-2.6.4/main.php HTTP/1.0" 404 16 "-" "-"
50.56.182.206 - - [28/Apr/2013:06:59:24 +0200] "GET /db/phpMyAdmin-2.7.0-beta1/main.php HTTP/1.0" 404 16 "-" "-"
50.56.182.206 - - [28/Apr/2013:06:59:24 +0200] "GET /db/phpMyAdmin-2.7.0-rc1/main.php HTTP/1.0" 404 16 "-" "-"
50.56.182.206 - - [28/Apr/2013:06:59:24 +0200] "GET /db/phpMyAdmin-2.7.0-pl1/main.php HTTP/1.0" 404 16 "-" "-"
50.56.182.206 - - [28/Apr/2013:06:59:24 +0200] "GET /db/phpMyAdmin-2.7.0-pl2/main.php HTTP/1.0" 404 16 "-" "-"
50.56.182.206 - - [28/Apr/2013:06:59:25 +0200] "GET /db/phpMyAdmin-2.7.0/main.php HTTP/1.0" 404 16 "-" "-"
50.56.182.206 - - [28/Apr/2013:06:59:25 +0200] "GET /db/phpMyAdmin-2.8.0-beta1/main.php HTTP/1.0" 404 16 "-" "-"
50.56.182.206 - - [28/Apr/2013:06:59:25 +0200] "GET /db/phpMyAdmin-2.8.0-rc1/main.php HTTP/1.0" 404 16 "-" "-"
50.56.182.206 - - [28/Apr/2013:06:59:25 +0200] "GET /db/phpMyAdmin-2.8.0-rc2/main.php HTTP/1.0" 404 16 "-" "-"
50.56.182.206 - - [28/Apr/2013:06:59:26 +0200] "GET /db/phpMyAdmin-2.8.0/main.php HTTP/1.0" 404 16 "-" "-"
50.56.182.206 - - [28/Apr/2013:06:59:26 +0200] "GET /db/phpMyAdmin-2.8.0.1/main.php HTTP/1.0" 404 16 "-" "-"
50.56.182.206 - - [28/Apr/2013:06:59:26 +0200] "GET /db/phpMyAdmin-2.8.0.2/main.php HTTP/1.0" 404 16 "-" "-"
50.56.182.206 - - [28/Apr/2013:06:59:26 +0200] "GET /db/phpMyAdmin-2.8.0.3/main.php HTTP/1.0" 404 16 "-" "-"
50.56.182.206 - - [28/Apr/2013:06:59:27 +0200] "GET /db/phpMyAdmin-2.8.0.4/main.php HTTP/1.0" 404 16 "-" "-"
50.56.182.206 - - [28/Apr/2013:06:59:27 +0200] "GET /db/phpMyAdmin-2.8.1-rc1/main.php HTTP/1.0" 404 16 "-" "-"
50.56.182.206 - - [28/Apr/2013:06:59:27 +0200] "GET /db/phpMyAdmin-2.8.1/main.php HTTP/1.0" 404 16 "-" "-"
50.56.182.206 - - [28/Apr/2013:06:59:27 +0200] "GET /db/phpMyAdmin-2.8.2/main.php HTTP/1.0" 404 16 "-" "-"
50.56.182.206 - - [28/Apr/2013:06:59:28 +0200] "GET /administrator/phpmyadmin/main.php HTTP/1.0" 404 16 "-" "-"
50.56.182.206 - - [28/Apr/2013:06:59:28 +0200] "GET /administrator/phpMyAdmin/main.php HTTP/1.0" 404 16 "-" "-"
50.56.182.206 - - [28/Apr/2013:06:59:28 +0200] "GET /administrator/db/main.php HTTP/1.0" 404 16 "-" "-"
50.56.182.206 - - [28/Apr/2013:06:59:28 +0200] "GET /administrator/web/main.php HTTP/1.0" 404 16 "-" "-"
50.56.182.206 - - [28/Apr/2013:06:59:29 +0200] "GET /administrator/pMA/main.php HTTP/1.0" 404 16 "-" "-"
50.56.182.206 - - [28/Apr/2013:06:59:29 +0200] "GET /administrator/admin/main.php HTTP/1.0" 404 16 "-" "-"
50.56.182.206 - - [28/Apr/2013:06:59:29 +0200] "GET /administrator/main.php HTTP/1.0" 404 16 "-" "-"
50.56.182.206 - - [28/Apr/2013:06:59:29 +0200] "GET /administrator/dbadmin/main.php HTTP/1.0" 404 16 "-" "-"
50.56.182.206 - - [28/Apr/2013:06:59:29 +0200] "GET /administrator/pMA2006/main.php HTTP/1.0" 404 16 "-" "-"
50.56.182.206 - - [28/Apr/2013:06:59:30 +0200] "GET /administrator/pma2006/main.php HTTP/1.0" 404 16 "-" "-"
50.56.182.206 - - [28/Apr/2013:06:59:30 +0200] "GET /administrator/sqlmanager/main.php HTTP/1.0" 404 16 "-" "-"
50.56.182.206 - - [28/Apr/2013:06:59:30 +0200] "GET /administrator/mysqlmanager/main.php HTTP/1.0" 404 16 "-" "-"
50.56.182.206 - - [28/Apr/2013:06:59:30 +0200] "GET /administrator/p/m/a/main.php HTTP/1.0" 404 16 "-" "-"
50.56.182.206 - - [28/Apr/2013:06:59:31 +0200] "GET /administrator/pMA2005/main.php HTTP/1.0" 404 16 "-" "-"
50.56.182.206 - - [28/Apr/2013:06:59:31 +0200] "GET /administrator/pma2005/main.php HTTP/1.0" 404 16 "-" "-"
50.56.182.206 - - [28/Apr/2013:06:59:31 +0200] "GET /administrator/phpmanager/main.php HTTP/1.0" 404 16 "-" "-"
50.56.182.206 - - [28/Apr/2013:06:59:31 +0200] "GET /administrator/php-myadmin/main.php HTTP/1.0" 404 16 "-" "-"
50.56.182.206 - - [28/Apr/2013:06:59:32 +0200] "GET /administrator/phpmy-admin/main.php HTTP/1.0" 404 16 "-" "-"
50.56.182.206 - - [28/Apr/2013:06:59:32 +0200] "GET /administrator/mysql/main.php HTTP/1.0" 404 16 "-" "-"
50.56.182.206 - - [28/Apr/2013:06:59:32 +0200] "GET /administrator/myadmin/main.php HTTP/1.0" 404 16 "-" "-"
50.56.182.206 - - [28/Apr/2013:06:59:32 +0200] "GET /administrator/webadmin/main.php HTTP/1.0" 404 16 "-" "-"
50.56.182.206 - - [28/Apr/2013:06:59:33 +0200] "GET /administrator/sqlweb/main.php HTTP/1.0" 404 16 "-" "-"
50.56.182.206 - - [28/Apr/2013:06:59:33 +0200] "GET /administrator/websql/main.php HTTP/1.0" 404 16 "-" "-"
50.56.182.206 - - [28/Apr/2013:06:59:33 +0200] "GET /administrator/webdb/main.php HTTP/1.0" 404 16 "-" "-"
50.56.182.206 - - [28/Apr/2013:06:59:33 +0200] "GET /administrator/mysqladmin/main.php HTTP/1.0" 404 16 "-" "-"
50.56.182.206 - - [28/Apr/2013:06:59:34 +0200] "GET /administrator/mysql-admin/main.php HTTP/1.0" 404 16 "-" "-"
50.56.182.206 - - [28/Apr/2013:06:59:34 +0200] "GET /administrator/phpmyadmin2/main.php HTTP/1.0" 404 16 "-" "-"
50.56.182.206 - - [28/Apr/2013:06:59:34 +0200] "GET /administrator/phpMyAdmin2/main.php HTTP/1.0" 404 16 "-" "-"
50.56.182.206 - - [28/Apr/2013:06:59:34 +0200] "GET /administrator/phpMyAdmin-2/main.php HTTP/1.0" 404 16 "-" "-"
50.56.182.206 - - [28/Apr/2013:06:59:35 +0200] "GET /administrator/php-my-admin/main.php HTTP/1.0" 404 16 "-" "-"
50.56.182.206 - - [28/Apr/2013:06:59:35 +0200] "GET /administrator/phpMyAdmin-2.2.3/main.php HTTP/1.0" 404 16 "-" "-"
50.56.182.206 - - [28/Apr/2013:06:59:35 +0200] "GET /administrator/phpMyAdmin-2.2.6/main.php HTTP/1.0" 404 16 "-" "-"
50.56.182.206 - - [28/Apr/2013:06:59:35 +0200] "GET /administrator/phpMyAdmin-2.5.1/main.php HTTP/1.0" 404 16 "-" "-"
50.56.182.206 - - [28/Apr/2013:06:59:36 +0200] "GET /administrator/phpMyAdmin-2.5.4/main.php HTTP/1.0" 404 16 "-" "-"
50.56.182.206 - - [28/Apr/2013:06:59:36 +0200] "GET /administrator/phpMyAdmin-2.5.5-rc1/main.php HTTP/1.0" 404 16 "-" "-"
50.56.182.206 - - [28/Apr/2013:06:59:36 +0200] "GET /administrator/phpMyAdmin-2.5.5-rc2/main.php HTTP/1.0" 404 16 "-" "-"
50.56.182.206 - - [28/Apr/2013:06:59:36 +0200] "GET /administrator/phpMyAdmin-2.5.5/main.php HTTP/1.0" 404 16 "-" "-"
50.56.182.206 - - [28/Apr/2013:06:59:37 +0200] "GET /administrator/phpMyAdmin-2.5.5-pl1/main.php HTTP/1.0" 404 16 "-" "-"
50.56.182.206 - - [28/Apr/2013:06:59:37 +0200] "GET /administrator/phpMyAdmin-2.5.6-rc1/main.php HTTP/1.0" 404 16 "-" "-"
50.56.182.206 - - [28/Apr/2013:06:59:37 +0200] "GET /administrator/phpMyAdmin-2.5.6-rc2/main.php HTTP/1.0" 404 16 "-" "-"
50.56.182.206 - - [28/Apr/2013:06:59:37 +0200] "GET /administrator/phpMyAdmin-2.5.6/main.php HTTP/1.0" 404 16 "-" "-"
50.56.182.206 - - [28/Apr/2013:06:59:38 +0200] "GET /administrator/phpMyAdmin-2.5.7/main.php HTTP/1.0" 404 16 "-" "-"
50.56.182.206 - - [28/Apr/2013:06:59:38 +0200] "GET /administrator/phpMyAdmin-2.5.7-pl1/main.php HTTP/1.0" 404 16 "-" "-"
50.56.182.206 - - [28/Apr/2013:06:59:38 +0200] "GET /administrator/phpMyAdmin-2.6.0-alpha/main.php HTTP/1.0" 404 16 "-" "-"
50.56.182.206 - - [28/Apr/2013:06:59:38 +0200] "GET /administrator/phpMyAdmin-2.6.0-alpha2/main.php HTTP/1.0" 404 16 "-" "-"
50.56.182.206 - - [28/Apr/2013:06:59:39 +0200] "GET /administrator/phpMyAdmin-2.6.0-beta1/main.php HTTP/1.0" 404 16 "-" "-"
50.56.182.206 - - [28/Apr/2013:06:59:39 +0200] "GET /administrator/phpMyAdmin-2.6.0-beta2/main.php HTTP/1.0" 404 16 "-" "-"
50.56.182.206 - - [28/Apr/2013:06:59:39 +0200] "GET /administrator/phpMyAdmin-2.6.0-rc1/main.php HTTP/1.0" 404 16 "-" "-"
50.56.182.206 - - [28/Apr/2013:06:59:39 +0200] "GET /administrator/phpMyAdmin-2.6.0-rc2/main.php HTTP/1.0" 404 16 "-" "-"
50.56.182.206 - - [28/Apr/2013:06:59:40 +0200] "GET /administrator/phpMyAdmin-2.6.0-rc3/main.php HTTP/1.0" 404 16 "-" "-"
50.56.182.206 - - [28/Apr/2013:06:59:40 +0200] "GET /administrator/phpMyAdmin-2.6.0/main.php HTTP/1.0" 404 16 "-" "-"
50.56.182.206 - - [28/Apr/2013:06:59:40 +0200] "GET /administrator/phpMyAdmin-2.6.0-pl1/main.php HTTP/1.0" 404 16 "-" "-"
50.56.182.206 - - [28/Apr/2013:06:59:40 +0200] "GET /administrator/phpMyAdmin-2.6.0-pl2/main.php HTTP/1.0" 404 16 "-" "-"
50.56.182.206 - - [28/Apr/2013:06:59:41 +0200] "GET /administrator/phpMyAdmin-2.6.0-pl3/main.php HTTP/1.0" 404 16 "-" "-"
50.56.182.206 - - [28/Apr/2013:06:59:41 +0200] "GET /administrator/phpMyAdmin-2.6.1-rc1/main.php HTTP/1.0" 404 16 "-" "-"
50.56.182.206 - - [28/Apr/2013:06:59:41 +0200] "GET /administrator/phpMyAdmin-2.6.1-rc2/main.php HTTP/1.0" 404 16 "-" "-"
50.56.182.206 - - [28/Apr/2013:06:59:41 +0200] "GET /administrator/phpMyAdmin-2.6.1/main.php HTTP/1.0" 404 16 "-" "-"
50.56.182.206 - - [28/Apr/2013:06:59:42 +0200] "GET /administrator/phpMyAdmin-2.6.1-pl1/main.php HTTP/1.0" 404 16 "-" "-"
50.56.182.206 - - [28/Apr/2013:06:59:42 +0200] "GET /administrator/phpMyAdmin-2.6.1-pl2/main.php HTTP/1.0" 404 16 "-" "-"
50.56.182.206 - - [28/Apr/2013:06:59:42 +0200] "GET /administrator/phpMyAdmin-2.6.1-pl3/main.php HTTP/1.0" 404 16 "-" "-"
50.56.182.206 - - [28/Apr/2013:06:59:42 +0200] "GET /administrator/phpMyAdmin-2.6.2-rc1/main.php HTTP/1.0" 404 16 "-" "-"
50.56.182.206 - - [28/Apr/2013:06:59:43 +0200] "GET /administrator/phpMyAdmin-2.6.2-beta1/main.php HTTP/1.0" 404 16 "-" "-"
50.56.182.206 - - [28/Apr/2013:06:59:43 +0200] "GET /administrator/phpMyAdmin-2.6.2-rc1/main.php HTTP/1.0" 404 16 "-" "-"
50.56.182.206 - - [28/Apr/2013:06:59:43 +0200] "GET /administrator/phpMyAdmin-2.6.2/main.php HTTP/1.0" 404 16 "-" "-"
50.56.182.206 - - [28/Apr/2013:06:59:43 +0200] "GET /administrator/phpMyAdmin-2.6.2-pl1/main.php HTTP/1.0" 404 16 "-" "-"
50.56.182.206 - - [28/Apr/2013:06:59:44 +0200] "GET /administrator/phpMyAdmin-2.6.3/main.php HTTP/1.0" 404 16 "-" "-"
50.56.182.206 - - [28/Apr/2013:06:59:44 +0200] "GET /administrator/phpMyAdmin-2.6.3-rc1/main.php HTTP/1.0" 404 16 "-" "-"
50.56.182.206 - - [28/Apr/2013:06:59:44 +0200] "GET /administrator/phpMyAdmin-2.6.3/main.php HTTP/1.0" 404 16 "-" "-"
50.56.182.206 - - [28/Apr/2013:06:59:44 +0200] "GET /administrator/phpMyAdmin-2.6.3-pl1/main.php HTTP/1.0" 404 16 "-" "-"
50.56.182.206 - - [28/Apr/2013:06:59:44 +0200] "GET /administrator/phpMyAdmin-2.6.4-rc1/main.php HTTP/1.0" 404 16 "-" "-"
50.56.182.206 - - [28/Apr/2013:06:59:45 +0200] "GET /administrator/phpMyAdmin-2.6.4-pl1/main.php HTTP/1.0" 404 16 "-" "-"
50.56.182.206 - - [28/Apr/2013:06:59:45 +0200] "GET /administrator/phpMyAdmin-2.6.4-pl2/main.php HTTP/1.0" 404 16 "-" "-"
50.56.182.206 - - [28/Apr/2013:06:59:45 +0200] "GET /administrator/phpMyAdmin-2.6.4-pl3/main.php HTTP/1.0" 404 16 "-" "-"
50.56.182.206 - - [28/Apr/2013:06:59:45 +0200] "GET /administrator/phpMyAdmin-2.6.4-pl4/main.php HTTP/1.0" 404 16 "-" "-"
50.56.182.206 - - [28/Apr/2013:06:59:46 +0200] "GET /administrator/phpMyAdmin-2.6.4/main.php HTTP/1.0" 404 16 "-" "-"
50.56.182.206 - - [28/Apr/2013:06:59:46 +0200] "GET /administrator/phpMyAdmin-2.7.0-beta1/main.php HTTP/1.0" 404 16 "-" "-"
50.56.182.206 - - [28/Apr/2013:06:59:46 +0200] "GET /administrator/phpMyAdmin-2.7.0-rc1/main.php HTTP/1.0" 404 16 "-" "-"
50.56.182.206 - - [28/Apr/2013:06:59:46 +0200] "GET /administrator/phpMyAdmin-2.7.0-pl1/main.php HTTP/1.0" 404 16 "-" "-"
50.56.182.206 - - [28/Apr/2013:06:59:47 +0200] "GET /administrator/phpMyAdmin-2.7.0-pl2/main.php HTTP/1.0" 404 16 "-" "-"
50.56.182.206 - - [28/Apr/2013:06:59:47 +0200] "GET /administrator/phpMyAdmin-2.7.0/main.php HTTP/1.0" 404 16 "-" "-"
50.56.182.206 - - [28/Apr/2013:06:59:47 +0200] "GET /administrator/phpMyAdmin-2.8.0-beta1/main.php HTTP/1.0" 404 16 "-" "-"
50.56.182.206 - - [28/Apr/2013:06:59:47 +0200] "GET /administrator/phpMyAdmin-2.8.0-rc1/main.php HTTP/1.0" 404 16 "-" "-"
50.56.182.206 - - [28/Apr/2013:06:59:48 +0200] "GET /administrator/phpMyAdmin-2.8.0-rc2/main.php HTTP/1.0" 404 16 "-" "-"
50.56.182.206 - - [28/Apr/2013:06:59:48 +0200] "GET /administrator/phpMyAdmin-2.8.0/main.php HTTP/1.0" 404 16 "-" "-"
50.56.182.206 - - [28/Apr/2013:06:59:48 +0200] "GET /administrator/phpMyAdmin-2.8.0.1/main.php HTTP/1.0" 404 16 "-" "-"
50.56.182.206 - - [28/Apr/2013:06:59:48 +0200] "GET /administrator/phpMyAdmin-2.8.0.2/main.php HTTP/1.0" 404 16 "-" "-"
50.56.182.206 - - [28/Apr/2013:06:59:49 +0200] "GET /administrator/phpMyAdmin-2.8.0.3/main.php HTTP/1.0" 404 16 "-" "-"
50.56.182.206 - - [28/Apr/2013:06:59:49 +0200] "GET /administrator/phpMyAdmin-2.8.0.4/main.php HTTP/1.0" 404 16 "-" "-"
50.56.182.206 - - [28/Apr/2013:06:59:49 +0200] "GET /administrator/phpMyAdmin-2.8.1-rc1/main.php HTTP/1.0" 404 16 "-" "-"
50.56.182.206 - - [28/Apr/2013:06:59:49 +0200] "GET /administrator/phpMyAdmin-2.8.1/main.php HTTP/1.0" 404 16 "-" "-"
50.56.182.206 - - [28/Apr/2013:06:59:50 +0200] "GET /administrator/phpMyAdmin-2.8.2/main.php HTTP/1.0" 404 16 "-" "-"
109.148.242.47 - - [28/Apr/2013:07:31:17 +0200] "GET /podcasts-out/?podcastname=Best_Of_The_Bets_Show HTTP/1.1" 200 10182 "-" "iTunes/11.0.2 (Windows; Microsoft Windows 7 x64 Home Premium Edition Service Pack 1 (Build 7601)) AppleWebKit/536.27.1"
109.148.242.47 - - [28/Apr/2013:07:31:45 +0200] "GET /podcasts-out/?podcastname=Best_Of_The_Bets_Show HTTP/1.1" 200 10182 "-" "iTunes/11.0.2 (Windows; Microsoft Windows 7 x64 Home Premium Edition Service Pack 1 (Build 7601)) AppleWebKit/536.27.1"
17.154.84.41 - - [28/Apr/2013:07:44:21 +0200] "HEAD /podcasts-out/?podcastname=Best_Of_The_Bets_Show HTTP/1.1" 200 0 "-" "iTMS"
17.154.84.39 - - [28/Apr/2013:07:44:22 +0200] "HEAD /podcasts-out/?podcastname=Best_Of_The_Bets_Show HTTP/1.1" 200 0 "-" "iTMS"
17.154.84.39 - - [28/Apr/2013:07:44:22 +0200] "GET /podcasts-out/?podcastname=Best_Of_The_Bets_Show HTTP/1.1" 200 10182 "-" "iTMS"
17.154.84.36 - - [28/Apr/2013:07:44:22 +0200] "GET /podcasts-out/?podcastname=Best_Of_The_Bets_Show HTTP/1.1" 200 10182 "-" "Jakarta Commons-HttpClient/3.0"
2.248.152.242 - - [28/Apr/2013:07:54:03 +0200] "GET /podcasts-out/?podcastname=Best_Of_The_Bets_Show HTTP/1.1" 200 10182 "-" "iTunes/11.0.2 (Macintosh; OS X 10.7.5) AppleWebKit/534.57.7"
82.29.244.107 - - [28/Apr/2013:08:20:39 +0200] "GET /podcasts-out/?podcastname=Best_Of_The_Bets_Show HTTP/1.1" 200 10182 "-" "iTunes/11.0.2 (Windows; Microsoft Windows 7 x64 Home Premium Edition Service Pack 1 (Build 7601)) AppleWebKit/536.27.1"
17.154.84.40 - - [28/Apr/2013:08:45:19 +0200] "HEAD /podcasts-out/?podcastname=Best_Of_The_Bets_Show HTTP/1.1" 200 0 "-" "iTMS"
17.154.84.42 - - [28/Apr/2013:08:45:19 +0200] "HEAD /podcasts-out/?podcastname=Best_Of_The_Bets_Show HTTP/1.1" 200 0 "-" "iTMS"
17.154.84.39 - - [28/Apr/2013:08:45:19 +0200] "GET /podcasts-out/?podcastname=Best_Of_The_Bets_Show HTTP/1.1" 200 10182 "-" "iTMS"
17.154.84.36 - - [28/Apr/2013:08:45:20 +0200] "GET /podcasts-out/?podcastname=Best_Of_The_Bets_Show HTTP/1.1" 200 10182 "-" "Jakarta Commons-HttpClient/3.0"
2.248.152.242 - - [28/Apr/2013:08:56:51 +0200] "GET /podcasts-out/?podcastname=Best_Of_The_Bets_Show HTTP/1.1" 200 10182 "-" "iTunes/11.0.2 (Macintosh; OS X 10.7.5) AppleWebKit/534.57.7"
69.162.139.197 - - [28/Apr/2013:09:04:59 +0200] "GET /podcast.php HTTP/1.0" 301 0 "-" "Mozilla/5.0 (Windows; U; Windows NT 5.1; en-US; rv:1.3.2.2) Gecko/20071120 Firefox/2.0.1.4"
69.162.139.197 - - [28/Apr/2013:09:04:59 +0200] "GET /podcasts-out/?podcastname=Best_Of_The_Bets_Show HTTP/1.0" 200 10162 "-" "Mozilla/5.0 (Windows; U; Windows NT 5.1; en-US; rv:1.3.2.2) Gecko/20071120 Firefox/2.0.1.4"
92.235.48.164 - - [28/Apr/2013:09:35:50 +0200] "GET /podcasts-out/?podcastname=Best_Of_The_Bets_Show HTTP/1.1" 200 10182 "-" "iTunes/11.0.2 (Windows; Microsoft Windows 7 x64 Home Premium Edition Service Pack 1 (Build 7601)) AppleWebKit/536.27.1"
92.235.48.164 - - [28/Apr/2013:09:39:19 +0200] "GET /podcasts-out/?podcastname=Best_Of_The_Bets_Show HTTP/1.1" 200 10182 "-" "iTunes/11.0.2 (Windows; Microsoft Windows 7 x64 Home Premium Edition Service Pack 1 (Build 7601)) AppleWebKit/536.27.1"
86.176.246.243 - - [28/Apr/2013:09:49:50 +0200] "GET /podcasts-out/?podcastname=Best_Of_The_Bets_Show HTTP/1.1" 200 10182 "-" "Podcasts/1.2.1"
17.154.84.40 - - [28/Apr/2013:10:06:50 +0200] "HEAD /podcasts-out/?podcastname=Best_Of_The_Bets_Show HTTP/1.1" 200 0 "-" "iTMS"
17.154.84.41 - - [28/Apr/2013:10:06:51 +0200] "HEAD /podcasts-out/?podcastname=Best_Of_The_Bets_Show HTTP/1.1" 200 0 "-" "iTMS"
17.154.84.40 - - [28/Apr/2013:10:06:51 +0200] "GET /podcasts-out/?podcastname=Best_Of_The_Bets_Show HTTP/1.1" 200 10182 "-" "iTMS"
17.154.84.37 - - [28/Apr/2013:10:06:51 +0200] "GET /podcasts-out/?podcastname=Best_Of_The_Bets_Show HTTP/1.1" 200 10182 "-" "Jakarta Commons-HttpClient/3.0"
92.238.111.89 - - [28/Apr/2013:10:16:02 +0200] "GET /podcasts-out/?podcastname=Best_Of_The_Bets_Show HTTP/1.1" 200 10182 "-" "iTunes/11.0 (Windows; Microsoft Windows 7 x64 Home Premium Edition Service Pack 1 (Build 7601)) AppleWebKit/536.27.1"
2.223.63.103 - - [28/Apr/2013:10:28:17 +0200] "GET /podcasts-out/?podcastname=Best_Of_The_Bets_Show HTTP/1.1" 200 10182 "-" "iTunes/11.0.2 (Windows; Microsoft Windows 7 x64 Home Premium Edition Service Pack 1 (Build 7601)) AppleWebKit/536.27.1"
176.27.234.146 - - [28/Apr/2013:10:39:35 +0200] "GET /podcasts-out/?podcastname=Best_Of_The_Bets_Show HTTP/1.1" 200 10182 "-" "iTunes/10.7 Downcast/2.8.2.2001"
2.248.152.242 - - [28/Apr/2013:10:44:15 +0200] "GET /podcasts-out/?podcastname=Best_Of_The_Bets_Show HTTP/1.1" 200 10182 "-" "iTunes/11.0.2 (Macintosh; OS X 10.7.5) AppleWebKit/534.57.7"
2.248.152.242 - - [28/Apr/2013:10:49:59 +0200] "GET /podcasts-out/?podcastname=Best_Of_The_Bets_Show HTTP/1.1" 200 10182 "-" "iTunes/11.0.2 (Macintosh; OS X 10.7.5) AppleWebKit/534.57.7"
2.248.152.242 - - [28/Apr/2013:10:50:00 +0200] "GET /podcasts-out/?podcastname=Best_Of_The_Bets_Show HTTP/1.1" 200 10182 "-" "iTunes/11.0.2 (Macintosh; OS X 10.7.5) AppleWebKit/534.57.7"
2.248.152.242 - - [28/Apr/2013:10:50:00 +0200] "GET /podcasts-out/?podcastname=Best_Of_The_Bets_Show HTTP/1.1" 200 10182 "-" "iTunes/11.0.2 (Macintosh; OS X 10.7.5) AppleWebKit/534.57.7"
2.248.152.242 - - [28/Apr/2013:10:50:01 +0200] "GET /podcasts-out/?podcastname=Best_Of_The_Bets_Show HTTP/1.1" 200 10182 "-" "iTunes/11.0.2 (Macintosh; OS X 10.7.5) AppleWebKit/534.57.7"
17.154.84.39 - - [28/Apr/2013:11:09:25 +0200] "HEAD /podcasts-out/?podcastname=Best_Of_The_Bets_Show HTTP/1.1" 200 0 "-" "iTMS"
17.154.84.39 - - [28/Apr/2013:11:09:25 +0200] "HEAD /podcasts-out/?podcastname=Best_Of_The_Bets_Show HTTP/1.1" 200 0 "-" "iTMS"
17.154.84.42 - - [28/Apr/2013:11:09:26 +0200] "GET /podcasts-out/?podcastname=Best_Of_The_Bets_Show HTTP/1.1" 200 10182 "-" "iTMS"
17.154.84.36 - - [28/Apr/2013:11:09:26 +0200] "GET /podcasts-out/?podcastname=Best_Of_The_Bets_Show HTTP/1.1" 200 10182 "-" "Jakarta Commons-HttpClient/3.0"
199.116.113.155 - - [28/Apr/2013:11:15:48 +0200] "GET http://www.google.com/ HTTP/1.0" 403 570 "-" "Mozilla/4.0 (compatible; MSIE 6.0; Windows NT 5.1)"
92.238.111.89 - - [28/Apr/2013:11:15:54 +0200] "GET /podcasts-out/?podcastname=Best_Of_The_Bets_Show HTTP/1.1" 200 10182 "-" "iTunes/11.0 (Windows; Microsoft Windows 7 x64 Home Premium Edition Service Pack 1 (Build 7601)) AppleWebKit/536.27.1"
86.151.48.210 - - [28/Apr/2013:11:58:54 +0200] "GET /podcasts-out/?podcastname=Best_Of_The_Bets_Show HTTP/1.1" 200 10182 "-" "Podcasts/1.2.1"
17.154.84.42 - - [28/Apr/2013:12:10:10 +0200] "HEAD /podcasts-out/?podcastname=Best_Of_The_Bets_Show HTTP/1.1" 200 0 "-" "iTMS"
17.154.84.39 - - [28/Apr/2013:12:10:10 +0200] "HEAD /podcasts-out/?podcastname=Best_Of_The_Bets_Show HTTP/1.1" 200 0 "-" "iTMS"
17.154.84.39 - - [28/Apr/2013:12:10:11 +0200] "GET /podcasts-out/?podcastname=Best_Of_The_Bets_Show HTTP/1.1" 200 10182 "-" "iTMS"
17.154.84.37 - - [28/Apr/2013:12:10:11 +0200] "GET /podcasts-out/?podcastname=Best_Of_The_Bets_Show HTTP/1.1" 200 10182 "-" "Jakarta Commons-HttpClient/3.0"
92.238.111.89 - - [28/Apr/2013:12:15:55 +0200] "GET /podcasts-out/?podcastname=Best_Of_The_Bets_Show HTTP/1.1" 200 10182 "-" "iTunes/11.0 (Windows; Microsoft Windows 7 x64 Home Premium Edition Service Pack 1 (Build 7601)) AppleWebKit/536.27.1"
17.154.84.41 - - [28/Apr/2013:13:13:31 +0200] "HEAD /podcasts-out/?podcastname=Best_Of_The_Bets_Show HTTP/1.1" 200 0 "-" "iTMS"
17.154.84.40 - - [28/Apr/2013:13:13:31 +0200] "HEAD /podcasts-out/?podcastname=Best_Of_The_Bets_Show HTTP/1.1" 200 0 "-" "iTMS"
17.154.84.40 - - [28/Apr/2013:13:13:31 +0200] "GET /podcasts-out/?podcastname=Best_Of_The_Bets_Show HTTP/1.1" 200 10182 "-" "iTMS"
17.154.84.36 - - [28/Apr/2013:13:13:32 +0200] "GET /podcasts-out/?podcastname=Best_Of_The_Bets_Show HTTP/1.1" 200 10182 "-" "Jakarta Commons-HttpClient/3.0"
92.238.111.89 - - [28/Apr/2013:13:15:54 +0200] "GET /podcasts-out/?podcastname=Best_Of_The_Bets_Show HTTP/1.1" 200 10182 "-" "iTunes/11.0 (Windows; Microsoft Windows 7 x64 Home Premium Edition Service Pack 1 (Build 7601)) AppleWebKit/536.27.1"
107.4.43.59 - - [28/Apr/2013:13:31:29 +0200] "GET / HTTP/1.1" 403 168 "-" "Mozilla/5.0 (Windows NT 5.1; rv:20.0) Gecko/20100101 Firefox/20.0"
66.249.76.15 - - [28/Apr/2013:13:46:50 +0200] "GET /robots.txt HTTP/1.1" 404 168 "-" "Mozilla/5.0 (compatible; Googlebot/2.1; +http://www.google.com/bot.html)"
66.249.76.15 - - [28/Apr/2013:13:46:50 +0200] "GET / HTTP/1.1" 403 168 "-" "Mozilla/5.0 (compatible; Googlebot/2.1; +http://www.google.com/bot.html)"
5.65.133.85 - - [28/Apr/2013:13:51:37 +0200] "GET /podcasts-out/?podcastname=Best_Of_The_Bets_Show HTTP/1.1" 200 10182 "-" "Podcasts/1.2.1"
5.65.133.85 - - [28/Apr/2013:13:51:43 +0200] "GET /podcasts-out/?podcastname=Best_Of_The_Bets_Show HTTP/1.1" 200 10182 "-" "Podcasts/1.2.1"
17.154.84.42 - - [28/Apr/2013:14:15:23 +0200] "HEAD /podcasts-out/?podcastname=Best_Of_The_Bets_Show HTTP/1.1" 200 0 "-" "iTMS"
17.154.84.42 - - [28/Apr/2013:14:15:23 +0200] "HEAD /podcasts-out/?podcastname=Best_Of_The_Bets_Show HTTP/1.1" 200 0 "-" "iTMS"
17.154.84.42 - - [28/Apr/2013:14:15:24 +0200] "GET /podcasts-out/?podcastname=Best_Of_The_Bets_Show HTTP/1.1" 200 10182 "-" "iTMS"
17.154.84.35 - - [28/Apr/2013:14:15:24 +0200] "GET /podcasts-out/?podcastname=Best_Of_The_Bets_Show HTTP/1.1" 200 10182 "-" "Jakarta Commons-HttpClient/3.0"
92.238.111.89 - - [28/Apr/2013:14:15:57 +0200] "GET /podcasts-out/?podcastname=Best_Of_The_Bets_Show HTTP/1.1" 200 10182 "-" "iTunes/11.0 (Windows; Microsoft Windows 7 x64 Home Premium Edition Service Pack 1 (Build 7601)) AppleWebKit/536.27.1"
92.238.111.89 - - [28/Apr/2013:15:15:55 +0200] "GET /podcasts-out/?podcastname=Best_Of_The_Bets_Show HTTP/1.1" 200 10182 "-" "iTunes/11.0 (Windows; Microsoft Windows 7 x64 Home Premium Edition Service Pack 1 (Build 7601)) AppleWebKit/536.27.1"
2.223.63.103 - - [28/Apr/2013:15:16:45 +0200] "GET /podcasts-out/?podcastname=Best_Of_The_Bets_Show HTTP/1.1" 200 10182 "-" "iTunes/11.0.2 (Windows; Microsoft Windows 7 x64 Home Premium Edition Service Pack 1 (Build 7601)) AppleWebKit/536.27.1"
2.223.63.103 - - [28/Apr/2013:15:16:52 +0200] "GET /podcasts-out/?podcastname=Best_Of_The_Bets_Show HTTP/1.1" 200 10182 "-" "iTunes/11.0.2 (Windows; Microsoft Windows 7 x64 Home Premium Edition Service Pack 1 (Build 7601)) AppleWebKit/536.27.1"
17.154.84.39 - - [28/Apr/2013:15:22:43 +0200] "HEAD /podcasts-out/?podcastname=Best_Of_The_Bets_Show HTTP/1.1" 200 0 "-" "iTMS"
17.154.84.41 - - [28/Apr/2013:15:22:44 +0200] "HEAD /podcasts-out/?podcastname=Best_Of_The_Bets_Show HTTP/1.1" 200 0 "-" "iTMS"
17.154.84.40 - - [28/Apr/2013:15:22:44 +0200] "GET /podcasts-out/?podcastname=Best_Of_The_Bets_Show HTTP/1.1" 200 10182 "-" "iTMS"
17.154.84.35 - - [28/Apr/2013:15:22:44 +0200] "GET /podcasts-out/?podcastname=Best_Of_The_Bets_Show HTTP/1.1" 200 10182 "-" "Jakarta Commons-HttpClient/3.0"
2.248.152.242 - - [28/Apr/2013:15:40:53 +0200] "GET /podcasts-out/?podcastname=Best_Of_The_Bets_Show HTTP/1.1" 200 10182 "-" "iTunes/11.0.2 (Macintosh; OS X 10.7.5) AppleWebKit/534.57.7"
2.248.152.242 - - [28/Apr/2013:15:40:54 +0200] "GET /podcasts-out/?podcastname=Best_Of_The_Bets_Show HTTP/1.1" 200 10182 "-" "iTunes/11.0.2 (Macintosh; OS X 10.7.5) AppleWebKit/534.57.7"
2.248.152.242 - - [28/Apr/2013:15:41:39 +0200] "GET /podcasts-out/?podcastname=Best_Of_The_Bets_Show HTTP/1.1" 200 10182 "-" "iTunes/11.0.2 (Macintosh; OS X 10.7.5) AppleWebKit/534.57.7"
92.238.111.89 - - [28/Apr/2013:16:15:56 +0200] "GET /podcasts-out/?podcastname=Best_Of_The_Bets_Show HTTP/1.1" 200 10182 "-" "iTunes/11.0 (Windows; Microsoft Windows 7 x64 Home Premium Edition Service Pack 1 (Build 7601)) AppleWebKit/536.27.1"
92.235.48.164 - - [28/Apr/2013:16:28:08 +0200] "GET /podcasts-out/?podcastname=Best_Of_The_Bets_Show HTTP/1.1" 200 10182 "-" "iTunes/11.0.2 (Windows; Microsoft Windows 7 x64 Home Premium Edition Service Pack 1 (Build 7601)) AppleWebKit/536.27.1"
17.154.84.40 - - [28/Apr/2013:16:36:06 +0200] "HEAD /podcasts-out/?podcastname=Best_Of_The_Bets_Show HTTP/1.1" 200 0 "-" "iTMS"
17.154.84.42 - - [28/Apr/2013:16:36:07 +0200] "HEAD /podcasts-out/?podcastname=Best_Of_The_Bets_Show HTTP/1.1" 200 0 "-" "iTMS"
17.154.84.42 - - [28/Apr/2013:16:36:07 +0200] "GET /podcasts-out/?podcastname=Best_Of_The_Bets_Show HTTP/1.1" 200 10182 "-" "iTMS"
17.154.84.38 - - [28/Apr/2013:16:36:07 +0200] "GET /podcasts-out/?podcastname=Best_Of_The_Bets_Show HTTP/1.1" 200 10182 "-" "Jakarta Commons-HttpClient/3.0"
92.238.111.89 - - [28/Apr/2013:17:16:28 +0200] "GET /podcasts-out/?podcastname=Best_Of_The_Bets_Show HTTP/1.1" 200 10182 "-" "iTunes/11.0 (Windows; Microsoft Windows 7 x64 Home Premium Edition Service Pack 1 (Build 7601)) AppleWebKit/536.27.1"
17.154.84.39 - - [28/Apr/2013:17:37:55 +0200] "HEAD /podcasts-out/?podcastname=Best_Of_The_Bets_Show HTTP/1.1" 200 0 "-" "iTMS"
17.154.84.39 - - [28/Apr/2013:17:37:55 +0200] "HEAD /podcasts-out/?podcastname=Best_Of_The_Bets_Show HTTP/1.1" 200 0 "-" "iTMS"
17.154.84.40 - - [28/Apr/2013:17:37:55 +0200] "GET /podcasts-out/?podcastname=Best_Of_The_Bets_Show HTTP/1.1" 200 10182 "-" "iTMS"
17.154.84.36 - - [28/Apr/2013:17:37:56 +0200] "GET /podcasts-out/?podcastname=Best_Of_The_Bets_Show HTTP/1.1" 200 10182 "-" "Jakarta Commons-HttpClient/3.0"
81.50.16.230 - - [28/Apr/2013:17:41:59 +0200] "GET /podcasts-out/?podcastname=Best_Of_The_Bets_Show HTTP/1.1" 200 10182 "-" "Podcasts/1.2.1"
94.23.45.14 - - [28/Apr/2013:17:58:47 +0200] "HEAD / HTTP/1.0" 403 0 "-" "-"
92.1.24.205 - - [28/Apr/2013:18:10:07 +0200] "GET /podcasts-out/?podcastname=Best_Of_The_Bets_Show HTTP/1.1" 200 10182 "-" "iTunes/11.0.2 (Windows; Microsoft Windows 7 x64 Home Premium Edition Service Pack 1 (Build 7601)) AppleWebKit/536.27.1"
86.176.246.243 - - [28/Apr/2013:18:24:35 +0200] "GET /podcasts-out/?podcastname=Best_Of_The_Bets_Show HTTP/1.1" 200 10182 "-" "Podcasts/1.2.1"
17.154.84.42 - - [28/Apr/2013:18:45:35 +0200] "HEAD /podcasts-out/?podcastname=Best_Of_The_Bets_Show HTTP/1.1" 200 0 "-" "iTMS"
17.154.84.40 - - [28/Apr/2013:18:45:35 +0200] "HEAD /podcasts-out/?podcastname=Best_Of_The_Bets_Show HTTP/1.1" 200 0 "-" "iTMS"
17.154.84.40 - - [28/Apr/2013:18:45:35 +0200] "GET /podcasts-out/?podcastname=Best_Of_The_Bets_Show HTTP/1.1" 200 10182 "-" "iTMS"
17.154.84.37 - - [28/Apr/2013:18:45:36 +0200] "GET /podcasts-out/?podcastname=Best_Of_The_Bets_Show HTTP/1.1" 200 10182 "-" "Jakarta Commons-HttpClient/3.0"
92.1.24.205 - - [28/Apr/2013:19:00:59 +0200] "GET /podcasts-out/?podcastname=Best_Of_The_Bets_Show HTTP/1.1" 200 10182 "-" "iTunes/11.0.2 (Windows; Microsoft Windows 7 x64 Home Premium Edition Service Pack 1 (Build 7601)) AppleWebKit/536.27.1"
2.219.115.188 - - [28/Apr/2013:19:12:14 +0200] "GET /podcasts-out/?podcastname=Best_Of_The_Bets_Show HTTP/1.1" 200 10182 "-" "Podcasts/1.2.1"
86.151.48.210 - - [28/Apr/2013:19:14:58 +0200] "GET /podcasts-out/?podcastname=Best_Of_The_Bets_Show HTTP/1.1" 200 10182 "-" "Podcasts/1.2.1"
64.34.197.140 - - [28/Apr/2013:19:21:51 +0200] "GET /w00tw00t.at.ISC.SANS.DFind:) HTTP/1.1" 400 172 "-" "-"
24.114.26.63 - - [28/Apr/2013:19:52:57 +0200] "GET /podcast.php HTTP/1.1" 301 5 "-" "Podkicker/1.2.4"
24.114.26.63 - - [28/Apr/2013:19:52:58 +0200] "GET /podcasts-out/?podcastname=Best_Of_The_Bets_Show HTTP/1.1" 200 10182 "-" "Podkicker/1.2.4"
17.154.84.42 - - [28/Apr/2013:19:54:55 +0200] "HEAD /podcasts-out/?podcastname=Best_Of_The_Bets_Show HTTP/1.1" 200 0 "-" "iTMS"
17.154.84.42 - - [28/Apr/2013:19:54:55 +0200] "HEAD /podcasts-out/?podcastname=Best_Of_The_Bets_Show HTTP/1.1" 200 0 "-" "iTMS"
17.154.84.40 - - [28/Apr/2013:19:54:56 +0200] "GET /podcasts-out/?podcastname=Best_Of_The_Bets_Show HTTP/1.1" 200 10182 "-" "iTMS"
17.154.84.36 - - [28/Apr/2013:19:54:56 +0200] "GET /podcasts-out/?podcastname=Best_Of_The_Bets_Show HTTP/1.1" 200 10182 "-" "Jakarta Commons-HttpClient/3.0"
67.215.186.198 - - [28/Apr/2013:20:15:21 +0200] "GET /w00tw00t.at.ISC.SANS.Win32:) HTTP/1.1" 400 172 "-" "-"
2.248.152.242 - - [28/Apr/2013:20:17:54 +0200] "GET /podcasts-out/?podcastname=Best_Of_The_Bets_Show HTTP/1.1" 200 10182 "-" "iTunes/11.0.2 (Macintosh; OS X 10.7.5) AppleWebKit/534.57.7"
5.65.133.85 - - [28/Apr/2013:20:19:08 +0200] "GET /podcasts-out/?podcastname=Best_Of_The_Bets_Show HTTP/1.1" 200 10182 "-" "Podcasts/1.2.1"
90.204.124.44 - - [28/Apr/2013:20:48:22 +0200] "GET /podcasts-out/?podcastname=Best_Of_The_Bets_Show HTTP/1.1" 200 10182 "-" "iTunes/11.0.2 (Windows; Microsoft Windows 7 x64 Home Premium Edition Service Pack 1 (Build 7601)) AppleWebKit/536.27.1"
17.154.84.41 - - [28/Apr/2013:20:59:35 +0200] "HEAD /podcasts-out/?podcastname=Best_Of_The_Bets_Show HTTP/1.1" 200 0 "-" "iTMS"
17.154.84.41 - - [28/Apr/2013:20:59:35 +0200] "HEAD /podcasts-out/?podcastname=Best_Of_The_Bets_Show HTTP/1.1" 200 0 "-" "iTMS"
17.154.84.40 - - [28/Apr/2013:20:59:36 +0200] "GET /podcasts-out/?podcastname=Best_Of_The_Bets_Show HTTP/1.1" 200 10182 "-" "iTMS"
17.154.84.38 - - [28/Apr/2013:20:59:36 +0200] "GET /podcasts-out/?podcastname=Best_Of_The_Bets_Show HTTP/1.1" 200 10182 "-" "Jakarta Commons-HttpClient/3.0"
213.219.161.154 - - [28/Apr/2013:21:00:02 +0200] "GET /podcast.php HTTP/1.1" 301 5 "-" "iTunes/11.0.2 (Windows; Microsoft Windows 7 x64 Home Premium Edition Service Pack 1 (Build 7601)) AppleWebKit/536.27.1"
213.219.161.154 - - [28/Apr/2013:21:00:02 +0200] "GET /podcasts-out/?podcastname=Best_Of_The_Bets_Show HTTP/1.1" 200 10182 "-" "iTunes/11.0.2 (Windows; Microsoft Windows 7 x64 Home Premium Edition Service Pack 1 (Build 7601)) AppleWebKit/536.27.1"
92.1.24.205 - - [28/Apr/2013:21:09:40 +0200] "GET /podcasts-out/?podcastname=Best_Of_The_Bets_Show HTTP/1.1" 200 10182 "-" "iTunes/11.0.2 (Windows; Microsoft Windows 7 x64 Home Premium Edition Service Pack 1 (Build 7601)) AppleWebKit/536.27.1"
2.248.152.242 - - [28/Apr/2013:21:17:57 +0200] "GET /podcasts-out/?podcastname=Best_Of_The_Bets_Show HTTP/1.1" 200 10182 "-" "iTunes/11.0.2 (Macintosh; OS X 10.7.5) AppleWebKit/534.57.7"
2.216.83.56 - - [28/Apr/2013:21:56:17 +0200] "GET /podcast.php HTTP/1.1" 301 5 "-" "iTunes/10.7 (Windows; Microsoft Windows 7 x64 Home Premium Edition Service Pack 1 (Build 7601)) AppleWebKit/536.26.9"
2.216.83.56 - - [28/Apr/2013:21:56:17 +0200] "GET /podcasts-out/?podcastname=Best_Of_The_Bets_Show HTTP/1.1" 200 10182 "-" "iTunes/10.7 (Windows; Microsoft Windows 7 x64 Home Premium Edition Service Pack 1 (Build 7601)) AppleWebKit/536.26.9"
2.216.83.56 - - [28/Apr/2013:21:56:19 +0200] "GET /podcasts-out/?podcastname=Best_Of_The_Bets_Show HTTP/1.1" 200 10182 "-" "iTunes/10.7 (Windows; Microsoft Windows 7 x64 Home Premium Edition Service Pack 1 (Build 7601)) AppleWebKit/536.26.9"
213.219.161.154 - - [28/Apr/2013:21:56:30 +0200] "GET /podcasts-out/?podcastname=Best_Of_The_Bets_Show HTTP/1.1" 200 10182 "-" "iTunes/11.0.2 (Windows; Microsoft Windows 7 x64 Home Premium Edition Service Pack 1 (Build 7601)) AppleWebKit/536.27.1"
17.154.84.42 - - [28/Apr/2013:22:07:39 +0200] "HEAD /podcasts-out/?podcastname=Best_Of_The_Bets_Show HTTP/1.1" 200 0 "-" "iTMS"
17.154.84.42 - - [28/Apr/2013:22:07:40 +0200] "HEAD /podcasts-out/?podcastname=Best_Of_The_Bets_Show HTTP/1.1" 200 0 "-" "iTMS"
17.154.84.39 - - [28/Apr/2013:22:07:40 +0200] "GET /podcasts-out/?podcastname=Best_Of_The_Bets_Show HTTP/1.1" 200 10182 "-" "iTMS"
17.154.84.35 - - [28/Apr/2013:22:07:40 +0200] "GET /podcasts-out/?podcastname=Best_Of_The_Bets_Show HTTP/1.1" 200 10182 "-" "Jakarta Commons-HttpClient/3.0"
92.1.24.205 - - [28/Apr/2013:22:09:48 +0200] "GET /podcasts-out/?podcastname=Best_Of_The_Bets_Show HTTP/1.1" 200 10182 "-" "iTunes/11.0.2 (Windows; Microsoft Windows 7 x64 Home Premium Edition Service Pack 1 (Build 7601)) AppleWebKit/536.27.1"
92.238.111.89 - - [28/Apr/2013:22:17:46 +0200] "GET /podcasts-out/?podcastname=Best_Of_The_Bets_Show HTTP/1.1" 200 10182 "-" "iTunes/11.0 (Windows; Microsoft Windows 7 x64 Home Premium Edition Service Pack 1 (Build 7601)) AppleWebKit/536.27.1"
2.223.63.103 - - [28/Apr/2013:22:31:54 +0200] "GET /podcasts-out/?podcastname=Best_Of_The_Bets_Show HTTP/1.1" 200 10182 "-" "iTunes/11.0.2 (Windows; Microsoft Windows 7 x64 Home Premium Edition Service Pack 1 (Build 7601)) AppleWebKit/536.27.1"
2.223.63.103 - - [28/Apr/2013:22:32:04 +0200] "GET /podcasts-out/?podcastname=Best_Of_The_Bets_Show HTTP/1.1" 200 10182 "-" "iTunes/11.0.2 (Windows; Microsoft Windows 7 x64 Home Premium Edition Service Pack 1 (Build 7601)) AppleWebKit/536.27.1"
82.29.244.107 - - [28/Apr/2013:23:04:23 +0200] "GET /podcasts-out/?podcastname=Best_Of_The_Bets_Show HTTP/1.1" 200 10182 "-" "iTunes/11.0.2 (Windows; Microsoft Windows 7 x64 Home Premium Edition Service Pack 1 (Build 7601)) AppleWebKit/536.27.1"
92.1.24.205 - - [28/Apr/2013:23:09:50 +0200] "GET /podcasts-out/?podcastname=Best_Of_The_Bets_Show HTTP/1.1" 200 10182 "-" "iTunes/11.0.2 (Windows; Microsoft Windows 7 x64 Home Premium Edition Service Pack 1 (Build 7601)) AppleWebKit/536.27.1"
17.154.84.42 - - [28/Apr/2013:23:12:56 +0200] "HEAD /podcasts-out/?podcastname=Best_Of_The_Bets_Show HTTP/1.1" 200 0 "-" "iTMS"
17.154.84.42 - - [28/Apr/2013:23:12:56 +0200] "HEAD /podcasts-out/?podcastname=Best_Of_The_Bets_Show HTTP/1.1" 200 0 "-" "iTMS"
17.154.84.39 - - [28/Apr/2013:23:12:57 +0200] "GET /podcasts-out/?podcastname=Best_Of_The_Bets_Show HTTP/1.1" 200 10182 "-" "iTMS"
17.154.84.38 - - [28/Apr/2013:23:12:57 +0200] "GET /podcasts-out/?podcastname=Best_Of_The_Bets_Show HTTP/1.1" 200 10182 "-" "Jakarta Commons-HttpClient/3.0"
92.238.111.89 - - [28/Apr/2013:23:17:42 +0200] "GET /podcasts-out/?podcastname=Best_Of_The_Bets_Show HTTP/1.1" 200 10182 "-" "iTunes/11.0 (Windows; Microsoft Windows 7 x64 Home Premium Edition Service Pack 1 (Build 7601)) AppleWebKit/536.27.1"
80.202.194.189 - - [28/Apr/2013:23:19:12 +0200] "GET /podcasts-out/?podcastname=Best_Of_The_Bets_Show HTTP/1.1" 200 10182 "-" "iTunes/10.7 Downcast/2.8.2.2001"
24.114.26.63 - - [28/Apr/2013:23:26:01 +0200] "GET /podcast.php HTTP/1.1" 301 5 "-" "Podkicker/1.2.4"
24.114.26.63 - - [28/Apr/2013:23:26:01 +0200] "GET /podcasts-out/?podcastname=Best_Of_The_Bets_Show HTTP/1.1" 200 10182 "-" "Podkicker/1.2.4"
92.1.24.205 - - [29/Apr/2013:00:09:49 +0200] "GET /podcasts-out/?podcastname=Best_Of_The_Bets_Show HTTP/1.1" 200 10182 "-" "iTunes/11.0.2 (Windows; Microsoft Windows 7 x64 Home Premium Edition Service Pack 1 (Build 7601)) AppleWebKit/536.27.1"
17.154.84.41 - - [29/Apr/2013:00:14:45 +0200] "HEAD /podcasts-out/?podcastname=Best_Of_The_Bets_Show HTTP/1.1" 200 0 "-" "iTMS"
17.154.84.39 - - [29/Apr/2013:00:14:45 +0200] "HEAD /podcasts-out/?podcastname=Best_Of_The_Bets_Show HTTP/1.1" 200 0 "-" "iTMS"
17.154.84.40 - - [29/Apr/2013:00:14:46 +0200] "GET /podcasts-out/?podcastname=Best_Of_The_Bets_Show HTTP/1.1" 200 10182 "-" "iTMS"
17.154.84.37 - - [29/Apr/2013:00:14:46 +0200] "GET /podcasts-out/?podcastname=Best_Of_The_Bets_Show HTTP/1.1" 200 10182 "-" "Jakarta Commons-HttpClient/3.0"
92.238.111.89 - - [29/Apr/2013:00:17:44 +0200] "GET /podcasts-out/?podcastname=Best_Of_The_Bets_Show HTTP/1.1" 200 10182 "-" "iTunes/11.0 (Windows; Microsoft Windows 7 x64 Home Premium Edition Service Pack 1 (Build 7601)) AppleWebKit/536.27.1"
64.34.197.140 - - [29/Apr/2013:00:39:06 +0200] "GET / HTTP/1.0" 403 168 "-" "-"
17.154.84.41 - - [29/Apr/2013:01:16:04 +0200] "HEAD /podcasts-out/?podcastname=Best_Of_The_Bets_Show HTTP/1.1" 200 0 "-" "iTMS"
17.154.84.39 - - [29/Apr/2013:01:16:04 +0200] "HEAD /podcasts-out/?podcastname=Best_Of_The_Bets_Show HTTP/1.1" 200 0 "-" "iTMS"
17.154.84.39 - - [29/Apr/2013:01:16:04 +0200] "GET /podcasts-out/?podcastname=Best_Of_The_Bets_Show HTTP/1.1" 200 10182 "-" "iTMS"
17.154.84.38 - - [29/Apr/2013:01:16:05 +0200] "GET /podcasts-out/?podcastname=Best_Of_The_Bets_Show HTTP/1.1" 200 10182 "-" "Jakarta Commons-HttpClient/3.0"
213.221.250.31 - - [29/Apr/2013:01:22:11 +0200] "GET / HTTP/1.1" 403 168 "-" "Python-urllib/2.7"
213.221.250.31 - - [29/Apr/2013:01:22:11 +0200] "GET /jmx-console HTTP/1.1" 404 168 "-" "Python-urllib/2.7"
213.221.250.31 - - [29/Apr/2013:01:22:11 +0200] "GET /manager/html HTTP/1.1" 404 168 "-" "Python-urllib/2.7"
213.221.250.31 - - [29/Apr/2013:01:22:11 +0200] "GET //administrator HTTP/1.1" 404 168 "-" "Python-urllib/2.7"
213.221.250.31 - - [29/Apr/2013:01:22:11 +0200] "GET /joomla/administrator HTTP/1.1" 404 168 "-" "Python-urllib/2.7"
213.221.250.31 - - [29/Apr/2013:01:22:11 +0200] "GET /cms/administrator HTTP/1.1" 404 168 "-" "Python-urllib/2.7"
213.221.250.31 - - [29/Apr/2013:01:22:11 +0200] "GET /Joomla/administrator HTTP/1.1" 404 168 "-" "Python-urllib/2.7"
213.221.250.31 - - [29/Apr/2013:01:22:11 +0200] "GET / HTTP/1.1" 403 168 "-" "Python-urllib/2.7"
213.221.250.31 - - [29/Apr/2013:01:22:11 +0200] "GET /msd HTTP/1.1" 404 168 "-" "Python-urllib/2.7"
213.221.250.31 - - [29/Apr/2013:01:22:11 +0200] "GET /mySqlDumper HTTP/1.1" 404 168 "-" "Python-urllib/2.7"
213.221.250.31 - - [29/Apr/2013:01:22:11 +0200] "GET /msd1.24stable HTTP/1.1" 404 168 "-" "Python-urllib/2.7"
213.221.250.31 - - [29/Apr/2013:01:22:11 +0200] "GET /msd1.24.4 HTTP/1.1" 404 168 "-" "Python-urllib/2.7"
213.221.250.31 - - [29/Apr/2013:01:22:11 +0200] "GET /mysqldumper HTTP/1.1" 404 168 "-" "Python-urllib/2.7"
213.221.250.31 - - [29/Apr/2013:01:22:12 +0200] "GET /MySQLDumper HTTP/1.1" 404 168 "-" "Python-urllib/2.7"
213.221.250.31 - - [29/Apr/2013:01:22:12 +0200] "GET /mysql HTTP/1.1" 404 168 "-" "Python-urllib/2.7"
213.221.250.31 - - [29/Apr/2013:01:22:12 +0200] "GET /sql HTTP/1.1" 404 168 "-" "Python-urllib/2.7"
213.221.250.31 - - [29/Apr/2013:01:22:12 +0200] "GET /phpmyadmin HTTP/1.1" 404 168 "-" "Python-urllib/2.7"
213.221.250.31 - - [29/Apr/2013:01:22:12 +0200] "GET /phpMyAdmin HTTP/1.1" 404 168 "-" "Python-urllib/2.7"
213.221.250.31 - - [29/Apr/2013:01:22:12 +0200] "GET /mysql HTTP/1.1" 404 168 "-" "Python-urllib/2.7"
213.221.250.31 - - [29/Apr/2013:01:22:12 +0200] "GET /sql HTTP/1.1" 404 168 "-" "Python-urllib/2.7"
213.221.250.31 - - [29/Apr/2013:01:22:12 +0200] "GET /myadmin HTTP/1.1" 404 168 "-" "Python-urllib/2.7"
213.221.250.31 - - [29/Apr/2013:01:22:12 +0200] "GET /sqlite/main.php HTTP/1.1" 404 27 "-" "Python-urllib/2.7"
213.221.250.31 - - [29/Apr/2013:01:22:12 +0200] "GET /SQLite/SQLiteManager-1.2.4/main.php HTTP/1.1" 404 27 "-" "Python-urllib/2.7"
213.221.250.31 - - [29/Apr/2013:01:22:12 +0200] "GET /SQLiteManager-1.2.4/main.php HTTP/1.1" 404 27 "-" "Python-urllib/2.7"
213.221.250.31 - - [29/Apr/2013:01:22:12 +0200] "GET /sqlitemanager/main.php HTTP/1.1" 404 27 "-" "Python-urllib/2.7"
213.221.250.31 - - [29/Apr/2013:01:22:13 +0200] "GET /SQlite/main.php HTTP/1.1" 404 27 "-" "Python-urllib/2.7"
213.221.250.31 - - [29/Apr/2013:01:22:13 +0200] "GET /SQLiteManager/main.php HTTP/1.1" 404 27 "-" "Python-urllib/2.7"
213.221.250.31 - - [29/Apr/2013:01:22:13 +0200] "GET / HTTP/1.1" 403 168 "-" "Python-urllib/2.7"
213.221.250.31 - - [29/Apr/2013:01:22:13 +0200] "GET /webdav HTTP/1.1" 404 168 "-" "Python-urllib/2.7"
213.221.250.31 - - [29/Apr/2013:01:22:13 +0200] "GET //wp-login.php HTTP/1.1" 404 27 "-" "Python-urllib/2.7"
213.221.250.31 - - [29/Apr/2013:01:22:13 +0200] "GET /wordpress/wp-login.php HTTP/1.1" 404 27 "-" "Python-urllib/2.7"
213.221.250.31 - - [29/Apr/2013:01:22:13 +0200] "GET /wp/wp-login.php HTTP/1.1" 404 27 "-" "Python-urllib/2.7"
213.221.250.31 - - [29/Apr/2013:01:22:13 +0200] "GET /blog/wp-login.php HTTP/1.1" 404 27 "-" "Python-urllib/2.7"
213.221.250.31 - - [29/Apr/2013:01:22:13 +0200] "GET /Wordpress/wp-login.php HTTP/1.1" 404 27 "-" "Python-urllib/2.7"
213.221.250.31 - - [29/Apr/2013:01:22:13 +0200] "GET /Blog/wp-login.php HTTP/1.1" 404 27 "-" "Python-urllib/2.7"
213.221.250.31 - - [29/Apr/2013:01:22:13 +0200] "GET / HTTP/1.1" 403 168 "-" "Python-urllib/2.7"
92.1.24.205 - - [29/Apr/2013:01:25:20 +0200] "GET /podcasts-out/?podcastname=Best_Of_The_Bets_Show HTTP/1.1" 200 10182 "-" "iTunes/11.0.2 (Windows; Microsoft Windows 7 x64 Home Premium Edition Service Pack 1 (Build 7601)) AppleWebKit/536.27.1"
17.154.84.42 - - [29/Apr/2013:02:18:50 +0200] "HEAD /podcasts-out/?podcastname=Best_Of_The_Bets_Show HTTP/1.1" 200 0 "-" "iTMS"
17.154.84.40 - - [29/Apr/2013:02:18:50 +0200] "HEAD /podcasts-out/?podcastname=Best_Of_The_Bets_Show HTTP/1.1" 200 0 "-" "iTMS"
17.154.84.40 - - [29/Apr/2013:02:18:50 +0200] "GET /podcasts-out/?podcastname=Best_Of_The_Bets_Show HTTP/1.1" 200 10182 "-" "iTMS"
17.154.84.38 - - [29/Apr/2013:02:18:51 +0200] "GET /podcasts-out/?podcastname=Best_Of_The_Bets_Show HTTP/1.1" 200 10182 "-" "Jakarta Commons-HttpClient/3.0"
92.1.24.205 - - [29/Apr/2013:02:24:41 +0200] "GET /podcasts-out/?podcastname=Best_Of_The_Bets_Show HTTP/1.1" 200 10182 "-" "iTunes/11.0.2 (Windows; Microsoft Windows 7 x64 Home Premium Edition Service Pack 1 (Build 7601)) AppleWebKit/536.27.1"
46.7.173.117 - - [29/Apr/2013:03:02:49 +0200] "GET /podcasts-out/?podcastname=Best_Of_The_Bets_Show HTTP/1.1" 200 10182 "-" "iTunes/11.0.2 (Windows; Microsoft Windows 7 x64 Home Premium Edition Service Pack 1 (Build 7601)) AppleWebKit/536.27.1"
46.7.173.117 - - [29/Apr/2013:03:04:01 +0200] "GET /podcasts-out/?podcastname=Best_Of_The_Bets_Show HTTP/1.1" 200 10182 "-" "iTunes/11.0.2 (Windows; Microsoft Windows 7 x64 Home Premium Edition Service Pack 1 (Build 7601)) AppleWebKit/536.27.1"
46.7.173.117 - - [29/Apr/2013:03:04:07 +0200] "GET /podcasts-out/?podcastname=Best_Of_The_Bets_Show HTTP/1.1" 200 10182 "-" "iTunes/11.0.2 (Windows; Microsoft Windows 7 x64 Home Premium Edition Service Pack 1 (Build 7601)) AppleWebKit/536.27.1"
46.7.173.117 - - [29/Apr/2013:03:09:16 +0200] "GET /podcasts-out/?podcastname=Best_Of_The_Bets_Show HTTP/1.1" 200 10182 "-" "iTunes/11.0.2 (Windows; Microsoft Windows 7 x64 Home Premium Edition Service Pack 1 (Build 7601)) AppleWebKit/536.27.1"
90.205.102.123 - - [29/Apr/2013:03:15:53 +0200] "GET /podcasts-out/?podcastname=Best_Of_The_Bets_Show HTTP/1.1" 200 10182 "-" "iTunes/11.0.2 (Windows; Microsoft Windows 7 x64 Home Premium Edition Service Pack 1 (Build 7601)) AppleWebKit/536.27.1"
17.154.84.40 - - [29/Apr/2013:03:26:01 +0200] "HEAD /podcasts-out/?podcastname=Best_Of_The_Bets_Show HTTP/1.1" 200 0 "-" "iTMS"
17.154.84.40 - - [29/Apr/2013:03:26:01 +0200] "HEAD /podcasts-out/?podcastname=Best_Of_The_Bets_Show HTTP/1.1" 200 0 "-" "iTMS"
17.154.84.41 - - [29/Apr/2013:03:26:02 +0200] "GET /podcasts-out/?podcastname=Best_Of_The_Bets_Show HTTP/1.1" 200 10182 "-" "iTMS"
17.154.84.35 - - [29/Apr/2013:03:26:02 +0200] "GET /podcasts-out/?podcastname=Best_Of_The_Bets_Show HTTP/1.1" 200 10182 "-" "Jakarta Commons-HttpClient/3.0"
80.202.194.189 - - [29/Apr/2013:03:51:17 +0200] "GET /podcasts-out/?podcastname=Best_Of_The_Bets_Show HTTP/1.1" 200 10182 "-" "iTunes/10.7 Downcast/2.8.2.2001"
17.154.84.42 - - [29/Apr/2013:04:27:52 +0200] "HEAD /podcasts-out/?podcastname=Best_Of_The_Bets_Show HTTP/1.1" 200 0 "-" "iTMS"
17.154.84.42 - - [29/Apr/2013:04:27:52 +0200] "HEAD /podcasts-out/?podcastname=Best_Of_The_Bets_Show HTTP/1.1" 200 0 "-" "iTMS"
17.154.84.39 - - [29/Apr/2013:04:27:52 +0200] "GET /podcasts-out/?podcastname=Best_Of_The_Bets_Show HTTP/1.1" 200 10182 "-" "iTMS"
17.154.84.35 - - [29/Apr/2013:04:27:53 +0200] "GET /podcasts-out/?podcastname=Best_Of_The_Bets_Show HTTP/1.1" 200 10182 "-" "Jakarta Commons-HttpClient/3.0"
206.45.184.219 - - [29/Apr/2013:04:40:09 +0200] "GET /podcast.php HTTP/1.1" 301 5 "-" "Podkicker/1.2.4"
206.45.184.219 - - [29/Apr/2013:04:40:10 +0200] "GET /podcasts-out/?podcastname=Best_Of_The_Bets_Show HTTP/1.1" 200 10182 "-" "Podkicker/1.2.4"
176.61.139.107 - - [29/Apr/2013:05:07:57 +0200] "GET http://37.28.156.211/sprawdza.php HTTP/1.1" 404 27 "-" "Mozilla/5.0 (compatible; MSIE 9.0; Windows NT 6.1; Trident/5.0)"
17.154.84.39 - - [29/Apr/2013:05:28:40 +0200] "HEAD /podcasts-out/?podcastname=Best_Of_The_Bets_Show HTTP/1.1" 200 0 "-" "iTMS"
17.154.84.39 - - [29/Apr/2013:05:28:40 +0200] "HEAD /podcasts-out/?podcastname=Best_Of_The_Bets_Show HTTP/1.1" 200 0 "-" "iTMS"
17.154.84.41 - - [29/Apr/2013:05:28:41 +0200] "GET /podcasts-out/?podcastname=Best_Of_The_Bets_Show HTTP/1.1" 200 10182 "-" "iTMS"
17.154.84.38 - - [29/Apr/2013:05:28:41 +0200] "GET /podcasts-out/?podcastname=Best_Of_The_Bets_Show HTTP/1.1" 200 10182 "-" "Jakarta Commons-HttpClient/3.0"
