92.235.48.164 - - [23/Apr/2013:07:05:51 +0200] "GET /podcasts-out/?podcastname=Best_Of_The_Bets_Show HTTP/1.1" 200 8834 "-" "iTunes/11.0.2 (Windows; Microsoft Windows 7 x64 Home Premium Edition Service Pack 1 (Build 7601)) AppleWebKit/536.27.1"
17.154.84.41 - - [23/Apr/2013:07:27:13 +0200] "HEAD /podcasts-out/?podcastname=Best_Of_The_Bets_Show HTTP/1.1" 200 0 "-" "iTMS"
17.154.84.41 - - [23/Apr/2013:07:27:13 +0200] "HEAD /podcasts-out/?podcastname=Best_Of_The_Bets_Show HTTP/1.1" 200 0 "-" "iTMS"
17.154.84.42 - - [23/Apr/2013:07:27:13 +0200] "GET /podcasts-out/?podcastname=Best_Of_The_Bets_Show HTTP/1.1" 200 8834 "-" "iTMS"
17.154.84.35 - - [23/Apr/2013:07:27:14 +0200] "GET /podcasts-out/?podcastname=Best_Of_The_Bets_Show HTTP/1.1" 200 8834 "-" "Jakarta Commons-HttpClient/3.0"
109.151.44.3 - - [23/Apr/2013:07:37:09 +0200] "GET /podcasts-out/?podcastname=Best_Of_The_Bets_Show HTTP/1.1" 200 8834 "-" "iTunes/11.0.2 (Windows; Microsoft Windows 7 x64 Home Premium Edition Service Pack 1 (Build 7601)) AppleWebKit/536.27.1"
80.11.193.26 - - [23/Apr/2013:07:49:37 +0200] "HEAD /manager/status HTTP/1.1" 404 0 "-" "Java/1.6.0_23"
206.45.184.219 - - [23/Apr/2013:08:04:03 +0200] "GET /podcast.php HTTP/1.1" 301 5 "-" "Podkicker/1.2.4"
206.45.184.219 - - [23/Apr/2013:08:04:04 +0200] "GET /podcasts-out/?podcastname=Best_Of_The_Bets_Show HTTP/1.1" 200 8834 "-" "Podkicker/1.2.4"
17.154.84.42 - - [23/Apr/2013:08:37:02 +0200] "HEAD /podcasts-out/?podcastname=Best_Of_The_Bets_Show HTTP/1.1" 200 0 "-" "iTMS"
17.154.84.42 - - [23/Apr/2013:08:37:02 +0200] "HEAD /podcasts-out/?podcastname=Best_Of_The_Bets_Show HTTP/1.1" 200 0 "-" "iTMS"
17.154.84.40 - - [23/Apr/2013:08:37:02 +0200] "GET /podcasts-out/?podcastname=Best_Of_The_Bets_Show HTTP/1.1" 200 8834 "-" "iTMS"
17.154.84.37 - - [23/Apr/2013:08:37:03 +0200] "GET /podcasts-out/?podcastname=Best_Of_The_Bets_Show HTTP/1.1" 200 8834 "-" "Jakarta Commons-HttpClient/3.0"
62.232.114.202 - - [23/Apr/2013:08:55:11 +0200] "GET / HTTP/1.1" 403 570 "-" "Mozilla/5.0 (Windows NT 6.2; WOW64) AppleWebKit/537.31 (KHTML, like Gecko) Chrome/26.0.1410.64 Safari/537.31"
62.232.114.202 - - [23/Apr/2013:08:55:21 +0200] "-" 400 0 "-" "-"
69.162.139.200 - - [23/Apr/2013:09:03:21 +0200] "GET /podcast.php HTTP/1.0" 301 0 "-" "Mozilla/5.0 (Windows; U; Windows NT 5.2; en-US; rv:1.5.3.7) Gecko/20071019 Firefox/2.0.1.3"
69.162.139.200 - - [23/Apr/2013:09:03:21 +0200] "GET /podcasts-out/?podcastname=Best_Of_The_Bets_Show HTTP/1.0" 200 8814 "-" "Mozilla/5.0 (Windows; U; Windows NT 5.2; en-US; rv:1.5.3.7) Gecko/20071019 Firefox/2.0.1.3"
17.154.84.41 - - [23/Apr/2013:09:42:15 +0200] "HEAD /podcasts-out/?podcastname=Best_Of_The_Bets_Show HTTP/1.1" 200 0 "-" "iTMS"
17.154.84.42 - - [23/Apr/2013:09:42:15 +0200] "HEAD /podcasts-out/?podcastname=Best_Of_The_Bets_Show HTTP/1.1" 200 0 "-" "iTMS"
17.154.84.41 - - [23/Apr/2013:09:42:15 +0200] "GET /podcasts-out/?podcastname=Best_Of_The_Bets_Show HTTP/1.1" 200 8834 "-" "iTMS"
17.154.84.38 - - [23/Apr/2013:09:42:16 +0200] "GET /podcasts-out/?podcastname=Best_Of_The_Bets_Show HTTP/1.1" 200 8834 "-" "Jakarta Commons-HttpClient/3.0"
17.154.84.41 - - [23/Apr/2013:10:42:50 +0200] "HEAD /podcasts-out/?podcastname=Best_Of_The_Bets_Show HTTP/1.1" 200 0 "-" "iTMS"
17.154.84.40 - - [23/Apr/2013:10:42:51 +0200] "HEAD /podcasts-out/?podcastname=Best_Of_The_Bets_Show HTTP/1.1" 200 0 "-" "iTMS"
17.154.84.41 - - [23/Apr/2013:10:42:51 +0200] "GET /podcasts-out/?podcastname=Best_Of_The_Bets_Show HTTP/1.1" 200 8834 "-" "iTMS"
17.154.84.37 - - [23/Apr/2013:10:42:51 +0200] "GET /podcasts-out/?podcastname=Best_Of_The_Bets_Show HTTP/1.1" 200 8834 "-" "Jakarta Commons-HttpClient/3.0"
62.232.114.202 - - [23/Apr/2013:11:43:58 +0200] "GET /podcasts-out/?podcastname=Best_Of_The_Bets_Show HTTP/1.1" 200 8834 "-" "iTunes/11.0.2 (Windows; Microsoft Windows 8 x64 Home Premium Edition (Build 9200)) AppleWebKit/536.27.1"
17.154.84.42 - - [23/Apr/2013:11:45:25 +0200] "HEAD /podcasts-out/?podcastname=Best_Of_The_Bets_Show HTTP/1.1" 200 0 "-" "iTMS"
17.154.84.42 - - [23/Apr/2013:11:45:25 +0200] "HEAD /podcasts-out/?podcastname=Best_Of_The_Bets_Show HTTP/1.1" 200 0 "-" "iTMS"
17.154.84.42 - - [23/Apr/2013:11:45:25 +0200] "GET /podcasts-out/?podcastname=Best_Of_The_Bets_Show HTTP/1.1" 200 8834 "-" "iTMS"
17.154.84.38 - - [23/Apr/2013:11:45:26 +0200] "GET /podcasts-out/?podcastname=Best_Of_The_Bets_Show HTTP/1.1" 200 8834 "-" "Jakarta Commons-HttpClient/3.0"
176.61.139.107 - - [23/Apr/2013:12:07:09 +0200] "-" 400 0 "-" "-"
176.61.139.107 - - [23/Apr/2013:12:21:12 +0200] "GET http://37.28.156.211/sprawdza.php HTTP/1.1" 404 27 "-" "Mozilla/5.0 (compatible; MSIE 9.0; Windows NT 6.1; Trident/5.0)"
62.232.114.202 - - [23/Apr/2013:12:31:28 +0200] "GET /podcasts-out/?podcastname=Best_Of_The_Bets_Show HTTP/1.1" 200 8834 "-" "iTunes/11.0.2 (Windows; Microsoft Windows 8 x64 Home Premium Edition (Build 9200)) AppleWebKit/536.27.1"
17.154.84.41 - - [23/Apr/2013:12:46:40 +0200] "HEAD /podcasts-out/?podcastname=Best_Of_The_Bets_Show HTTP/1.1" 200 0 "-" "iTMS"
17.154.84.41 - - [23/Apr/2013:12:46:40 +0200] "HEAD /podcasts-out/?podcastname=Best_Of_The_Bets_Show HTTP/1.1" 200 0 "-" "iTMS"
17.154.84.41 - - [23/Apr/2013:12:46:41 +0200] "GET /podcasts-out/?podcastname=Best_Of_The_Bets_Show HTTP/1.1" 200 8834 "-" "iTMS"
17.154.84.37 - - [23/Apr/2013:12:46:41 +0200] "GET /podcasts-out/?podcastname=Best_Of_The_Bets_Show HTTP/1.1" 200 8834 "-" "Jakarta Commons-HttpClient/3.0"
206.45.184.219 - - [23/Apr/2013:12:57:05 +0200] "GET /podcast.php HTTP/1.1" 301 5 "-" "Podkicker/1.2.4"
206.45.184.219 - - [23/Apr/2013:12:57:05 +0200] "GET /podcasts-out/?podcastname=Best_Of_The_Bets_Show HTTP/1.1" 200 8834 "-" "Podkicker/1.2.4"
86.148.188.52 - - [23/Apr/2013:13:28:13 +0200] "GET /podcasts-out/?podcastname=Best_Of_The_Bets_Show HTTP/1.1" 200 8834 "-" "Podcasts/1.2.1"
86.148.188.52 - - [23/Apr/2013:13:28:14 +0200] "GET /podcasts-out/?podcastname=Best_Of_The_Bets_Show HTTP/1.1" 200 8834 "-" "Podcasts/1.2.1"
86.148.188.52 - - [23/Apr/2013:13:28:14 +0200] "GET /podcasts-out/?podcastname=Best_Of_The_Bets_Show HTTP/1.1" 200 8834 "-" "Podcasts/1.2.1"
86.148.188.52 - - [23/Apr/2013:13:28:14 +0200] "GET /podcasts-out/?podcastname=Best_Of_The_Bets_Show HTTP/1.1" 200 8834 "-" "Podcasts/1.2.1"
86.148.188.52 - - [23/Apr/2013:13:28:20 +0200] "GET /podcasts-out/?podcastname=Best_Of_The_Bets_Show HTTP/1.1" 200 8834 "-" "Podcasts/1.2.1"
86.148.188.52 - - [23/Apr/2013:13:28:20 +0200] "GET /podcasts-out/?podcastname=Best_Of_The_Bets_Show HTTP/1.1" 200 8834 "-" "Podcasts/1.2.1"
86.148.188.52 - - [23/Apr/2013:13:28:20 +0200] "GET /podcasts-out/?podcastname=Best_Of_The_Bets_Show HTTP/1.1" 200 8834 "-" "Podcasts/1.2.1"
86.148.188.52 - - [23/Apr/2013:13:28:22 +0200] "GET /podcasts-out/?podcastname=Best_Of_The_Bets_Show HTTP/1.1" 200 8834 "-" "Podcasts/1.2.1"
206.45.184.219 - - [23/Apr/2013:13:31:21 +0200] "GET /podcast.php HTTP/1.1" 301 5 "-" "Podkicker/1.2.4"
206.45.184.219 - - [23/Apr/2013:13:31:21 +0200] "GET /podcasts-out/?podcastname=Best_Of_The_Bets_Show HTTP/1.1" 200 8834 "-" "Podkicker/1.2.4"
17.154.84.39 - - [23/Apr/2013:13:50:08 +0200] "HEAD /podcasts-out/?podcastname=Best_Of_The_Bets_Show HTTP/1.1" 200 0 "-" "iTMS"
17.154.84.39 - - [23/Apr/2013:13:50:08 +0200] "HEAD /podcasts-out/?podcastname=Best_Of_The_Bets_Show HTTP/1.1" 200 0 "-" "iTMS"
17.154.84.42 - - [23/Apr/2013:13:50:08 +0200] "GET /podcasts-out/?podcastname=Best_Of_The_Bets_Show HTTP/1.1" 200 8834 "-" "iTMS"
17.154.84.35 - - [23/Apr/2013:13:50:09 +0200] "GET /podcasts-out/?podcastname=Best_Of_The_Bets_Show HTTP/1.1" 200 8834 "-" "Jakarta Commons-HttpClient/3.0"
206.45.184.219 - - [23/Apr/2013:14:30:05 +0200] "GET /podcast.php HTTP/1.1" 301 5 "-" "Podkicker/1.2.4"
206.45.184.219 - - [23/Apr/2013:14:30:05 +0200] "GET /podcasts-out/?podcastname=Best_Of_The_Bets_Show HTTP/1.1" 200 8834 "-" "Podkicker/1.2.4"
17.154.84.41 - - [23/Apr/2013:14:53:35 +0200] "HEAD /podcasts-out/?podcastname=Best_Of_The_Bets_Show HTTP/1.1" 200 0 "-" "iTMS"
17.154.84.39 - - [23/Apr/2013:14:53:35 +0200] "HEAD /podcasts-out/?podcastname=Best_Of_The_Bets_Show HTTP/1.1" 200 0 "-" "iTMS"
17.154.84.42 - - [23/Apr/2013:14:53:36 +0200] "GET /podcasts-out/?podcastname=Best_Of_The_Bets_Show HTTP/1.1" 200 8834 "-" "iTMS"
17.154.84.37 - - [23/Apr/2013:14:53:36 +0200] "GET /podcasts-out/?podcastname=Best_Of_The_Bets_Show HTTP/1.1" 200 8834 "-" "Jakarta Commons-HttpClient/3.0"
109.151.44.3 - - [23/Apr/2013:15:09:27 +0200] "GET /podcasts-out/?podcastname=Best_Of_The_Bets_Show HTTP/1.1" 200 8834 "-" "iTunes/11.0.2 (Windows; Microsoft Windows 7 x64 Home Premium Edition Service Pack 1 (Build 7601)) AppleWebKit/536.27.1"
109.151.44.3 - - [23/Apr/2013:15:50:30 +0200] "GET /podcasts-out/?podcastname=Best_Of_The_Bets_Show HTTP/1.1" 200 8834 "-" "iTunes/11.0.2 (Windows; Microsoft Windows 7 x64 Home Premium Edition Service Pack 1 (Build 7601)) AppleWebKit/536.27.1"
17.154.84.42 - - [23/Apr/2013:15:58:25 +0200] "HEAD /podcasts-out/?podcastname=Best_Of_The_Bets_Show HTTP/1.1" 200 0 "-" "iTMS"
17.154.84.42 - - [23/Apr/2013:15:58:25 +0200] "HEAD /podcasts-out/?podcastname=Best_Of_The_Bets_Show HTTP/1.1" 200 0 "-" "iTMS"
17.154.84.39 - - [23/Apr/2013:15:58:26 +0200] "GET /podcasts-out/?podcastname=Best_Of_The_Bets_Show HTTP/1.1" 200 8834 "-" "iTMS"
17.154.84.35 - - [23/Apr/2013:15:58:26 +0200] "GET /podcasts-out/?podcastname=Best_Of_The_Bets_Show HTTP/1.1" 200 8834 "-" "Jakarta Commons-HttpClient/3.0"
2.99.222.95 - - [23/Apr/2013:16:04:00 +0200] "GET /podcast.php HTTP/1.1" 301 5 "-" "iTunes/11.0.2 (Windows; Microsoft Windows Vista Home Premium Edition Service Pack 2 (Build 6002)) AppleWebKit/536.27.1"
2.99.222.95 - - [23/Apr/2013:16:04:00 +0200] "GET /podcasts-out/?podcastname=Best_Of_The_Bets_Show HTTP/1.1" 200 8834 "-" "iTunes/11.0.2 (Windows; Microsoft Windows Vista Home Premium Edition Service Pack 2 (Build 6002)) AppleWebKit/536.27.1"
2.99.222.95 - - [23/Apr/2013:16:04:03 +0200] "GET /podcasts-out/?podcastname=Best_Of_The_Bets_Show HTTP/1.1" 200 8834 "-" "iTunes/11.0.2 (Windows; Microsoft Windows Vista Home Premium Edition Service Pack 2 (Build 6002)) AppleWebKit/536.27.1"
206.45.184.219 - - [23/Apr/2013:16:29:05 +0200] "GET /podcast.php HTTP/1.1" 301 5 "-" "Podkicker/1.2.4"
206.45.184.219 - - [23/Apr/2013:16:29:06 +0200] "GET /podcasts-out/?podcastname=Best_Of_The_Bets_Show HTTP/1.1" 200 8834 "-" "Podkicker/1.2.4"
95.211.226.81 - - [23/Apr/2013:16:50:57 +0200] "GET /podcast.php HTTP/1.0" 301 0 "-" "-"
95.211.226.81 - - [23/Apr/2013:16:50:57 +0200] "GET /podcasts-out/?podcastname=Best_Of_The_Bets_Show HTTP/1.0" 200 8814 "-" "-"
2.223.63.103 - - [23/Apr/2013:16:57:07 +0200] "GET /podcasts-out/?podcastname=Best_Of_The_Bets_Show HTTP/1.1" 200 8834 "-" "iTunes/11.0.2 (Windows; Microsoft Windows 7 x64 Home Premium Edition Service Pack 1 (Build 7601)) AppleWebKit/536.27.1"
2.223.63.103 - - [23/Apr/2013:16:57:55 +0200] "GET /podcasts-out/?podcastname=Best_Of_The_Bets_Show HTTP/1.1" 200 8834 "-" "iTunes/11.0.2 (Windows; Microsoft Windows 7 x64 Home Premium Edition Service Pack 1 (Build 7601)) AppleWebKit/536.27.1"
17.154.84.42 - - [23/Apr/2013:17:16:39 +0200] "HEAD /podcasts-out/?podcastname=Best_Of_The_Bets_Show HTTP/1.1" 200 0 "-" "iTMS"
17.154.84.42 - - [23/Apr/2013:17:16:40 +0200] "HEAD /podcasts-out/?podcastname=Best_Of_The_Bets_Show HTTP/1.1" 200 0 "-" "iTMS"
17.154.84.42 - - [23/Apr/2013:17:16:40 +0200] "GET /podcasts-out/?podcastname=Best_Of_The_Bets_Show HTTP/1.1" 200 8834 "-" "iTMS"
17.154.84.37 - - [23/Apr/2013:17:16:40 +0200] "GET /podcasts-out/?podcastname=Best_Of_The_Bets_Show HTTP/1.1" 200 8834 "-" "Jakarta Commons-HttpClient/3.0"
86.139.126.134 - - [23/Apr/2013:17:23:36 +0200] "GET /podcasts-out/?podcastname=Best_Of_The_Bets_Show HTTP/1.1" 200 8834 "-" "iTunes/11.0.2 (Windows; Microsoft Windows 7 x64 Home Premium Edition Service Pack 1 (Build 7601)) AppleWebKit/536.27.1"
213.211.136.241 - - [23/Apr/2013:17:31:21 +0200] "GET /podcast.php HTTP/1.1" 301 5 "-" "iTunes/11.0.2 (Windows; Microsoft Windows 7 x64 Home Premium Edition Service Pack 1 (Build 7601)) AppleWebKit/536.27.1"
213.211.136.241 - - [23/Apr/2013:17:31:21 +0200] "GET /podcasts-out/?podcastname=Best_Of_The_Bets_Show HTTP/1.1" 200 8834 "-" "iTunes/11.0.2 (Windows; Microsoft Windows 7 x64 Home Premium Edition Service Pack 1 (Build 7601)) AppleWebKit/536.27.1"
2.223.63.103 - - [23/Apr/2013:17:58:11 +0200] "GET /podcasts-out/?podcastname=Best_Of_The_Bets_Show HTTP/1.1" 200 8834 "-" "iTunes/11.0.2 (Windows; Microsoft Windows 7 x64 Home Premium Edition Service Pack 1 (Build 7601)) AppleWebKit/536.27.1"
24.114.26.168 - - [23/Apr/2013:18:06:52 +0200] "GET /podcast.php HTTP/1.1" 301 5 "-" "Podkicker/1.2.4"
24.114.26.168 - - [23/Apr/2013:18:06:53 +0200] "GET /podcasts-out/?podcastname=Best_Of_The_Bets_Show HTTP/1.1" 200 8834 "-" "Podkicker/1.2.4"
17.154.84.40 - - [23/Apr/2013:18:20:41 +0200] "HEAD /podcasts-out/?podcastname=Best_Of_The_Bets_Show HTTP/1.1" 200 0 "-" "iTMS"
17.154.84.40 - - [23/Apr/2013:18:20:41 +0200] "HEAD /podcasts-out/?podcastname=Best_Of_The_Bets_Show HTTP/1.1" 200 0 "-" "iTMS"
17.154.84.39 - - [23/Apr/2013:18:20:41 +0200] "GET /podcasts-out/?podcastname=Best_Of_The_Bets_Show HTTP/1.1" 200 8834 "-" "iTMS"
17.154.84.35 - - [23/Apr/2013:18:20:42 +0200] "GET /podcasts-out/?podcastname=Best_Of_The_Bets_Show HTTP/1.1" 200 8834 "-" "Jakarta Commons-HttpClient/3.0"
188.165.228.9 - - [23/Apr/2013:18:46:02 +0200] "-" 400 0 "-" "-"
188.165.228.9 - - [23/Apr/2013:18:46:02 +0200] "GET / HTTP/1.0" 403 168 "-" "-"
67.215.186.198 - - [23/Apr/2013:18:49:39 +0200] "GET /w00tw00t.at.ISC.SANS.Win32:) HTTP/1.1" 400 172 "-" "-"
17.154.84.42 - - [23/Apr/2013:19:30:59 +0200] "HEAD /podcasts-out/?podcastname=Best_Of_The_Bets_Show HTTP/1.1" 200 0 "-" "iTMS"
17.154.84.40 - - [23/Apr/2013:19:30:59 +0200] "HEAD /podcasts-out/?podcastname=Best_Of_The_Bets_Show HTTP/1.1" 200 0 "-" "iTMS"
17.154.84.39 - - [23/Apr/2013:19:31:00 +0200] "GET /podcasts-out/?podcastname=Best_Of_The_Bets_Show HTTP/1.1" 200 8834 "-" "iTMS"
17.154.84.37 - - [23/Apr/2013:19:31:00 +0200] "GET /podcasts-out/?podcastname=Best_Of_The_Bets_Show HTTP/1.1" 200 8834 "-" "Jakarta Commons-HttpClient/3.0"
80.202.194.189 - - [23/Apr/2013:19:35:25 +0200] "GET /podcasts-out/?podcastname=Best_Of_The_Bets_Show HTTP/1.1" 200 8834 "-" "iTunes/10.7 Downcast/2.8.2.2001"
24.114.26.168 - - [23/Apr/2013:20:09:43 +0200] "GET /podcast.php HTTP/1.1" 301 5 "-" "Podkicker/1.2.4"
24.114.26.168 - - [23/Apr/2013:20:09:44 +0200] "GET /podcasts-out/?podcastname=Best_Of_The_Bets_Show HTTP/1.1" 200 8834 "-" "Podkicker/1.2.4"
80.202.194.189 - - [23/Apr/2013:20:26:00 +0200] "GET /podcasts-out/?podcastname=Best_Of_The_Bets_Show HTTP/1.1" 200 8834 "-" "iTunes/10.7 Downcast/2.8.2.2001"
86.135.122.64 - - [23/Apr/2013:20:28:23 +0200] "GET /podcasts-out/?podcastname=Best_Of_The_Bets_Show HTTP/1.1" 200 8834 "-" "iTunes/11.0 (Windows; Microsoft Windows 7 x64 Home Premium Edition Service Pack 1 (Build 7601)) AppleWebKit/536.27.1"
17.154.84.42 - - [23/Apr/2013:20:38:03 +0200] "HEAD /podcasts-out/?podcastname=Best_Of_The_Bets_Show HTTP/1.1" 200 0 "-" "iTMS"
17.154.84.42 - - [23/Apr/2013:20:38:04 +0200] "HEAD /podcasts-out/?podcastname=Best_Of_The_Bets_Show HTTP/1.1" 200 0 "-" "iTMS"
17.154.84.42 - - [23/Apr/2013:20:38:04 +0200] "GET /podcasts-out/?podcastname=Best_Of_The_Bets_Show HTTP/1.1" 200 8834 "-" "iTMS"
17.154.84.37 - - [23/Apr/2013:20:38:04 +0200] "GET /podcasts-out/?podcastname=Best_Of_The_Bets_Show HTTP/1.1" 200 8834 "-" "Jakarta Commons-HttpClient/3.0"
2.217.50.122 - - [23/Apr/2013:21:05:55 +0200] "GET /podcasts-out/?podcastname=Best_Of_The_Bets_Show HTTP/1.1" 200 8834 "-" "Podcasts/1.2.1"
86.135.122.64 - - [23/Apr/2013:21:28:31 +0200] "GET /podcasts-out/?podcastname=Best_Of_The_Bets_Show HTTP/1.1" 200 8834 "-" "iTunes/11.0 (Windows; Microsoft Windows 7 x64 Home Premium Edition Service Pack 1 (Build 7601)) AppleWebKit/536.27.1"
17.154.84.40 - - [23/Apr/2013:21:47:54 +0200] "HEAD /podcasts-out/?podcastname=Best_Of_The_Bets_Show HTTP/1.1" 200 0 "-" "iTMS"
17.154.84.40 - - [23/Apr/2013:21:47:55 +0200] "HEAD /podcasts-out/?podcastname=Best_Of_The_Bets_Show HTTP/1.1" 200 0 "-" "iTMS"
17.154.84.40 - - [23/Apr/2013:21:47:55 +0200] "GET /podcasts-out/?podcastname=Best_Of_The_Bets_Show HTTP/1.1" 200 8834 "-" "iTMS"
17.154.84.37 - - [23/Apr/2013:21:47:55 +0200] "GET /podcasts-out/?podcastname=Best_Of_The_Bets_Show HTTP/1.1" 200 8834 "-" "Jakarta Commons-HttpClient/3.0"
86.135.122.64 - - [23/Apr/2013:22:28:25 +0200] "GET /podcasts-out/?podcastname=Best_Of_The_Bets_Show HTTP/1.1" 200 8834 "-" "iTunes/11.0 (Windows; Microsoft Windows 7 x64 Home Premium Edition Service Pack 1 (Build 7601)) AppleWebKit/536.27.1"
86.128.42.236 - - [23/Apr/2013:22:46:21 +0200] "GET /podcasts-out/?podcastname=Best_Of_The_Bets_Show HTTP/1.1" 200 8834 "-" "iTunes/11.0.2 (Windows; Microsoft Windows 7 x64 Home Premium Edition Service Pack 1 (Build 7601)) AppleWebKit/536.27.1"
176.27.234.146 - - [23/Apr/2013:22:50:27 +0200] "GET /podcasts-out/?podcastname=Best_Of_The_Bets_Show HTTP/1.1" 200 8834 "-" "iTunes/10.7 Downcast/2.8.2.2001"
17.154.84.41 - - [23/Apr/2013:22:54:28 +0200] "HEAD /podcasts-out/?podcastname=Best_Of_The_Bets_Show HTTP/1.1" 200 0 "-" "iTMS"
17.154.84.41 - - [23/Apr/2013:22:54:28 +0200] "HEAD /podcasts-out/?podcastname=Best_Of_The_Bets_Show HTTP/1.1" 200 0 "-" "iTMS"
17.154.84.40 - - [23/Apr/2013:22:54:28 +0200] "GET /podcasts-out/?podcastname=Best_Of_The_Bets_Show HTTP/1.1" 200 8834 "-" "iTMS"
17.154.84.35 - - [23/Apr/2013:22:54:29 +0200] "GET /podcasts-out/?podcastname=Best_Of_The_Bets_Show HTTP/1.1" 200 8834 "-" "Jakarta Commons-HttpClient/3.0"
5.65.133.85 - - [23/Apr/2013:23:04:03 +0200] "GET /podcasts-out/?podcastname=Best_Of_The_Bets_Show HTTP/1.1" 200 8834 "-" "Podcasts/1.2.1"
80.202.194.189 - - [23/Apr/2013:23:48:23 +0200] "GET /podcasts-out/?podcastname=Best_Of_The_Bets_Show HTTP/1.1" 200 8834 "-" "iTunes/10.7 Downcast/2.8.2.2001"
17.154.84.42 - - [23/Apr/2013:23:57:16 +0200] "HEAD /podcasts-out/?podcastname=Best_Of_The_Bets_Show HTTP/1.1" 200 0 "-" "iTMS"
17.154.84.40 - - [23/Apr/2013:23:57:16 +0200] "HEAD /podcasts-out/?podcastname=Best_Of_The_Bets_Show HTTP/1.1" 200 0 "-" "iTMS"
17.154.84.40 - - [23/Apr/2013:23:57:17 +0200] "GET /podcasts-out/?podcastname=Best_Of_The_Bets_Show HTTP/1.1" 200 8834 "-" "iTMS"
17.154.84.35 - - [23/Apr/2013:23:57:17 +0200] "GET /podcasts-out/?podcastname=Best_Of_The_Bets_Show HTTP/1.1" 200 8834 "-" "Jakarta Commons-HttpClient/3.0"
80.202.194.189 - - [24/Apr/2013:00:50:03 +0200] "GET /podcasts-out/?podcastname=Best_Of_The_Bets_Show HTTP/1.1" 200 8834 "-" "iTunes/10.7 Downcast/2.8.2.2001"
94.75.234.172 - - [24/Apr/2013:00:57:58 +0200] "GET /w00tw00t.at.ISC.SANS.DFind:) HTTP/1.1" 400 172 "-" "-"
17.154.84.40 - - [24/Apr/2013:01:00:23 +0200] "HEAD /podcasts-out/?podcastname=Best_Of_The_Bets_Show HTTP/1.1" 200 0 "-" "iTMS"
17.154.84.40 - - [24/Apr/2013:01:00:23 +0200] "HEAD /podcasts-out/?podcastname=Best_Of_The_Bets_Show HTTP/1.1" 200 0 "-" "iTMS"
17.154.84.40 - - [24/Apr/2013:01:00:24 +0200] "GET /podcasts-out/?podcastname=Best_Of_The_Bets_Show HTTP/1.1" 200 8834 "-" "iTMS"
17.154.84.37 - - [24/Apr/2013:01:00:24 +0200] "GET /podcasts-out/?podcastname=Best_Of_The_Bets_Show HTTP/1.1" 200 8834 "-" "Jakarta Commons-HttpClient/3.0"
95.211.2.40 - - [24/Apr/2013:01:14:00 +0200] "GET /w00tw00t.at.ISC.SANS.DFind:) HTTP/1.1" 400 172 "-" "-"
17.154.84.39 - - [24/Apr/2013:02:07:30 +0200] "HEAD /podcasts-out/?podcastname=Best_Of_The_Bets_Show HTTP/1.1" 200 0 "-" "iTMS"
17.154.84.41 - - [24/Apr/2013:02:07:30 +0200] "HEAD /podcasts-out/?podcastname=Best_Of_The_Bets_Show HTTP/1.1" 200 0 "-" "iTMS"
17.154.84.41 - - [24/Apr/2013:02:07:30 +0200] "GET /podcasts-out/?podcastname=Best_Of_The_Bets_Show HTTP/1.1" 200 8834 "-" "iTMS"
17.154.84.37 - - [24/Apr/2013:02:07:31 +0200] "GET /podcasts-out/?podcastname=Best_Of_The_Bets_Show HTTP/1.1" 200 8834 "-" "Jakarta Commons-HttpClient/3.0"
80.202.194.189 - - [24/Apr/2013:02:53:41 +0200] "GET /podcasts-out/?podcastname=Best_Of_The_Bets_Show HTTP/1.1" 200 8834 "-" "iTunes/10.7 Downcast/2.8.2.2001"
17.154.84.40 - - [24/Apr/2013:03:16:20 +0200] "HEAD /podcasts-out/?podcastname=Best_Of_The_Bets_Show HTTP/1.1" 200 0 "-" "iTMS"
17.154.84.40 - - [24/Apr/2013:03:16:20 +0200] "HEAD /podcasts-out/?podcastname=Best_Of_The_Bets_Show HTTP/1.1" 200 0 "-" "iTMS"
17.154.84.41 - - [24/Apr/2013:03:16:20 +0200] "GET /podcasts-out/?podcastname=Best_Of_The_Bets_Show HTTP/1.1" 200 8834 "-" "iTMS"
17.154.84.37 - - [24/Apr/2013:03:16:21 +0200] "GET /podcasts-out/?podcastname=Best_Of_The_Bets_Show HTTP/1.1" 200 8834 "-" "Jakarta Commons-HttpClient/3.0"
2.223.63.103 - - [24/Apr/2013:03:20:22 +0200] "GET /podcasts-out/?podcastname=Best_Of_The_Bets_Show HTTP/1.1" 200 8834 "-" "iTunes/11.0.2 (Windows; Microsoft Windows 7 x64 Home Premium Edition Service Pack 1 (Build 7601)) AppleWebKit/536.27.1"
2.223.63.103 - - [24/Apr/2013:04:01:18 +0200] "GET /podcasts-out/?podcastname=Best_Of_The_Bets_Show HTTP/1.1" 200 8834 "-" "iTunes/11.0.2 (Windows; Microsoft Windows 7 x64 Home Premium Edition Service Pack 1 (Build 7601)) AppleWebKit/536.27.1"
17.154.84.42 - - [24/Apr/2013:04:18:22 +0200] "HEAD /podcasts-out/?podcastname=Best_Of_The_Bets_Show HTTP/1.1" 200 0 "-" "iTMS"
17.154.84.42 - - [24/Apr/2013:04:18:22 +0200] "HEAD /podcasts-out/?podcastname=Best_Of_The_Bets_Show HTTP/1.1" 200 0 "-" "iTMS"
17.154.84.39 - - [24/Apr/2013:04:18:22 +0200] "GET /podcasts-out/?podcastname=Best_Of_The_Bets_Show HTTP/1.1" 200 8834 "-" "iTMS"
17.154.84.38 - - [24/Apr/2013:04:18:23 +0200] "GET /podcasts-out/?podcastname=Best_Of_The_Bets_Show HTTP/1.1" 200 8834 "-" "Jakarta Commons-HttpClient/3.0"
24.114.27.26 - - [24/Apr/2013:05:06:05 +0200] "GET /podcast.php HTTP/1.1" 301 5 "-" "Podkicker/1.2.4"
24.114.27.26 - - [24/Apr/2013:05:06:05 +0200] "GET /podcasts-out/?podcastname=Best_Of_The_Bets_Show HTTP/1.1" 200 8834 "-" "Podkicker/1.2.4"
17.154.84.40 - - [24/Apr/2013:05:28:17 +0200] "HEAD /podcasts-out/?podcastname=Best_Of_The_Bets_Show HTTP/1.1" 200 0 "-" "iTMS"
17.154.84.40 - - [24/Apr/2013:05:28:17 +0200] "HEAD /podcasts-out/?podcastname=Best_Of_The_Bets_Show HTTP/1.1" 200 0 "-" "iTMS"
17.154.84.42 - - [24/Apr/2013:05:28:18 +0200] "GET /podcasts-out/?podcastname=Best_Of_The_Bets_Show HTTP/1.1" 200 8834 "-" "iTMS"
17.154.84.38 - - [24/Apr/2013:05:28:18 +0200] "GET /podcasts-out/?podcastname=Best_Of_The_Bets_Show HTTP/1.1" 200 8834 "-" "Jakarta Commons-HttpClient/3.0"
206.45.184.219 - - [24/Apr/2013:06:20:59 +0200] "GET /podcast.php HTTP/1.1" 301 5 "-" "Podkicker/1.2.4"
206.45.184.219 - - [24/Apr/2013:06:20:59 +0200] "GET /podcasts-out/?podcastname=Best_Of_The_Bets_Show HTTP/1.1" 200 8834 "-" "Podkicker/1.2.4"
17.154.84.39 - - [24/Apr/2013:06:29:53 +0200] "HEAD /podcasts-out/?podcastname=Best_Of_The_Bets_Show HTTP/1.1" 200 0 "-" "iTMS"
17.154.84.42 - - [24/Apr/2013:06:29:53 +0200] "HEAD /podcasts-out/?podcastname=Best_Of_The_Bets_Show HTTP/1.1" 200 0 "-" "iTMS"
17.154.84.40 - - [24/Apr/2013:06:29:54 +0200] "GET /podcasts-out/?podcastname=Best_Of_The_Bets_Show HTTP/1.1" 200 8834 "-" "iTMS"
17.154.84.37 - - [24/Apr/2013:06:29:54 +0200] "GET /podcasts-out/?podcastname=Best_Of_The_Bets_Show HTTP/1.1" 200 8834 "-" "Jakarta Commons-HttpClient/3.0"
80.202.194.189 - - [24/Apr/2013:06:55:54 +0200] "GET /podcasts-out/?podcastname=Best_Of_The_Bets_Show HTTP/1.1" 200 8834 "-" "iTunes/10.7 Downcast/2.8.2.2001"
92.235.48.164 - - [24/Apr/2013:07:07:35 +0200] "GET /podcasts-out/?podcastname=Best_Of_The_Bets_Show HTTP/1.1" 200 8834 "-" "iTunes/11.0.2 (Windows; Microsoft Windows 7 x64 Home Premium Edition Service Pack 1 (Build 7601)) AppleWebKit/536.27.1"
94.195.201.48 - - [24/Apr/2013:07:07:41 +0200] "GET /podcast.php HTTP/1.1" 301 5 "-" "Podcasts/1.1.2"
94.195.201.48 - - [24/Apr/2013:07:07:41 +0200] "GET /podcasts-out/?podcastname=Best_Of_The_Bets_Show HTTP/1.1" 200 8834 "-" "Podcasts/1.1.2"
94.195.201.48 - - [24/Apr/2013:07:07:44 +0200] "GET /podcasts-out/?podcastname=Best_Of_The_Bets_Show HTTP/1.1" 200 8834 "-" "Podcasts/1.1.2"
206.45.184.219 - - [24/Apr/2013:07:38:29 +0200] "GET /podcast.php HTTP/1.1" 301 5 "-" "Podkicker/1.2.4"
206.45.184.219 - - [24/Apr/2013:07:38:30 +0200] "GET /podcasts-out/?podcastname=Best_Of_The_Bets_Show HTTP/1.1" 200 8834 "-" "Podkicker/1.2.4"
17.154.84.41 - - [24/Apr/2013:07:38:57 +0200] "HEAD /podcasts-out/?podcastname=Best_Of_The_Bets_Show HTTP/1.1" 200 0 "-" "iTMS"
17.154.84.39 - - [24/Apr/2013:07:38:57 +0200] "HEAD /podcasts-out/?podcastname=Best_Of_The_Bets_Show HTTP/1.1" 200 0 "-" "iTMS"
17.154.84.40 - - [24/Apr/2013:07:38:58 +0200] "GET /podcasts-out/?podcastname=Best_Of_The_Bets_Show HTTP/1.1" 200 8834 "-" "iTMS"
17.154.84.37 - - [24/Apr/2013:07:38:58 +0200] "GET /podcasts-out/?podcastname=Best_Of_The_Bets_Show HTTP/1.1" 200 8834 "-" "Jakarta Commons-HttpClient/3.0"
188.165.228.9 - - [24/Apr/2013:08:25:14 +0200] "-" 400 0 "-" "-"
188.165.228.9 - - [24/Apr/2013:08:25:14 +0200] "GET / HTTP/1.0" 403 168 "-" "-"
62.232.114.202 - - [24/Apr/2013:08:27:10 +0200] "GET / HTTP/1.1" 403 570 "-" "Mozilla/5.0 (Windows NT 6.2; WOW64) AppleWebKit/537.31 (KHTML, like Gecko) Chrome/26.0.1410.64 Safari/537.31"
62.232.114.202 - - [24/Apr/2013:08:27:29 +0200] "-" 400 0 "-" "-"
62.232.114.202 - - [24/Apr/2013:08:27:33 +0200] "GET /podcast-img-flags/imgrender.php?podcast_id=1&percent_width=10 HTTP/1.1" 302 5 "-" "Mozilla/5.0 (Windows NT 6.2; WOW64) AppleWebKit/537.31 (KHTML, like Gecko) Chrome/26.0.1410.64 Safari/537.31"
62.232.114.202 - - [24/Apr/2013:08:27:34 +0200] "GET /podcast-img-flags/imgrender.php?podcast_id=1&percent_width=20 HTTP/1.1" 302 5 "-" "Mozilla/5.0 (Windows NT 6.2; WOW64) AppleWebKit/537.31 (KHTML, like Gecko) Chrome/26.0.1410.64 Safari/537.31"
62.232.114.202 - - [24/Apr/2013:08:27:43 +0200] "GET /podcast-img-flags/imgrender.php?podcast_id=2&percent_width=10 HTTP/1.1" 302 5 "-" "Mozilla/5.0 (Windows NT 6.2; WOW64) AppleWebKit/537.31 (KHTML, like Gecko) Chrome/26.0.1410.64 Safari/537.31"
5.200.39.77 - - [24/Apr/2013:08:37:43 +0200] "GET /w00tw00t.at.ISC.SANS.Win32:) HTTP/1.1" 400 172 "-" "-"
17.154.84.41 - - [24/Apr/2013:08:40:49 +0200] "HEAD /podcasts-out/?podcastname=Best_Of_The_Bets_Show HTTP/1.1" 200 0 "-" "iTMS"
17.154.84.40 - - [24/Apr/2013:08:40:49 +0200] "HEAD /podcasts-out/?podcastname=Best_Of_The_Bets_Show HTTP/1.1" 200 0 "-" "iTMS"
17.154.84.39 - - [24/Apr/2013:08:40:49 +0200] "GET /podcasts-out/?podcastname=Best_Of_The_Bets_Show HTTP/1.1" 200 8834 "-" "iTMS"
17.154.84.38 - - [24/Apr/2013:08:40:50 +0200] "GET /podcasts-out/?podcastname=Best_Of_The_Bets_Show HTTP/1.1" 200 8834 "-" "Jakarta Commons-HttpClient/3.0"
62.232.114.202 - - [24/Apr/2013:09:02:24 +0200] "GET /podcast-img-flags/imgrender.php?podcast_id=1&percent_width=10 HTTP/1.1" 302 5 "-" "Mozilla/5.0 (Windows NT 6.2; WOW64) AppleWebKit/537.31 (KHTML, like Gecko) Chrome/26.0.1410.64 Safari/537.31"
69.162.139.197 - - [24/Apr/2013:09:05:35 +0200] "GET /podcast.php HTTP/1.0" 301 0 "-" "Mozilla/5.0 (Windows; U; Windows NT 5.0; en-US; rv:1.5.4.3) Gecko/20071117 Firefox/2.0.0.5"
69.162.139.197 - - [24/Apr/2013:09:05:35 +0200] "GET /podcasts-out/?podcastname=Best_Of_The_Bets_Show HTTP/1.0" 200 8814 "-" "Mozilla/5.0 (Windows; U; Windows NT 5.0; en-US; rv:1.5.4.3) Gecko/20071117 Firefox/2.0.0.5"
157.55.33.40 - - [24/Apr/2013:09:31:51 +0200] "GET /robots.txt HTTP/1.1" 404 168 "-" "Mozilla/5.0 (compatible; bingbot/2.0; +http://www.bing.com/bingbot.htm)"
86.148.190.37 - - [24/Apr/2013:09:37:51 +0200] "GET /podcasts-out/?podcastname=Best_Of_The_Bets_Show HTTP/1.1" 200 8834 "-" "Podcasts/1.2.1"
17.154.84.41 - - [24/Apr/2013:09:41:59 +0200] "HEAD /podcasts-out/?podcastname=Best_Of_The_Bets_Show HTTP/1.1" 200 0 "-" "iTMS"
17.154.84.41 - - [24/Apr/2013:09:41:59 +0200] "HEAD /podcasts-out/?podcastname=Best_Of_The_Bets_Show HTTP/1.1" 200 0 "-" "iTMS"
17.154.84.42 - - [24/Apr/2013:09:42:00 +0200] "GET /podcasts-out/?podcastname=Best_Of_The_Bets_Show HTTP/1.1" 200 8834 "-" "iTMS"
17.154.84.38 - - [24/Apr/2013:09:42:00 +0200] "GET /podcasts-out/?podcastname=Best_Of_The_Bets_Show HTTP/1.1" 200 8834 "-" "Jakarta Commons-HttpClient/3.0"
86.167.247.70 - - [24/Apr/2013:09:48:35 +0200] "GET /podcasts-out/?podcastname=Best_Of_The_Bets_Show HTTP/1.1" 200 8834 "-" "iTunes/11.0.2 (Windows; Microsoft Windows 7 x64 Home Premium Edition Service Pack 1 (Build 7601)) AppleWebKit/536.27.1"
17.154.84.41 - - [24/Apr/2013:10:44:27 +0200] "HEAD /podcasts-out/?podcastname=Best_Of_The_Bets_Show HTTP/1.1" 200 0 "-" "iTMS"
17.154.84.41 - - [24/Apr/2013:10:44:28 +0200] "HEAD /podcasts-out/?podcastname=Best_Of_The_Bets_Show HTTP/1.1" 200 0 "-" "iTMS"
17.154.84.42 - - [24/Apr/2013:10:44:28 +0200] "GET /podcasts-out/?podcastname=Best_Of_The_Bets_Show HTTP/1.1" 200 8834 "-" "iTMS"
17.154.84.37 - - [24/Apr/2013:10:44:28 +0200] "GET /podcasts-out/?podcastname=Best_Of_The_Bets_Show HTTP/1.1" 200 8834 "-" "Jakarta Commons-HttpClient/3.0"
206.45.184.219 - - [24/Apr/2013:11:41:38 +0200] "GET /podcast.php HTTP/1.1" 301 5 "-" "Podkicker/1.2.4"
206.45.184.219 - - [24/Apr/2013:11:41:39 +0200] "GET /podcasts-out/?podcastname=Best_Of_The_Bets_Show HTTP/1.1" 200 8834 "-" "Podkicker/1.2.4"
17.154.84.42 - - [24/Apr/2013:11:48:50 +0200] "HEAD /podcasts-out/?podcastname=Best_Of_The_Bets_Show HTTP/1.1" 200 0 "-" "iTMS"
17.154.84.40 - - [24/Apr/2013:11:48:50 +0200] "HEAD /podcasts-out/?podcastname=Best_Of_The_Bets_Show HTTP/1.1" 200 0 "-" "iTMS"
17.154.84.42 - - [24/Apr/2013:11:48:50 +0200] "GET /podcasts-out/?podcastname=Best_Of_The_Bets_Show HTTP/1.1" 200 8834 "-" "iTMS"
17.154.84.37 - - [24/Apr/2013:11:48:51 +0200] "GET /podcasts-out/?podcastname=Best_Of_The_Bets_Show HTTP/1.1" 200 8834 "-" "Jakarta Commons-HttpClient/3.0"
176.27.234.146 - - [24/Apr/2013:12:11:07 +0200] "GET /podcasts-out/?podcastname=Best_Of_The_Bets_Show HTTP/1.1" 200 8834 "-" "iTunes/10.7 Downcast/2.8.2.2001"
17.154.84.40 - - [24/Apr/2013:12:54:54 +0200] "HEAD /podcasts-out/?podcastname=Best_Of_The_Bets_Show HTTP/1.1" 200 0 "-" "iTMS"
17.154.84.42 - - [24/Apr/2013:12:54:55 +0200] "HEAD /podcasts-out/?podcastname=Best_Of_The_Bets_Show HTTP/1.1" 200 0 "-" "iTMS"
17.154.84.39 - - [24/Apr/2013:12:54:55 +0200] "GET /podcasts-out/?podcastname=Best_Of_The_Bets_Show HTTP/1.1" 200 8834 "-" "iTMS"
17.154.84.36 - - [24/Apr/2013:12:54:56 +0200] "GET /podcasts-out/?podcastname=Best_Of_The_Bets_Show HTTP/1.1" 200 8834 "-" "Jakarta Commons-HttpClient/3.0"
17.154.84.41 - - [24/Apr/2013:14:11:08 +0200] "HEAD /podcasts-out/?podcastname=Best_Of_The_Bets_Show HTTP/1.1" 200 0 "-" "iTMS"
17.154.84.41 - - [24/Apr/2013:14:11:08 +0200] "HEAD /podcasts-out/?podcastname=Best_Of_The_Bets_Show HTTP/1.1" 200 0 "-" "iTMS"
17.154.84.39 - - [24/Apr/2013:14:11:08 +0200] "GET /podcasts-out/?podcastname=Best_Of_The_Bets_Show HTTP/1.1" 200 8834 "-" "iTMS"
17.154.84.36 - - [24/Apr/2013:14:11:09 +0200] "GET /podcasts-out/?podcastname=Best_Of_The_Bets_Show HTTP/1.1" 200 8834 "-" "Jakarta Commons-HttpClient/3.0"
188.165.228.9 - - [24/Apr/2013:14:52:49 +0200] "-" 400 0 "-" "-"
188.165.228.9 - - [24/Apr/2013:14:52:49 +0200] "GET / HTTP/1.0" 403 168 "-" "-"
17.154.84.42 - - [24/Apr/2013:15:14:53 +0200] "HEAD /podcasts-out/?podcastname=Best_Of_The_Bets_Show HTTP/1.1" 200 0 "-" "iTMS"
17.154.84.40 - - [24/Apr/2013:15:14:54 +0200] "HEAD /podcasts-out/?podcastname=Best_Of_The_Bets_Show HTTP/1.1" 200 0 "-" "iTMS"
17.154.84.41 - - [24/Apr/2013:15:14:54 +0200] "GET /podcasts-out/?podcastname=Best_Of_The_Bets_Show HTTP/1.1" 200 8834 "-" "iTMS"
17.154.84.38 - - [24/Apr/2013:15:14:54 +0200] "GET /podcasts-out/?podcastname=Best_Of_The_Bets_Show HTTP/1.1" 200 8834 "-" "Jakarta Commons-HttpClient/3.0"
2.103.2.61 - - [24/Apr/2013:16:04:09 +0200] "GET /podcasts-out/?podcastname=Best_Of_The_Bets_Show HTTP/1.1" 200 8834 "-" "iTunes/11.0.2 (Windows; Microsoft Windows Vista Home Premium Edition Service Pack 2 (Build 6002)) AppleWebKit/536.27.1"
17.154.84.39 - - [24/Apr/2013:16:29:14 +0200] "HEAD /podcasts-out/?podcastname=Best_Of_The_Bets_Show HTTP/1.1" 200 0 "-" "iTMS"
17.154.84.41 - - [24/Apr/2013:16:29:15 +0200] "HEAD /podcasts-out/?podcastname=Best_Of_The_Bets_Show HTTP/1.1" 200 0 "-" "iTMS"
17.154.84.42 - - [24/Apr/2013:16:29:15 +0200] "GET /podcasts-out/?podcastname=Best_Of_The_Bets_Show HTTP/1.1" 200 8834 "-" "iTMS"
17.154.84.38 - - [24/Apr/2013:16:29:16 +0200] "GET /podcasts-out/?podcastname=Best_Of_The_Bets_Show HTTP/1.1" 200 8834 "-" "Jakarta Commons-HttpClient/3.0"
24.114.26.74 - - [24/Apr/2013:16:40:16 +0200] "GET /podcast.php HTTP/1.1" 301 5 "-" "Podkicker/1.2.4"
24.114.26.74 - - [24/Apr/2013:16:40:17 +0200] "GET /podcasts-out/?podcastname=Best_Of_The_Bets_Show HTTP/1.1" 200 8834 "-" "Podkicker/1.2.4"
17.154.84.42 - - [24/Apr/2013:17:30:37 +0200] "HEAD /podcasts-out/?podcastname=Best_Of_The_Bets_Show HTTP/1.1" 200 0 "-" "iTMS"
17.154.84.42 - - [24/Apr/2013:17:30:37 +0200] "HEAD /podcasts-out/?podcastname=Best_Of_The_Bets_Show HTTP/1.1" 200 0 "-" "iTMS"
17.154.84.41 - - [24/Apr/2013:17:30:37 +0200] "GET /podcasts-out/?podcastname=Best_Of_The_Bets_Show HTTP/1.1" 200 8834 "-" "iTMS"
17.154.84.37 - - [24/Apr/2013:17:30:37 +0200] "GET /podcasts-out/?podcastname=Best_Of_The_Bets_Show HTTP/1.1" 200 8834 "-" "Jakarta Commons-HttpClient/3.0"
86.171.211.234 - - [24/Apr/2013:18:02:06 +0200] "GET /podcasts-out/?podcastname=Best_Of_The_Bets_Show HTTP/1.1" 200 8834 "-" "iTunes/11.0.2 (Windows; Microsoft Windows 7 x64 Home Premium Edition Service Pack 1 (Build 7601)) AppleWebKit/536.27.1"
213.219.161.154 - - [24/Apr/2013:18:11:47 +0200] "GET /podcast.php HTTP/1.1" 301 5 "-" "iTunes/11.0.2 (Windows; Microsoft Windows 7 x64 Home Premium Edition Service Pack 1 (Build 7601)) AppleWebKit/536.27.1"
213.219.161.154 - - [24/Apr/2013:18:11:48 +0200] "GET /podcasts-out/?podcastname=Best_Of_The_Bets_Show HTTP/1.1" 200 8834 "-" "iTunes/11.0.2 (Windows; Microsoft Windows 7 x64 Home Premium Edition Service Pack 1 (Build 7601)) AppleWebKit/536.27.1"
24.114.27.88 - - [24/Apr/2013:18:32:16 +0200] "GET /podcast.php HTTP/1.1" 301 5 "-" "Podkicker/1.2.4"
24.114.27.88 - - [24/Apr/2013:18:32:17 +0200] "GET /podcasts-out/?podcastname=Best_Of_The_Bets_Show HTTP/1.1" 200 8834 "-" "Podkicker/1.2.4"
86.148.190.37 - - [24/Apr/2013:18:36:21 +0200] "GET /podcasts-out/?podcastname=Best_Of_The_Bets_Show HTTP/1.1" 200 8834 "-" "Podcasts/1.2.1"
86.148.190.37 - - [24/Apr/2013:18:36:21 +0200] "GET /podcasts-out/?podcastname=Best_Of_The_Bets_Show HTTP/1.1" 200 8834 "-" "Podcasts/1.2.1"
86.148.190.37 - - [24/Apr/2013:18:36:23 +0200] "GET /podcasts-out/?podcastname=Best_Of_The_Bets_Show HTTP/1.1" 200 8834 "-" "Podcasts/1.2.1"
86.148.190.37 - - [24/Apr/2013:18:36:24 +0200] "GET /podcasts-out/?podcastname=Best_Of_The_Bets_Show HTTP/1.1" 200 8834 "-" "Podcasts/1.2.1"
17.154.84.40 - - [24/Apr/2013:18:41:30 +0200] "HEAD /podcasts-out/?podcastname=Best_Of_The_Bets_Show HTTP/1.1" 200 0 "-" "iTMS"
17.154.84.41 - - [24/Apr/2013:18:41:30 +0200] "GET /podcasts-out/?podcastname=Best_Of_The_Bets_Show HTTP/1.1" 200 8834 "-" "iTMS"
17.154.84.37 - - [24/Apr/2013:18:41:31 +0200] "GET /podcasts-out/?podcastname=Best_Of_The_Bets_Show HTTP/1.1" 200 8834 "-" "Jakarta Commons-HttpClient/3.0"
86.147.141.208 - - [24/Apr/2013:19:31:19 +0200] "GET /podcasts-out/?podcastname=Best_Of_The_Bets_Show HTTP/1.1" 200 8834 "-" "iTunes/11.0 (Windows; Microsoft Windows 7 x64 Home Premium Edition Service Pack 1 (Build 7601)) AppleWebKit/536.27.1"
17.154.84.41 - - [24/Apr/2013:19:43:01 +0200] "HEAD /podcasts-out/?podcastname=Best_Of_The_Bets_Show HTTP/1.1" 200 0 "-" "iTMS"
17.154.84.39 - - [24/Apr/2013:19:43:01 +0200] "HEAD /podcasts-out/?podcastname=Best_Of_The_Bets_Show HTTP/1.1" 200 0 "-" "iTMS"
17.154.84.42 - - [24/Apr/2013:19:43:02 +0200] "GET /podcasts-out/?podcastname=Best_Of_The_Bets_Show HTTP/1.1" 200 8834 "-" "iTMS"
17.154.84.35 - - [24/Apr/2013:19:43:02 +0200] "GET /podcasts-out/?podcastname=Best_Of_The_Bets_Show HTTP/1.1" 200 8834 "-" "Jakarta Commons-HttpClient/3.0"
46.105.12.172 - - [24/Apr/2013:19:55:25 +0200] "GET /w00tw00t.at.ISC.SANS.DFind:) HTTP/1.1" 400 172 "-" "-"
17.176.137.14 - - [24/Apr/2013:20:00:46 +0200] "HEAD /podcast.php HTTP/1.1" 301 0 "-" "iTMS"
17.176.137.14 - - [24/Apr/2013:20:00:46 +0200] "HEAD /podcasts-out/?podcastname=Best_Of_The_Bets_Show HTTP/1.1" 200 0 "-" "iTMS"
17.176.137.14 - - [24/Apr/2013:20:00:46 +0200] "GET /podcasts-out/?podcastname=Best_Of_The_Bets_Show HTTP/1.1" 200 8834 "-" "iTMS"
17.176.137.14 - - [24/Apr/2013:20:00:46 +0200] "GET /podcasts-out/?podcastname=Best_Of_The_Bets_Show HTTP/1.1" 200 8834 "-" "Jakarta Commons-HttpClient/3.0"
86.147.141.208 - - [24/Apr/2013:20:31:15 +0200] "GET /podcasts-out/?podcastname=Best_Of_The_Bets_Show HTTP/1.1" 200 8834 "-" "iTunes/11.0 (Windows; Microsoft Windows 7 x64 Home Premium Edition Service Pack 1 (Build 7601)) AppleWebKit/536.27.1"
17.154.84.39 - - [24/Apr/2013:20:48:56 +0200] "HEAD /podcasts-out/?podcastname=Best_Of_The_Bets_Show HTTP/1.1" 200 0 "-" "iTMS"
17.154.84.41 - - [24/Apr/2013:20:48:56 +0200] "HEAD /podcasts-out/?podcastname=Best_Of_The_Bets_Show HTTP/1.1" 200 0 "-" "iTMS"
17.154.84.40 - - [24/Apr/2013:20:48:57 +0200] "GET /podcasts-out/?podcastname=Best_Of_The_Bets_Show HTTP/1.1" 200 8834 "-" "iTMS"
17.154.84.38 - - [24/Apr/2013:20:48:57 +0200] "GET /podcasts-out/?podcastname=Best_Of_The_Bets_Show HTTP/1.1" 200 8834 "-" "Jakarta Commons-HttpClient/3.0"
151.226.228.177 - - [24/Apr/2013:21:06:25 +0200] "GET /podcasts-out/?podcastname=Best_Of_The_Bets_Show HTTP/1.1" 200 8834 "-" "iTunes/11.0.2 (Windows; Microsoft Windows 7 x64 Home Premium Edition Service Pack 1 (Build 7601)) AppleWebKit/536.27.1"
86.147.141.208 - - [24/Apr/2013:21:31:16 +0200] "GET /podcasts-out/?podcastname=Best_Of_The_Bets_Show HTTP/1.1" 200 8834 "-" "iTunes/11.0 (Windows; Microsoft Windows 7 x64 Home Premium Edition Service Pack 1 (Build 7601)) AppleWebKit/536.27.1"
5.65.133.85 - - [24/Apr/2013:21:42:12 +0200] "GET /podcasts-out/?podcastname=Best_Of_The_Bets_Show HTTP/1.1" 200 8834 "-" "Podcasts/1.2.1"
17.154.84.41 - - [24/Apr/2013:21:50:46 +0200] "HEAD /podcasts-out/?podcastname=Best_Of_The_Bets_Show HTTP/1.1" 200 0 "-" "iTMS"
17.154.84.40 - - [24/Apr/2013:21:50:47 +0200] "HEAD /podcasts-out/?podcastname=Best_Of_The_Bets_Show HTTP/1.1" 200 0 "-" "iTMS"
17.154.84.41 - - [24/Apr/2013:21:50:47 +0200] "GET /podcasts-out/?podcastname=Best_Of_The_Bets_Show HTTP/1.1" 200 8834 "-" "iTMS"
17.154.84.37 - - [24/Apr/2013:21:50:47 +0200] "GET /podcasts-out/?podcastname=Best_Of_The_Bets_Show HTTP/1.1" 200 8834 "-" "Jakarta Commons-HttpClient/3.0"
86.171.211.234 - - [24/Apr/2013:22:01:55 +0200] "GET /podcasts-out/?podcastname=Best_Of_The_Bets_Show HTTP/1.1" 200 8834 "-" "iTunes/11.0.2 (Windows; Microsoft Windows 7 x64 Home Premium Edition Service Pack 1 (Build 7601)) AppleWebKit/536.27.1"
176.61.139.107 - - [24/Apr/2013:22:12:02 +0200] "-" 400 0 "-" "-"
176.61.139.107 - - [24/Apr/2013:22:23:27 +0200] "GET http://37.28.156.211/sprawdza.php HTTP/1.1" 404 27 "-" "Mozilla/5.0 (compatible; MSIE 9.0; Windows NT 6.1; Trident/5.0)"
86.147.141.208 - - [24/Apr/2013:22:31:16 +0200] "GET /podcasts-out/?podcastname=Best_Of_The_Bets_Show HTTP/1.1" 200 8834 "-" "iTunes/11.0 (Windows; Microsoft Windows 7 x64 Home Premium Edition Service Pack 1 (Build 7601)) AppleWebKit/536.27.1"
178.154.243.116 - - [24/Apr/2013:22:49:39 +0200] "GET /robots.txt HTTP/1.1" 404 168 "-" "Mozilla/5.0 (compatible; YandexBot/3.0; +http://yandex.com/bots)"
17.154.84.41 - - [24/Apr/2013:22:56:01 +0200] "HEAD /podcasts-out/?podcastname=Best_Of_The_Bets_Show HTTP/1.1" 200 0 "-" "iTMS"
17.154.84.41 - - [24/Apr/2013:22:56:01 +0200] "HEAD /podcasts-out/?podcastname=Best_Of_The_Bets_Show HTTP/1.1" 200 0 "-" "iTMS"
17.154.84.41 - - [24/Apr/2013:22:56:01 +0200] "GET /podcasts-out/?podcastname=Best_Of_The_Bets_Show HTTP/1.1" 200 8834 "-" "iTMS"
17.154.84.38 - - [24/Apr/2013:22:56:02 +0200] "GET /podcasts-out/?podcastname=Best_Of_The_Bets_Show HTTP/1.1" 200 8834 "-" "Jakarta Commons-HttpClient/3.0"
176.27.234.146 - - [24/Apr/2013:23:38:53 +0200] "GET /podcasts-out/?podcastname=Best_Of_The_Bets_Show HTTP/1.1" 200 8834 "-" "iTunes/10.7 Downcast/2.8.2.2001"
17.154.84.42 - - [25/Apr/2013:00:00:57 +0200] "HEAD /podcasts-out/?podcastname=Best_Of_The_Bets_Show HTTP/1.1" 200 0 "-" "iTMS"
17.154.84.39 - - [25/Apr/2013:00:00:57 +0200] "HEAD /podcasts-out/?podcastname=Best_Of_The_Bets_Show HTTP/1.1" 200 0 "-" "iTMS"
17.154.84.39 - - [25/Apr/2013:00:00:57 +0200] "GET /podcasts-out/?podcastname=Best_Of_The_Bets_Show HTTP/1.1" 200 8834 "-" "iTMS"
17.154.84.35 - - [25/Apr/2013:00:00:58 +0200] "GET /podcasts-out/?podcastname=Best_Of_The_Bets_Show HTTP/1.1" 200 8834 "-" "Jakarta Commons-HttpClient/3.0"
17.154.84.40 - - [25/Apr/2013:01:01:25 +0200] "HEAD /podcasts-out/?podcastname=Best_Of_The_Bets_Show HTTP/1.1" 200 0 "-" "iTMS"
17.154.84.40 - - [25/Apr/2013:01:01:26 +0200] "HEAD /podcasts-out/?podcastname=Best_Of_The_Bets_Show HTTP/1.1" 200 0 "-" "iTMS"
17.154.84.40 - - [25/Apr/2013:01:01:26 +0200] "GET /podcasts-out/?podcastname=Best_Of_The_Bets_Show HTTP/1.1" 200 8834 "-" "iTMS"
17.154.84.35 - - [25/Apr/2013:01:01:27 +0200] "GET /podcasts-out/?podcastname=Best_Of_The_Bets_Show HTTP/1.1" 200 8834 "-" "Jakarta Commons-HttpClient/3.0"
17.154.84.39 - - [25/Apr/2013:02:03:06 +0200] "HEAD /podcasts-out/?podcastname=Best_Of_The_Bets_Show HTTP/1.1" 200 0 "-" "iTMS"
17.154.84.41 - - [25/Apr/2013:02:03:06 +0200] "HEAD /podcasts-out/?podcastname=Best_Of_The_Bets_Show HTTP/1.1" 200 0 "-" "iTMS"
17.154.84.40 - - [25/Apr/2013:02:03:07 +0200] "GET /podcasts-out/?podcastname=Best_Of_The_Bets_Show HTTP/1.1" 200 8834 "-" "iTMS"
17.154.84.37 - - [25/Apr/2013:02:03:07 +0200] "GET /podcasts-out/?podcastname=Best_Of_The_Bets_Show HTTP/1.1" 200 8834 "-" "Jakarta Commons-HttpClient/3.0"
188.165.228.9 - - [25/Apr/2013:02:42:29 +0200] "-" 400 0 "-" "-"
188.165.228.9 - - [25/Apr/2013:02:42:29 +0200] "GET / HTTP/1.0" 403 168 "-" "-"
17.154.84.42 - - [25/Apr/2013:03:11:13 +0200] "HEAD /podcasts-out/?podcastname=Best_Of_The_Bets_Show HTTP/1.1" 200 0 "-" "iTMS"
17.154.84.42 - - [25/Apr/2013:03:11:13 +0200] "HEAD /podcasts-out/?podcastname=Best_Of_The_Bets_Show HTTP/1.1" 200 0 "-" "iTMS"
17.154.84.40 - - [25/Apr/2013:03:11:13 +0200] "GET /podcasts-out/?podcastname=Best_Of_The_Bets_Show HTTP/1.1" 200 8834 "-" "iTMS"
17.154.84.35 - - [25/Apr/2013:03:11:14 +0200] "GET /podcasts-out/?podcastname=Best_Of_The_Bets_Show HTTP/1.1" 200 8834 "-" "Jakarta Commons-HttpClient/3.0"
17.154.84.39 - - [25/Apr/2013:04:22:31 +0200] "HEAD /podcasts-out/?podcastname=Best_Of_The_Bets_Show HTTP/1.1" 200 0 "-" "iTMS"
17.154.84.39 - - [25/Apr/2013:04:22:31 +0200] "HEAD /podcasts-out/?podcastname=Best_Of_The_Bets_Show HTTP/1.1" 200 0 "-" "iTMS"
17.154.84.42 - - [25/Apr/2013:04:22:31 +0200] "GET /podcasts-out/?podcastname=Best_Of_The_Bets_Show HTTP/1.1" 200 8834 "-" "iTMS"
17.154.84.37 - - [25/Apr/2013:04:22:32 +0200] "GET /podcasts-out/?podcastname=Best_Of_The_Bets_Show HTTP/1.1" 200 8834 "-" "Jakarta Commons-HttpClient/3.0"
188.165.228.9 - - [25/Apr/2013:04:40:13 +0200] "-" 400 0 "-" "-"
188.165.228.9 - - [25/Apr/2013:04:40:13 +0200] "GET / HTTP/1.0" 403 168 "-" "-"
24.114.26.251 - - [25/Apr/2013:04:52:44 +0200] "GET /podcast.php HTTP/1.1" 301 5 "-" "Podkicker/1.2.4"
24.114.26.251 - - [25/Apr/2013:04:52:45 +0200] "GET /podcasts-out/?podcastname=Best_Of_The_Bets_Show HTTP/1.1" 200 8834 "-" "Podkicker/1.2.4"
17.154.84.42 - - [25/Apr/2013:05:30:36 +0200] "HEAD /podcasts-out/?podcastname=Best_Of_The_Bets_Show HTTP/1.1" 200 0 "-" "iTMS"
17.154.84.42 - - [25/Apr/2013:05:30:36 +0200] "HEAD /podcasts-out/?podcastname=Best_Of_The_Bets_Show HTTP/1.1" 200 0 "-" "iTMS"
17.154.84.42 - - [25/Apr/2013:05:30:36 +0200] "GET /podcasts-out/?podcastname=Best_Of_The_Bets_Show HTTP/1.1" 200 8834 "-" "iTMS"
17.154.84.37 - - [25/Apr/2013:05:30:37 +0200] "GET /podcasts-out/?podcastname=Best_Of_The_Bets_Show HTTP/1.1" 200 8834 "-" "Jakarta Commons-HttpClient/3.0"
213.219.161.154 - - [25/Apr/2013:05:39:12 +0200] "GET /podcast.php HTTP/1.1" 301 5 "-" "iTunes/11.0.2 (Windows; Microsoft Windows 7 x64 Home Premium Edition Service Pack 1 (Build 7601)) AppleWebKit/536.27.1"
213.219.161.154 - - [25/Apr/2013:05:39:12 +0200] "GET /podcasts-out/?podcastname=Best_Of_The_Bets_Show HTTP/1.1" 200 8834 "-" "iTunes/11.0.2 (Windows; Microsoft Windows 7 x64 Home Premium Edition Service Pack 1 (Build 7601)) AppleWebKit/536.27.1"
38.108.87.20 - - [25/Apr/2013:05:53:58 +0200] "GET /podcast.php HTTP/1.1" 301 5 "-" "Podkicker/1.2.4"
38.108.87.20 - - [25/Apr/2013:05:53:58 +0200] "GET /podcasts-out/?podcastname=Best_Of_The_Bets_Show HTTP/1.1" 200 8834 "-" "Podkicker/1.2.4"
5.65.133.85 - - [25/Apr/2013:06:15:48 +0200] "GET /podcasts-out/?podcastname=Best_Of_The_Bets_Show HTTP/1.1" 200 8834 "-" "Podcasts/1.2.1"
17.154.84.41 - - [25/Apr/2013:06:44:30 +0200] "HEAD /podcasts-out/?podcastname=Best_Of_The_Bets_Show HTTP/1.1" 200 0 "-" "iTMS"
17.154.84.40 - - [25/Apr/2013:06:44:31 +0200] "HEAD /podcasts-out/?podcastname=Best_Of_The_Bets_Show HTTP/1.1" 200 0 "-" "iTMS"
17.154.84.42 - - [25/Apr/2013:06:44:31 +0200] "GET /podcasts-out/?podcastname=Best_Of_The_Bets_Show HTTP/1.1" 200 8834 "-" "iTMS"
17.154.84.35 - - [25/Apr/2013:06:44:32 +0200] "GET /podcasts-out/?podcastname=Best_Of_The_Bets_Show HTTP/1.1" 200 8834 "-" "Jakarta Commons-HttpClient/3.0"
92.235.48.164 - - [25/Apr/2013:07:12:58 +0200] "GET /podcasts-out/?podcastname=Best_Of_The_Bets_Show HTTP/1.1" 200 8834 "-" "iTunes/11.0.2 (Windows; Microsoft Windows 7 x64 Home Premium Edition Service Pack 1 (Build 7601)) AppleWebKit/536.27.1"
92.235.48.164 - - [25/Apr/2013:07:18:13 +0200] "GET /podcasts-out/?podcastname=Best_Of_The_Bets_Show HTTP/1.1" 200 8834 "-" "iTunes/11.0.2 (Windows; Microsoft Windows 7 x64 Home Premium Edition Service Pack 1 (Build 7601)) AppleWebKit/536.27.1"
17.154.84.42 - - [25/Apr/2013:07:49:32 +0200] "HEAD /podcasts-out/?podcastname=Best_Of_The_Bets_Show HTTP/1.1" 200 0 "-" "iTMS"
17.154.84.39 - - [25/Apr/2013:07:49:32 +0200] "HEAD /podcasts-out/?podcastname=Best_Of_The_Bets_Show HTTP/1.1" 200 0 "-" "iTMS"
17.154.84.42 - - [25/Apr/2013:07:49:32 +0200] "GET /podcasts-out/?podcastname=Best_Of_The_Bets_Show HTTP/1.1" 200 8834 "-" "iTMS"
17.154.84.35 - - [25/Apr/2013:07:49:33 +0200] "GET /podcasts-out/?podcastname=Best_Of_The_Bets_Show HTTP/1.1" 200 8834 "-" "Jakarta Commons-HttpClient/3.0"
62.232.114.202 - - [25/Apr/2013:07:52:54 +0200] "GET / HTTP/1.1" 403 570 "-" "Mozilla/5.0 (Windows NT 6.2; WOW64) AppleWebKit/537.31 (KHTML, like Gecko) Chrome/26.0.1410.64 Safari/537.31"
62.232.114.202 - - [25/Apr/2013:07:53:09 +0200] "-" 400 0 "-" "-"
62.232.114.202 - - [25/Apr/2013:07:53:11 +0200] "GET /podcast-img-flags/imgrender.php?podcast_id=1&percent_width=10 HTTP/1.1" 302 5 "-" "Mozilla/5.0 (Windows NT 6.2; WOW64) AppleWebKit/537.31 (KHTML, like Gecko) Chrome/26.0.1410.64 Safari/537.31"
62.232.114.202 - - [25/Apr/2013:07:53:11 +0200] "GET /podcast-img-flags/imgrender.php?podcast_id=1&percent_width=20 HTTP/1.1" 302 5 "-" "Mozilla/5.0 (Windows NT 6.2; WOW64) AppleWebKit/537.31 (KHTML, like Gecko) Chrome/26.0.1410.64 Safari/537.31"
62.232.114.202 - - [25/Apr/2013:07:53:21 +0200] "GET /podcast-img-flags/imgrender.php?podcast_id=2&percent_width=10 HTTP/1.1" 302 5 "-" "Mozilla/5.0 (Windows NT 6.2; WOW64) AppleWebKit/537.31 (KHTML, like Gecko) Chrome/26.0.1410.64 Safari/537.31"
62.232.114.202 - - [25/Apr/2013:07:53:24 +0200] "GET /podcasts-out/?podcastname=Best_Of_The_Bets_Show HTTP/1.1" 200 8834 "-" "Mozilla/5.0 (Windows NT 6.2; WOW64) AppleWebKit/537.31 (KHTML, like Gecko) Chrome/26.0.1410.64 Safari/537.31"
62.232.114.202 - - [25/Apr/2013:07:55:04 +0200] "GET /podcasts-out/?podcastname=Best_Of_The_Bets_Show HTTP/1.1" 200 8834 "-" "iTunes/11.0.2 (Windows; Microsoft Windows 8 x64 Home Premium Edition (Build 9200)) AppleWebKit/536.27.1"
62.232.114.202 - - [25/Apr/2013:08:20:51 +0200] "GET /podcasts-out/?podcastname=Best_Of_The_Bets_Show HTTP/1.1" 200 8834 "-" "Mozilla/5.0 (Windows NT 6.2; WOW64) AppleWebKit/537.31 (KHTML, like Gecko) Chrome/26.0.1410.64 Safari/537.31"
62.232.114.202 - - [25/Apr/2013:08:20:53 +0200] "GET /podcasts-out/?podcastname=Best_Of_The_Bets_Show HTTP/1.1" 200 8834 "-" "Mozilla/5.0 (Windows NT 6.2; WOW64) AppleWebKit/537.31 (KHTML, like Gecko) Chrome/26.0.1410.64 Safari/537.31"
62.232.114.202 - - [25/Apr/2013:08:20:59 +0200] "GET / HTTP/1.1" 403 570 "-" "Mozilla/5.0 (Windows NT 6.2; WOW64) AppleWebKit/537.31 (KHTML, like Gecko) Chrome/26.0.1410.64 Safari/537.31"
62.232.114.202 - - [25/Apr/2013:08:21:04 +0200] "-" 400 0 "-" "-"
62.232.114.202 - - [25/Apr/2013:08:21:26 +0200] "GET /podcast-img-flags/imgrender.php?podcast_id=1&percent_width=10 HTTP/1.1" 302 5 "-" "Mozilla/5.0 (Windows NT 6.2; WOW64) AppleWebKit/537.31 (KHTML, like Gecko) Chrome/26.0.1410.64 Safari/537.31"
62.232.114.202 - - [25/Apr/2013:08:21:26 +0200] "GET /podcast-img-flags/imgrender.php?podcast_id=1&percent_width=20 HTTP/1.1" 302 5 "-" "Mozilla/5.0 (Windows NT 6.2; WOW64) AppleWebKit/537.31 (KHTML, like Gecko) Chrome/26.0.1410.64 Safari/537.31"
206.45.184.219 - - [25/Apr/2013:08:30:47 +0200] "GET /podcast.php HTTP/1.1" 301 5 "-" "Podkicker/1.2.4"
206.45.184.219 - - [25/Apr/2013:08:30:47 +0200] "GET /podcasts-out/?podcastname=Best_Of_The_Bets_Show HTTP/1.1" 200 8834 "-" "Podkicker/1.2.4"
17.154.84.40 - - [25/Apr/2013:09:00:42 +0200] "HEAD /podcasts-out/?podcastname=Best_Of_The_Bets_Show HTTP/1.1" 200 0 "-" "iTMS"
17.154.84.42 - - [25/Apr/2013:09:00:42 +0200] "HEAD /podcasts-out/?podcastname=Best_Of_The_Bets_Show HTTP/1.1" 200 0 "-" "iTMS"
17.154.84.42 - - [25/Apr/2013:09:00:42 +0200] "GET /podcasts-out/?podcastname=Best_Of_The_Bets_Show HTTP/1.1" 200 8834 "-" "iTMS"
17.154.84.36 - - [25/Apr/2013:09:00:43 +0200] "GET /podcasts-out/?podcastname=Best_Of_The_Bets_Show HTTP/1.1" 200 8834 "-" "Jakarta Commons-HttpClient/3.0"
69.162.139.200 - - [25/Apr/2013:09:03:26 +0200] "GET /podcast.php HTTP/1.0" 301 0 "-" "Mozilla/5.0 (Windows; U; Windows NT 5.0; en-US; rv:1.8.2.7) Gecko/20071228 Firefox/2.0.1.4"
